#! /usr/bin/vvp
:ivl_version "11.0 (stable)";
:ivl_delay_selection "TYPICAL";
:vpi_time_precision - 12;
:vpi_module "/usr/lib/x86_64-linux-gnu/ivl/system.vpi";
:vpi_module "/usr/lib/x86_64-linux-gnu/ivl/vhdl_sys.vpi";
:vpi_module "/usr/lib/x86_64-linux-gnu/ivl/vhdl_textio.vpi";
:vpi_module "/usr/lib/x86_64-linux-gnu/ivl/v2005_math.vpi";
:vpi_module "/usr/lib/x86_64-linux-gnu/ivl/va_math.vpi";
S_0x55fa6ebc1d90 .scope module, "dmem" "dmem" 2 3;
 .timescale -9 -12;
    .port_info 0 /INPUT 1 "clk";
    .port_info 1 /INPUT 1 "we";
    .port_info 2 /INPUT 32 "addr";
    .port_info 3 /INPUT 32 "wd";
    .port_info 4 /OUTPUT 32 "rd";
P_0x55fa6ebe5fe0 .param/l "ADDR_BITS" 1 2 13, +C4<00000000000000000000000000001000>;
P_0x55fa6ebe6020 .param/l "MEM_DEPTH" 0 2 4, +C4<00000000000000000000000100000000>;
L_0x55fa6ec0e400 .functor BUFZ 32, L_0x55fa6ec0e1c0, C4<00000000000000000000000000000000>, C4<00000000000000000000000000000000>, C4<00000000000000000000000000000000>;
v0x55fa6ebc1ff0 .array "RAM", 255 0, 31 0;
v0x55fa6ebc2090_0 .net *"_ivl_2", 31 0, L_0x55fa6ec0e1c0;  1 drivers
v0x55fa6ec0d930_0 .net *"_ivl_4", 9 0, L_0x55fa6ec0e2c0;  1 drivers
L_0x7fada1575018 .functor BUFT 1, C4<00>, C4<0>, C4<0>, C4<0>;
v0x55fa6ec0da20_0 .net *"_ivl_7", 1 0, L_0x7fada1575018;  1 drivers
o0x7fada15be0a8 .functor BUFZ 32, C4<zzzzzzzzzzzzzzzzzzzzzzzzzzzzzzzz>; HiZ drive
v0x55fa6ec0db00_0 .net "addr", 31 0, o0x7fada15be0a8;  0 drivers
o0x7fada15be0d8 .functor BUFZ 1, C4<z>; HiZ drive
v0x55fa6ec0dc30_0 .net "clk", 0 0, o0x7fada15be0d8;  0 drivers
v0x55fa6ec0dcf0_0 .net "rd", 31 0, L_0x55fa6ec0e400;  1 drivers
o0x7fada15be138 .functor BUFZ 32, C4<zzzzzzzzzzzzzzzzzzzzzzzzzzzzzzzz>; HiZ drive
v0x55fa6ec0ddd0_0 .net "wd", 31 0, o0x7fada15be138;  0 drivers
o0x7fada15be168 .functor BUFZ 1, C4<z>; HiZ drive
v0x55fa6ec0deb0_0 .net "we", 0 0, o0x7fada15be168;  0 drivers
v0x55fa6ec0df70_0 .net "word_index", 7 0, L_0x55fa6ec0e0f0;  1 drivers
E_0x55fa6ebfc990 .event posedge, v0x55fa6ec0dc30_0;
L_0x55fa6ec0e0f0 .part o0x7fada15be0a8, 2, 8;
L_0x55fa6ec0e1c0 .array/port v0x55fa6ebc1ff0, L_0x55fa6ec0e2c0;
L_0x55fa6ec0e2c0 .concat [ 8 2 0 0], L_0x55fa6ec0e0f0, L_0x7fada1575018;
    .scope S_0x55fa6ebc1d90;
T_0 ;
    %wait E_0x55fa6ebfc990;
    %load/vec4 v0x55fa6ec0deb0_0;
    %flag_set/vec4 8;
    %jmp/0xz  T_0.0, 8;
    %load/vec4 v0x55fa6ec0ddd0_0;
    %load/vec4 v0x55fa6ec0df70_0;
    %pad/u 10;
    %ix/vec4 3;
    %ix/load 4, 0, 0; Constant delay
    %assign/vec4/a/d v0x55fa6ebc1ff0, 0, 4;
T_0.0 ;
    %jmp T_0;
    .thread T_0;
# The file index is used to find the file name in the following table.
:file_names 3;
    "N/A";
    "<interactive>";
    "/home/mistryu/Documents/TUM/DHL/vivado/Final_project/RISCV/src/dmem.v";
