#! /usr/bin/vvp
:ivl_version "11.0 (stable)";
:ivl_delay_selection "TYPICAL";
:vpi_time_precision - 12;
:vpi_module "/usr/lib/x86_64-linux-gnu/ivl/system.vpi";
:vpi_module "/usr/lib/x86_64-linux-gnu/ivl/vhdl_sys.vpi";
:vpi_module "/usr/lib/x86_64-linux-gnu/ivl/vhdl_textio.vpi";
:vpi_module "/usr/lib/x86_64-linux-gnu/ivl/v2005_math.vpi";
:vpi_module "/usr/lib/x86_64-linux-gnu/ivl/va_math.vpi";
S_0x55aa81fc39f0 .scope module, "rv_pl" "rv_pl" 2 13;
 .timescale -9 -12;
    .port_info 0 /INPUT 1 "clk";
    .port_info 1 /INPUT 1 "rst_n";
    .port_info 2 /OUTPUT 1 "imem_clk";
    .port_info 3 /OUTPUT 1 "imem_enb";
    .port_info 4 /OUTPUT 1 "imem_rstn";
    .port_info 5 /OUTPUT 4 "imem_web";
    .port_info 6 /OUTPUT 32 "imem_addr";
    .port_info 7 /OUTPUT 32 "imem_wd";
    .port_info 8 /INPUT 32 "imem_rd";
    .port_info 9 /OUTPUT 1 "dmem_clk";
    .port_info 10 /OUTPUT 1 "dmem_rstn";
    .port_info 11 /OUTPUT 1 "dmem_enb";
    .port_info 12 /OUTPUT 4 "dmem_web";
    .port_info 13 /OUTPUT 32 "dmem_addr";
    .port_info 14 /OUTPUT 32 "dmem_wd";
    .port_info 15 /INPUT 32 "dmem_rd";
o0x7ff062e5d8b8 .functor BUFZ 32, C4<zzzzzzzzzzzzzzzzzzzzzzzzzzzzzzzz>; HiZ drive
L_0x55aa81ff2940 .functor BUFZ 32, o0x7ff062e5d8b8, C4<00000000000000000000000000000000>, C4<00000000000000000000000000000000>, C4<00000000000000000000000000000000>;
o0x7ff062e5ae88 .functor BUFZ 1, C4<z>; HiZ drive
L_0x55aa81fd4e90 .functor BUFZ 1, o0x7ff062e5ae88, C4<0>, C4<0>, C4<0>;
o0x7ff062e5afd8 .functor BUFZ 1, C4<z>; HiZ drive
L_0x55aa81ff1640 .functor BUFZ 1, o0x7ff062e5afd8, C4<0>, C4<0>, C4<0>;
L_0x55aa81fefa00 .functor BUFZ 32, v0x55aa8200cd60_0, C4<00000000000000000000000000000000>, C4<00000000000000000000000000000000>, C4<00000000000000000000000000000000>;
o0x7ff062e5d6d8 .functor BUFZ 32, C4<zzzzzzzzzzzzzzzzzzzzzzzzzzzzzzzz>; HiZ drive
L_0x55aa81fe0790 .functor BUFZ 32, o0x7ff062e5d6d8, C4<00000000000000000000000000000000>, C4<00000000000000000000000000000000>, C4<00000000000000000000000000000000>;
L_0x55aa8202a970 .functor BUFZ 1, o0x7ff062e5ae88, C4<0>, C4<0>, C4<0>;
L_0x55aa8202aa20 .functor BUFZ 1, o0x7ff062e5afd8, C4<0>, C4<0>, C4<0>;
L_0x55aa8202c810 .functor AND 1, L_0x55aa8202cee0, v0x55aa8200c0f0_0, C4<1>, C4<1>;
L_0x55aa8202c180 .functor AND 1, L_0x55aa8202d0c0, v0x55aa8200d950_0, C4<1>, C4<1>;
L_0x55aa8202f8b0 .functor AND 1, v0x55aa8200a360_0, L_0x55aa8202f770, C4<1>, C4<1>;
L_0x55aa8202fac0 .functor AND 1, v0x55aa8200bf80_0, v0x55aa8200efc0_0, C4<1>, C4<1>;
L_0x55aa8202fdc0 .functor AND 1, L_0x55aa8202fac0, L_0x55aa8202fd20, C4<1>, C4<1>;
L_0x55aa82030100 .functor AND 1, L_0x55aa8202fdc0, L_0x55aa8202fef0, C4<1>, C4<1>;
L_0x55aa82030350 .functor OR 1, L_0x55aa8202f8b0, v0x55aa8200a9f0_0, C4<0>, C4<0>;
L_0x7ff0629d5018 .functor BUFT 1, C4<00000000000000000000000000000100>, C4<0>, C4<0>, C4<0>;
v0x55aa82011760_0 .net/2u *"_ivl_0", 31 0, L_0x7ff0629d5018;  1 drivers
v0x55aa82011860_0 .net *"_ivl_10", 29 0, L_0x55aa8202a030;  1 drivers
v0x55aa82011940_0 .net *"_ivl_100", 31 0, L_0x55aa8202d860;  1 drivers
L_0x7ff0629d5768 .functor BUFT 1, C4<00>, C4<0>, C4<0>, C4<0>;
v0x55aa82011a00_0 .net/2u *"_ivl_104", 1 0, L_0x7ff0629d5768;  1 drivers
v0x55aa82011ae0_0 .net *"_ivl_106", 0 0, L_0x55aa8202dc40;  1 drivers
L_0x7ff0629d57b0 .functor BUFT 1, C4<01>, C4<0>, C4<0>, C4<0>;
v0x55aa82011ba0_0 .net/2u *"_ivl_108", 1 0, L_0x7ff0629d57b0;  1 drivers
v0x55aa82011c80_0 .net *"_ivl_110", 0 0, L_0x55aa8202ddc0;  1 drivers
L_0x7ff0629d57f8 .functor BUFT 1, C4<10>, C4<0>, C4<0>, C4<0>;
v0x55aa82011d40_0 .net/2u *"_ivl_112", 1 0, L_0x7ff0629d57f8;  1 drivers
v0x55aa82011e20_0 .net *"_ivl_114", 0 0, L_0x55aa8202deb0;  1 drivers
v0x55aa82011f70_0 .net *"_ivl_116", 31 0, L_0x55aa8202e090;  1 drivers
v0x55aa82012050_0 .net *"_ivl_118", 31 0, L_0x55aa8202e180;  1 drivers
L_0x7ff0629d50f0 .functor BUFT 1, C4<00>, C4<0>, C4<0>, C4<0>;
v0x55aa82012130_0 .net *"_ivl_12", 1 0, L_0x7ff0629d50f0;  1 drivers
L_0x7ff0629d5840 .functor BUFT 1, C4<10>, C4<0>, C4<0>, C4<0>;
v0x55aa82012210_0 .net/2u *"_ivl_122", 1 0, L_0x7ff0629d5840;  1 drivers
v0x55aa820122f0_0 .net *"_ivl_124", 0 0, L_0x55aa8202e500;  1 drivers
L_0x7ff0629d5888 .functor BUFT 1, C4<01>, C4<0>, C4<0>, C4<0>;
v0x55aa820123b0_0 .net/2u *"_ivl_126", 1 0, L_0x7ff0629d5888;  1 drivers
v0x55aa82012490_0 .net *"_ivl_128", 0 0, L_0x55aa8202e750;  1 drivers
v0x55aa82012550_0 .net *"_ivl_130", 31 0, L_0x55aa8202e840;  1 drivers
L_0x7ff0629d58d0 .functor BUFT 1, C4<10>, C4<0>, C4<0>, C4<0>;
v0x55aa82012630_0 .net/2u *"_ivl_134", 1 0, L_0x7ff0629d58d0;  1 drivers
v0x55aa82012710_0 .net *"_ivl_136", 0 0, L_0x55aa8202ec80;  1 drivers
L_0x7ff0629d5918 .functor BUFT 1, C4<01>, C4<0>, C4<0>, C4<0>;
v0x55aa820127d0_0 .net/2u *"_ivl_138", 1 0, L_0x7ff0629d5918;  1 drivers
v0x55aa820128b0_0 .net *"_ivl_140", 0 0, L_0x55aa8202e8e0;  1 drivers
v0x55aa82012970_0 .net *"_ivl_142", 31 0, L_0x55aa8202eef0;  1 drivers
v0x55aa82012a50_0 .net *"_ivl_155", 0 0, L_0x55aa8202fac0;  1 drivers
L_0x7ff0629d59a8 .functor BUFT 1, C4<00000>, C4<0>, C4<0>, C4<0>;
v0x55aa82012b10_0 .net/2u *"_ivl_156", 4 0, L_0x7ff0629d59a8;  1 drivers
v0x55aa82012bf0_0 .net *"_ivl_158", 0 0, L_0x55aa8202fd20;  1 drivers
v0x55aa82012cb0_0 .net *"_ivl_161", 0 0, L_0x55aa8202fdc0;  1 drivers
v0x55aa82012d70_0 .net *"_ivl_162", 0 0, L_0x55aa8202fef0;  1 drivers
v0x55aa82012e30_0 .net *"_ivl_165", 0 0, L_0x55aa82030100;  1 drivers
v0x55aa82012ef0_0 .net *"_ivl_169", 0 0, L_0x55aa82030350;  1 drivers
L_0x7ff0629d5180 .functor BUFT 1, C4<1>, C4<0>, C4<0>, C4<0>;
v0x55aa82012fb0_0 .net/2u *"_ivl_22", 0 0, L_0x7ff0629d5180;  1 drivers
L_0x7ff0629d51c8 .functor BUFT 1, C4<0>, C4<0>, C4<0>, C4<0>;
v0x55aa82013090_0 .net/2u *"_ivl_24", 0 0, L_0x7ff0629d51c8;  1 drivers
L_0x7ff0629d5210 .functor BUFT 1, C4<1111>, C4<0>, C4<0>, C4<0>;
v0x55aa82013170_0 .net/2u *"_ivl_28", 3 0, L_0x7ff0629d5210;  1 drivers
L_0x7ff0629d5258 .functor BUFT 1, C4<0000>, C4<0>, C4<0>, C4<0>;
v0x55aa82013250_0 .net/2u *"_ivl_30", 3 0, L_0x7ff0629d5258;  1 drivers
v0x55aa82013540_0 .net *"_ivl_36", 29 0, L_0x55aa8202a680;  1 drivers
L_0x7ff0629d52a0 .functor BUFT 1, C4<00>, C4<0>, C4<0>, C4<0>;
v0x55aa82013620_0 .net *"_ivl_38", 1 0, L_0x7ff0629d52a0;  1 drivers
L_0x7ff0629d5528 .functor BUFT 1, C4<00>, C4<0>, C4<0>, C4<0>;
v0x55aa82013700_0 .net/2u *"_ivl_54", 1 0, L_0x7ff0629d5528;  1 drivers
v0x55aa820137e0_0 .net *"_ivl_56", 0 0, L_0x55aa8202c5e0;  1 drivers
L_0x7ff0629d5570 .functor BUFT 1, C4<01>, C4<0>, C4<0>, C4<0>;
v0x55aa820138a0_0 .net/2u *"_ivl_58", 1 0, L_0x7ff0629d5570;  1 drivers
v0x55aa82013980_0 .net *"_ivl_60", 0 0, L_0x55aa8202c720;  1 drivers
L_0x7ff0629d55b8 .functor BUFT 1, C4<10>, C4<0>, C4<0>, C4<0>;
v0x55aa82013a40_0 .net/2u *"_ivl_62", 1 0, L_0x7ff0629d55b8;  1 drivers
v0x55aa82013b20_0 .net *"_ivl_64", 0 0, L_0x55aa8202c880;  1 drivers
v0x55aa82013be0_0 .net *"_ivl_66", 31 0, L_0x55aa8202c920;  1 drivers
v0x55aa82013cc0_0 .net *"_ivl_68", 31 0, L_0x55aa8202cb30;  1 drivers
L_0x7ff0629d5600 .functor BUFT 1, C4<01>, C4<0>, C4<0>, C4<0>;
v0x55aa82013da0_0 .net/2u *"_ivl_72", 1 0, L_0x7ff0629d5600;  1 drivers
v0x55aa82013e80_0 .net *"_ivl_74", 0 0, L_0x55aa8202cee0;  1 drivers
L_0x7ff0629d5648 .functor BUFT 1, C4<01>, C4<0>, C4<0>, C4<0>;
v0x55aa82013f40_0 .net/2u *"_ivl_78", 1 0, L_0x7ff0629d5648;  1 drivers
v0x55aa82014020_0 .net *"_ivl_80", 0 0, L_0x55aa8202d0c0;  1 drivers
L_0x7ff0629d5690 .functor BUFT 1, C4<00>, C4<0>, C4<0>, C4<0>;
v0x55aa820140e0_0 .net/2u *"_ivl_86", 1 0, L_0x7ff0629d5690;  1 drivers
v0x55aa820141c0_0 .net *"_ivl_88", 0 0, L_0x55aa8202d390;  1 drivers
L_0x7ff0629d56d8 .functor BUFT 1, C4<10>, C4<0>, C4<0>, C4<0>;
v0x55aa82014280_0 .net/2u *"_ivl_90", 1 0, L_0x7ff0629d56d8;  1 drivers
v0x55aa82014360_0 .net *"_ivl_92", 0 0, L_0x55aa8202d1b0;  1 drivers
L_0x7ff0629d5720 .functor BUFT 1, C4<11>, C4<0>, C4<0>, C4<0>;
v0x55aa82014420_0 .net/2u *"_ivl_94", 1 0, L_0x7ff0629d5720;  1 drivers
v0x55aa82014500_0 .net *"_ivl_96", 0 0, L_0x55aa8202d5c0;  1 drivers
v0x55aa820145c0_0 .net *"_ivl_98", 31 0, L_0x55aa8202d770;  1 drivers
v0x55aa820146a0_0 .net "alu_in1", 31 0, L_0x55aa8202f2b0;  1 drivers
v0x55aa82014760_0 .net "alu_in2", 31 0, L_0x55aa8202f5e0;  1 drivers
v0x55aa82014800_0 .net "clk", 0 0, o0x7ff062e5ae88;  0 drivers
v0x55aa820148a0_0 .net "d_alu_ctrl", 3 0, v0x55aa81f55280_0;  1 drivers
v0x55aa82014940_0 .net "d_branch", 0 0, v0x55aa82006650_0;  1 drivers
v0x55aa82014a30_0 .net "d_ext", 31 0, v0x55aa82007670_0;  1 drivers
v0x55aa82014b40_0 .net "d_instr", 31 0, v0x55aa82009490_0;  1 drivers
v0x55aa82014c00_0 .net "d_jump", 0 0, v0x55aa820069e0_0;  1 drivers
v0x55aa82014ca0_0 .net "d_pc", 31 0, v0x55aa820096d0_0;  1 drivers
v0x55aa82014db0_0 .net "d_pc_p4", 31 0, v0x55aa82009890_0;  1 drivers
v0x55aa82014ec0_0 .net "d_rd", 4 0, L_0x55aa8202ad40;  1 drivers
v0x55aa82015390_0 .net "d_rs1", 4 0, L_0x55aa8202aa90;  1 drivers
v0x55aa82015430_0 .net "d_rs2", 4 0, L_0x55aa8202ac10;  1 drivers
v0x55aa820154f0_0 .net "d_sel_alu_src_a", 0 0, v0x55aa82006b80_0;  1 drivers
v0x55aa820155e0_0 .net "d_sel_alu_src_b", 0 0, v0x55aa82006c40_0;  1 drivers
v0x55aa820156d0_0 .net "d_sel_ext", 2 0, v0x55aa82006d00_0;  1 drivers
v0x55aa820157e0_0 .net "d_sel_result", 1 0, v0x55aa82006de0_0;  1 drivers
v0x55aa820158f0_0 .net "d_uses_rs2", 0 0, v0x55aa82006ec0_0;  1 drivers
v0x55aa820159e0_0 .net "d_we_dm", 0 0, v0x55aa82006f80_0;  1 drivers
v0x55aa82015ad0_0 .net "d_we_rf", 0 0, v0x55aa82007040_0;  1 drivers
v0x55aa82015bc0_0 .net "dm_rd", 31 0, L_0x55aa81fe0790;  1 drivers
v0x55aa82015c80_0 .net "dmem_addr", 31 0, L_0x55aa8202a760;  1 drivers
v0x55aa82015d40_0 .net "dmem_clk", 0 0, L_0x55aa8202a970;  1 drivers
v0x55aa82015e00_0 .net "dmem_enb", 0 0, L_0x55aa8202a3a0;  1 drivers
v0x55aa82015ec0_0 .net "dmem_rd", 31 0, o0x7ff062e5d6d8;  0 drivers
v0x55aa82015fa0_0 .net "dmem_rstn", 0 0, L_0x55aa8202aa20;  1 drivers
v0x55aa82016060_0 .net "dmem_wd", 31 0, L_0x55aa81fefa00;  1 drivers
v0x55aa82016140_0 .net "dmem_web", 3 0, L_0x55aa8202a590;  1 drivers
v0x55aa82016220_0 .net "e_alu_ctrl", 3 0, v0x55aa8200a1c0_0;  1 drivers
v0x55aa82016330_0 .net "e_alu_o", 31 0, v0x55aa81fe08b0_0;  1 drivers
v0x55aa82016440_0 .net "e_branch", 0 0, v0x55aa8200a360_0;  1 drivers
v0x55aa820164e0_0 .net "e_branch_taken", 0 0, L_0x55aa8202f8b0;  1 drivers
v0x55aa82016580_0 .net "e_dm_wd", 31 0, L_0x55aa82030210;  1 drivers
v0x55aa82016620_0 .net "e_ext", 31 0, v0x55aa8200a690_0;  1 drivers
v0x55aa82016710_0 .net "e_instr", 31 0, v0x55aa8200a860_0;  1 drivers
v0x55aa82016800_0 .net "e_is_load", 0 0, L_0x55aa8202c810;  1 drivers
v0x55aa820168a0_0 .net "e_jump", 0 0, v0x55aa8200a9f0_0;  1 drivers
v0x55aa82016990_0 .net "e_pc", 31 0, v0x55aa8200ab90_0;  1 drivers
v0x55aa82016a30_0 .net "e_pc_p4", 31 0, v0x55aa8200ad20_0;  1 drivers
v0x55aa82016b20_0 .net "e_rd", 4 0, v0x55aa8200b350_0;  1 drivers
v0x55aa82016be0_0 .net "e_rd1", 31 0, v0x55aa8200afd0_0;  1 drivers
v0x55aa82016ca0_0 .net "e_rd2", 31 0, v0x55aa8200b190_0;  1 drivers
v0x55aa82016d40_0 .net "e_rs1", 4 0, v0x55aa8200b510_0;  1 drivers
v0x55aa82016e30_0 .net "e_rs2", 4 0, v0x55aa8200b6b0_0;  1 drivers
v0x55aa82016f40_0 .net "e_sel_alu_src_a", 0 0, v0x55aa8200b920_0;  1 drivers
v0x55aa82016fe0_0 .net "e_sel_alu_src_b", 0 0, v0x55aa8200ba90_0;  1 drivers
v0x55aa82017080_0 .net "e_sel_result", 1 0, v0x55aa8200bc00_0;  1 drivers
v0x55aa82017170_0 .net "e_target_pc", 31 0, L_0x55aa8202fa20;  1 drivers
v0x55aa82017230_0 .net "e_we_dm", 0 0, v0x55aa8200bf80_0;  1 drivers
v0x55aa82017320_0 .net "e_we_rf", 0 0, v0x55aa8200c0f0_0;  1 drivers
v0x55aa82017410_0 .net "e_zero", 0 0, L_0x55aa8202f770;  1 drivers
v0x55aa820174b0_0 .net "flush_plr1", 0 0, v0x55aa82008360_0;  1 drivers
v0x55aa820175a0_0 .net "flush_plr2", 0 0, v0x55aa820084b0_0;  1 drivers
v0x55aa82017690_0 .net "forward_a", 1 0, v0x55aa82008570_0;  1 drivers
v0x55aa82017730_0 .net "forward_b", 1 0, v0x55aa82008650_0;  1 drivers
v0x55aa820177d0_0 .net "fwd_a_val", 31 0, L_0x55aa8202eaf0;  1 drivers
v0x55aa82017890_0 .net "fwd_b_val", 31 0, L_0x55aa8202f170;  1 drivers
v0x55aa82017970_0 .net "imem_addr", 31 0, L_0x55aa8202a130;  1 drivers
v0x55aa82017a50_0 .net "imem_clk", 0 0, L_0x55aa81fd4e90;  1 drivers
L_0x7ff0629d5060 .functor BUFT 1, C4<1>, C4<0>, C4<0>, C4<0>;
v0x55aa82017b10_0 .net "imem_enb", 0 0, L_0x7ff0629d5060;  1 drivers
v0x55aa82017bd0_0 .net "imem_rd", 31 0, o0x7ff062e5d8b8;  0 drivers
v0x55aa82017cb0_0 .net "imem_rstn", 0 0, L_0x55aa81ff1640;  1 drivers
L_0x7ff0629d5138 .functor BUFT 1, C4<00000000000000000000000000000000>, C4<0>, C4<0>, C4<0>;
v0x55aa82017d70_0 .net "imem_wd", 31 0, L_0x7ff0629d5138;  1 drivers
L_0x7ff0629d50a8 .functor BUFT 1, C4<0000>, C4<0>, C4<0>, C4<0>;
v0x55aa82017e50_0 .net "imem_web", 3 0, L_0x7ff0629d50a8;  1 drivers
v0x55aa82017f30_0 .net "instr_f", 31 0, L_0x55aa81ff2940;  1 drivers
v0x55aa82017ff0_0 .net "m_alu_o", 31 0, v0x55aa8200cac0_0;  1 drivers
v0x55aa820180e0_0 .net "m_dm_wd", 31 0, v0x55aa8200cd60_0;  1 drivers
v0x55aa820181a0_0 .net "m_ext", 31 0, v0x55aa8200cf50_0;  1 drivers
v0x55aa82018290_0 .net "m_forward", 31 0, L_0x55aa8202da70;  1 drivers
v0x55aa82018370_0 .net "m_instr", 31 0, v0x55aa8200d0d0_0;  1 drivers
v0x55aa82018480_0 .net "m_is_load", 0 0, L_0x55aa8202c180;  1 drivers
v0x55aa82018520_0 .net "m_pc_p4", 31 0, v0x55aa8200d280_0;  1 drivers
v0x55aa82018610_0 .net "m_rd", 4 0, v0x55aa8200d400_0;  1 drivers
v0x55aa820186d0_0 .net "m_sel_result", 1 0, v0x55aa8200d650_0;  1 drivers
v0x55aa820187e0_0 .net "m_we_dm", 0 0, v0x55aa8200d7e0_0;  1 drivers
v0x55aa82019090_0 .net "m_we_rf", 0 0, v0x55aa8200d950_0;  1 drivers
v0x55aa82019130_0 .var "pc", 31 0;
v0x55aa820191d0_0 .net "pc_next", 31 0, L_0x55aa820303c0;  1 drivers
v0x55aa82019270_0 .net "pc_p4", 31 0, L_0x55aa82029e80;  1 drivers
v0x55aa82019310_0 .net "rf_rd1", 31 0, L_0x55aa8202b870;  1 drivers
v0x55aa82019400_0 .net "rf_rd2", 31 0, L_0x55aa8202c3d0;  1 drivers
v0x55aa820194f0_0 .net "rst_n", 0 0, o0x7ff062e5afd8;  0 drivers
v0x55aa82019590_0 .net "stall", 0 0, v0x55aa82008a50_0;  1 drivers
v0x55aa82019630_0 .net "w_alu_o", 31 0, v0x55aa8200e1b0_0;  1 drivers
v0x55aa820196d0_0 .net "w_dm_rd", 31 0, v0x55aa8200e400_0;  1 drivers
v0x55aa82019770_0 .net "w_ext", 31 0, v0x55aa8200e5f0_0;  1 drivers
v0x55aa82019810_0 .net "w_instr", 31 0, v0x55aa8200e7a0_0;  1 drivers
v0x55aa820198b0_0 .net "w_pc_p4", 31 0, v0x55aa8200e950_0;  1 drivers
v0x55aa82019950_0 .net "w_rd", 4 0, v0x55aa8200ead0_0;  1 drivers
v0x55aa820199f0_0 .net "w_result", 31 0, L_0x55aa8202e3c0;  1 drivers
v0x55aa82019a90_0 .net "w_sel_result", 1 0, v0x55aa8200ed00_0;  1 drivers
v0x55aa82019b30_0 .net "w_we_rf", 0 0, v0x55aa8200efc0_0;  1 drivers
L_0x55aa82029e80 .arith/sum 32, v0x55aa82019130_0, L_0x7ff0629d5018;
L_0x55aa8202a030 .part v0x55aa82019130_0, 0, 30;
L_0x55aa8202a130 .concat [ 2 30 0 0], L_0x7ff0629d50f0, L_0x55aa8202a030;
L_0x55aa8202a3a0 .functor MUXZ 1, L_0x7ff0629d51c8, L_0x7ff0629d5180, v0x55aa8200d7e0_0, C4<>;
L_0x55aa8202a590 .functor MUXZ 4, L_0x7ff0629d5258, L_0x7ff0629d5210, v0x55aa8200d7e0_0, C4<>;
L_0x55aa8202a680 .part v0x55aa8200cac0_0, 0, 30;
L_0x55aa8202a760 .concat [ 2 30 0 0], L_0x7ff0629d52a0, L_0x55aa8202a680;
L_0x55aa8202aa90 .part v0x55aa82009490_0, 15, 5;
L_0x55aa8202ac10 .part v0x55aa82009490_0, 20, 5;
L_0x55aa8202ad40 .part v0x55aa82009490_0, 7, 5;
L_0x55aa8202c5e0 .cmp/eq 2, v0x55aa8200ed00_0, L_0x7ff0629d5528;
L_0x55aa8202c720 .cmp/eq 2, v0x55aa8200ed00_0, L_0x7ff0629d5570;
L_0x55aa8202c880 .cmp/eq 2, v0x55aa8200ed00_0, L_0x7ff0629d55b8;
L_0x55aa8202c920 .functor MUXZ 32, v0x55aa8200e5f0_0, v0x55aa8200e950_0, L_0x55aa8202c880, C4<>;
L_0x55aa8202cb30 .functor MUXZ 32, L_0x55aa8202c920, v0x55aa8200e400_0, L_0x55aa8202c720, C4<>;
L_0x55aa8202ccc0 .functor MUXZ 32, L_0x55aa8202cb30, v0x55aa8200e1b0_0, L_0x55aa8202c5e0, C4<>;
L_0x55aa8202cee0 .cmp/eq 2, v0x55aa8200bc00_0, L_0x7ff0629d5600;
L_0x55aa8202d0c0 .cmp/eq 2, v0x55aa8200d650_0, L_0x7ff0629d5648;
L_0x55aa8202d2f0 .reduce/nor v0x55aa82008a50_0;
L_0x55aa8202d390 .cmp/eq 2, v0x55aa8200d650_0, L_0x7ff0629d5690;
L_0x55aa8202d1b0 .cmp/eq 2, v0x55aa8200d650_0, L_0x7ff0629d56d8;
L_0x55aa8202d5c0 .cmp/eq 2, v0x55aa8200d650_0, L_0x7ff0629d5720;
L_0x55aa8202d770 .functor MUXZ 32, L_0x55aa81fe0790, v0x55aa8200cf50_0, L_0x55aa8202d5c0, C4<>;
L_0x55aa8202d860 .functor MUXZ 32, L_0x55aa8202d770, v0x55aa8200d280_0, L_0x55aa8202d1b0, C4<>;
L_0x55aa8202da70 .functor MUXZ 32, L_0x55aa8202d860, v0x55aa8200cac0_0, L_0x55aa8202d390, C4<>;
L_0x55aa8202dc40 .cmp/eq 2, v0x55aa8200ed00_0, L_0x7ff0629d5768;
L_0x55aa8202ddc0 .cmp/eq 2, v0x55aa8200ed00_0, L_0x7ff0629d57b0;
L_0x55aa8202deb0 .cmp/eq 2, v0x55aa8200ed00_0, L_0x7ff0629d57f8;
L_0x55aa8202e090 .functor MUXZ 32, v0x55aa8200e5f0_0, v0x55aa8200e950_0, L_0x55aa8202deb0, C4<>;
L_0x55aa8202e180 .functor MUXZ 32, L_0x55aa8202e090, v0x55aa8200e400_0, L_0x55aa8202ddc0, C4<>;
L_0x55aa8202e3c0 .functor MUXZ 32, L_0x55aa8202e180, v0x55aa8200e1b0_0, L_0x55aa8202dc40, C4<>;
L_0x55aa8202e500 .cmp/eq 2, v0x55aa82008570_0, L_0x7ff0629d5840;
L_0x55aa8202e750 .cmp/eq 2, v0x55aa82008570_0, L_0x7ff0629d5888;
L_0x55aa8202e840 .functor MUXZ 32, v0x55aa8200afd0_0, L_0x55aa8202e3c0, L_0x55aa8202e750, C4<>;
L_0x55aa8202eaf0 .functor MUXZ 32, L_0x55aa8202e840, L_0x55aa8202da70, L_0x55aa8202e500, C4<>;
L_0x55aa8202ec80 .cmp/eq 2, v0x55aa82008650_0, L_0x7ff0629d58d0;
L_0x55aa8202e8e0 .cmp/eq 2, v0x55aa82008650_0, L_0x7ff0629d5918;
L_0x55aa8202eef0 .functor MUXZ 32, v0x55aa8200b190_0, L_0x55aa8202e3c0, L_0x55aa8202e8e0, C4<>;
L_0x55aa8202f170 .functor MUXZ 32, L_0x55aa8202eef0, L_0x55aa8202da70, L_0x55aa8202ec80, C4<>;
L_0x55aa8202f2b0 .functor MUXZ 32, L_0x55aa8202eaf0, v0x55aa8200ab90_0, v0x55aa8200b920_0, C4<>;
L_0x55aa8202f5e0 .functor MUXZ 32, L_0x55aa8202f170, v0x55aa8200a690_0, v0x55aa8200ba90_0, C4<>;
L_0x55aa8202fa20 .arith/sum 32, v0x55aa8200ab90_0, v0x55aa8200a690_0;
L_0x55aa8202fd20 .cmp/ne 5, v0x55aa8200ead0_0, L_0x7ff0629d59a8;
L_0x55aa8202fef0 .cmp/eq 5, v0x55aa8200ead0_0, v0x55aa8200b6b0_0;
L_0x55aa82030210 .functor MUXZ 32, L_0x55aa8202f170, L_0x55aa8202e3c0, L_0x55aa82030100, C4<>;
L_0x55aa820303c0 .functor MUXZ 32, L_0x55aa82029e80, L_0x55aa8202fa20, L_0x55aa82030350, C4<>;
S_0x55aa81fc0590 .scope module, "ALU" "alu" 2 279, 3 3 0, S_0x55aa81fc39f0;
 .timescale -9 -12;
    .port_info 0 /INPUT 32 "a";
    .port_info 1 /INPUT 32 "b";
    .port_info 2 /INPUT 4 "alu_ctrl";
    .port_info 3 /OUTPUT 32 "result";
    .port_info 4 /OUTPUT 1 "zero";
P_0x55aa81f08cf0 .param/l "ALU_ADD" 1 3 10, C4<0000>;
P_0x55aa81f08d30 .param/l "ALU_AND" 1 3 12, C4<0010>;
P_0x55aa81f08d70 .param/l "ALU_OR" 1 3 13, C4<0011>;
P_0x55aa81f08db0 .param/l "ALU_SLL" 1 3 15, C4<0101>;
P_0x55aa81f08df0 .param/l "ALU_SLT" 1 3 18, C4<1000>;
P_0x55aa81f08e30 .param/l "ALU_SLTU" 1 3 19, C4<1001>;
P_0x55aa81f08e70 .param/l "ALU_SRA" 1 3 17, C4<0111>;
P_0x55aa81f08eb0 .param/l "ALU_SRL" 1 3 16, C4<0110>;
P_0x55aa81f08ef0 .param/l "ALU_SUB" 1 3 11, C4<0001>;
P_0x55aa81f08f30 .param/l "ALU_XOR" 1 3 14, C4<0100>;
L_0x7ff0629d5960 .functor BUFT 1, C4<00000000000000000000000000000000>, C4<0>, C4<0>, C4<0>;
v0x55aa81ff2a60_0 .net/2u *"_ivl_0", 31 0, L_0x7ff0629d5960;  1 drivers
v0x55aa81fd4fb0_0 .net "a", 31 0, L_0x55aa8202f2b0;  alias, 1 drivers
v0x55aa81ff1760_0 .net "alu_ctrl", 3 0, v0x55aa8200a1c0_0;  alias, 1 drivers
v0x55aa81fefb20_0 .net "b", 31 0, L_0x55aa8202f5e0;  alias, 1 drivers
v0x55aa81fe08b0_0 .var "result", 31 0;
v0x55aa81f8c1e0_0 .net "zero", 0 0, L_0x55aa8202f770;  alias, 1 drivers
E_0x55aa81f65950 .event edge, v0x55aa81ff1760_0, v0x55aa81fd4fb0_0, v0x55aa81fefb20_0;
L_0x55aa8202f770 .cmp/eq 32, v0x55aa81fe08b0_0, L_0x7ff0629d5960;
S_0x55aa81fc0940 .scope module, "DEC" "decoder" 2 131, 4 3 0, S_0x55aa81fc39f0;
 .timescale -9 -12;
    .port_info 0 /INPUT 32 "instr";
    .port_info 1 /OUTPUT 1 "we_rf";
    .port_info 2 /OUTPUT 1 "we_dm";
    .port_info 3 /OUTPUT 2 "sel_result";
    .port_info 4 /OUTPUT 4 "alu_ctrl";
    .port_info 5 /OUTPUT 1 "sel_alu_src_a";
    .port_info 6 /OUTPUT 1 "sel_alu_src_b";
    .port_info 7 /OUTPUT 3 "sel_ext";
    .port_info 8 /OUTPUT 1 "branch";
    .port_info 9 /OUTPUT 1 "jump";
    .port_info 10 /OUTPUT 1 "uses_rs2";
P_0x55aa82005590 .param/l "ALU_ADD" 1 4 30, C4<0000>;
P_0x55aa820055d0 .param/l "ALU_AND" 1 4 32, C4<0010>;
P_0x55aa82005610 .param/l "ALU_OR" 1 4 33, C4<0011>;
P_0x55aa82005650 .param/l "ALU_SLL" 1 4 35, C4<0101>;
P_0x55aa82005690 .param/l "ALU_SLT" 1 4 38, C4<1000>;
P_0x55aa820056d0 .param/l "ALU_SLTU" 1 4 39, C4<1001>;
P_0x55aa82005710 .param/l "ALU_SRA" 1 4 37, C4<0111>;
P_0x55aa82005750 .param/l "ALU_SRL" 1 4 36, C4<0110>;
P_0x55aa82005790 .param/l "ALU_SUB" 1 4 31, C4<0001>;
P_0x55aa820057d0 .param/l "ALU_XOR" 1 4 34, C4<0100>;
P_0x55aa82005810 .param/l "EXT_B" 1 4 26, C4<010>;
P_0x55aa82005850 .param/l "EXT_I" 1 4 24, C4<000>;
P_0x55aa82005890 .param/l "EXT_J" 1 4 28, C4<100>;
P_0x55aa820058d0 .param/l "EXT_S" 1 4 25, C4<001>;
P_0x55aa82005910 .param/l "EXT_U" 1 4 27, C4<011>;
P_0x55aa82005950 .param/l "OPC_BEQ" 1 4 20, C4<1100011>;
P_0x55aa82005990 .param/l "OPC_I" 1 4 17, C4<0010011>;
P_0x55aa820059d0 .param/l "OPC_JAL" 1 4 21, C4<1101111>;
P_0x55aa82005a10 .param/l "OPC_LUI" 1 4 22, C4<0110111>;
P_0x55aa82005a50 .param/l "OPC_LW" 1 4 18, C4<0000011>;
P_0x55aa82005a90 .param/l "OPC_R" 1 4 16, C4<0110011>;
P_0x55aa82005ad0 .param/l "OPC_SW" 1 4 19, C4<0100011>;
v0x55aa81f55280_0 .var "alu_ctrl", 3 0;
v0x55aa82006650_0 .var "branch", 0 0;
v0x55aa82006710_0 .net "funct3", 2 0, L_0x55aa8202aee0;  1 drivers
v0x55aa820067d0_0 .net "funct7", 6 0, L_0x55aa8202af80;  1 drivers
v0x55aa820068b0_0 .net "instr", 31 0, v0x55aa82009490_0;  alias, 1 drivers
v0x55aa820069e0_0 .var "jump", 0 0;
v0x55aa82006aa0_0 .net "opcode", 6 0, L_0x55aa8202ae40;  1 drivers
v0x55aa82006b80_0 .var "sel_alu_src_a", 0 0;
v0x55aa82006c40_0 .var "sel_alu_src_b", 0 0;
v0x55aa82006d00_0 .var "sel_ext", 2 0;
v0x55aa82006de0_0 .var "sel_result", 1 0;
v0x55aa82006ec0_0 .var "uses_rs2", 0 0;
v0x55aa82006f80_0 .var "we_dm", 0 0;
v0x55aa82007040_0 .var "we_rf", 0 0;
E_0x55aa81f65ba0 .event edge, v0x55aa82006aa0_0, v0x55aa82006710_0, v0x55aa820067d0_0;
L_0x55aa8202ae40 .part v0x55aa82009490_0, 0, 7;
L_0x55aa8202aee0 .part v0x55aa82009490_0, 12, 3;
L_0x55aa8202af80 .part v0x55aa82009490_0, 25, 7;
S_0x55aa81fc2fd0 .scope module, "EXT" "sign_ext" 2 146, 5 3 0, S_0x55aa81fc39f0;
 .timescale -9 -12;
    .port_info 0 /INPUT 32 "instr";
    .port_info 1 /INPUT 3 "sel_ext";
    .port_info 2 /OUTPUT 32 "imm";
P_0x55aa82007260 .param/l "EXT_B" 1 5 10, C4<010>;
P_0x55aa820072a0 .param/l "EXT_I" 1 5 8, C4<000>;
P_0x55aa820072e0 .param/l "EXT_J" 1 5 12, C4<100>;
P_0x55aa82007320 .param/l "EXT_S" 1 5 9, C4<001>;
P_0x55aa82007360 .param/l "EXT_U" 1 5 11, C4<011>;
v0x55aa82007670_0 .var "imm", 31 0;
v0x55aa82007770_0 .net "instr", 31 0, v0x55aa82009490_0;  alias, 1 drivers
v0x55aa82007830_0 .net "sel_ext", 2 0, v0x55aa82006d00_0;  alias, 1 drivers
E_0x55aa81f2cf90 .event edge, v0x55aa82006d00_0, v0x55aa820068b0_0;
S_0x55aa81fc32f0 .scope module, "HZD" "hazard_unit" 2 179, 6 3 0, S_0x55aa81fc39f0;
 .timescale -9 -12;
    .port_info 0 /INPUT 5 "d_rs1";
    .port_info 1 /INPUT 5 "d_rs2";
    .port_info 2 /INPUT 1 "d_uses_rs2";
    .port_info 3 /INPUT 5 "e_rs1";
    .port_info 4 /INPUT 5 "e_rs2";
    .port_info 5 /INPUT 5 "e_rd";
    .port_info 6 /INPUT 1 "e_is_load";
    .port_info 7 /INPUT 5 "m_rd";
    .port_info 8 /INPUT 1 "m_we_rf";
    .port_info 9 /INPUT 1 "m_is_load";
    .port_info 10 /INPUT 5 "w_rd";
    .port_info 11 /INPUT 1 "w_we_rf";
    .port_info 12 /INPUT 1 "branch_taken";
    .port_info 13 /INPUT 1 "jump";
    .port_info 14 /OUTPUT 2 "forward_a";
    .port_info 15 /OUTPUT 2 "forward_b";
    .port_info 16 /OUTPUT 1 "stall";
    .port_info 17 /OUTPUT 1 "flush_plr1";
    .port_info 18 /OUTPUT 1 "flush_plr2";
v0x55aa82007c50_0 .net "branch_taken", 0 0, L_0x55aa8202f8b0;  alias, 1 drivers
v0x55aa82007d30_0 .net "d_rs1", 4 0, L_0x55aa8202aa90;  alias, 1 drivers
v0x55aa82007e10_0 .net "d_rs2", 4 0, L_0x55aa8202ac10;  alias, 1 drivers
v0x55aa82007f00_0 .net "d_uses_rs2", 0 0, v0x55aa82006ec0_0;  alias, 1 drivers
v0x55aa82007fd0_0 .net "e_is_load", 0 0, L_0x55aa8202c810;  alias, 1 drivers
v0x55aa820080c0_0 .net "e_rd", 4 0, v0x55aa8200b350_0;  alias, 1 drivers
v0x55aa820081a0_0 .net "e_rs1", 4 0, v0x55aa8200b510_0;  alias, 1 drivers
v0x55aa82008280_0 .net "e_rs2", 4 0, v0x55aa8200b6b0_0;  alias, 1 drivers
v0x55aa82008360_0 .var "flush_plr1", 0 0;
v0x55aa820084b0_0 .var "flush_plr2", 0 0;
v0x55aa82008570_0 .var "forward_a", 1 0;
v0x55aa82008650_0 .var "forward_b", 1 0;
v0x55aa82008730_0 .net "jump", 0 0, v0x55aa8200a9f0_0;  alias, 1 drivers
v0x55aa820087f0_0 .net "m_is_load", 0 0, L_0x55aa8202c180;  alias, 1 drivers
v0x55aa820088b0_0 .net "m_rd", 4 0, v0x55aa8200d400_0;  alias, 1 drivers
v0x55aa82008990_0 .net "m_we_rf", 0 0, v0x55aa8200d950_0;  alias, 1 drivers
v0x55aa82008a50_0 .var "stall", 0 0;
v0x55aa82008c20_0 .net "w_rd", 4 0, v0x55aa8200ead0_0;  alias, 1 drivers
v0x55aa82008d00_0 .net "w_we_rf", 0 0, v0x55aa8200efc0_0;  alias, 1 drivers
E_0x55aa81ff24c0/0 .event edge, v0x55aa82008990_0, v0x55aa820088b0_0, v0x55aa820081a0_0, v0x55aa82008280_0;
E_0x55aa81ff24c0/1 .event edge, v0x55aa82008d00_0, v0x55aa82008c20_0, v0x55aa82008570_0, v0x55aa82008650_0;
E_0x55aa81ff24c0/2 .event edge, v0x55aa82007fd0_0, v0x55aa820080c0_0, v0x55aa82007d30_0, v0x55aa82006ec0_0;
E_0x55aa81ff24c0/3 .event edge, v0x55aa82007e10_0, v0x55aa82007c50_0, v0x55aa82008730_0;
E_0x55aa81ff24c0 .event/or E_0x55aa81ff24c0/0, E_0x55aa81ff24c0/1, E_0x55aa81ff24c0/2, E_0x55aa81ff24c0/3;
S_0x55aa81fc3670 .scope module, "PLR1" "plr1" 2 202, 7 3 0, S_0x55aa81fc39f0;
 .timescale -9 -12;
    .port_info 0 /INPUT 1 "clk";
    .port_info 1 /INPUT 1 "rst_n";
    .port_info 2 /INPUT 1 "en";
    .port_info 3 /INPUT 1 "clr";
    .port_info 4 /INPUT 32 "instr_in";
    .port_info 5 /INPUT 32 "pc_in";
    .port_info 6 /INPUT 32 "pc_p4_in";
    .port_info 7 /OUTPUT 32 "instr_out";
    .port_info 8 /OUTPUT 32 "pc_out";
    .port_info 9 /OUTPUT 32 "pc_p4_out";
v0x55aa82007960_0 .net "clk", 0 0, o0x7ff062e5ae88;  alias, 0 drivers
v0x55aa82009290_0 .net "clr", 0 0, v0x55aa82008360_0;  alias, 1 drivers
v0x55aa82009350_0 .net "en", 0 0, L_0x55aa8202d2f0;  1 drivers
v0x55aa820093f0_0 .net "instr_in", 31 0, L_0x55aa81ff2940;  alias, 1 drivers
v0x55aa82009490_0 .var "instr_out", 31 0;
v0x55aa820095f0_0 .net "pc_in", 31 0, v0x55aa82019130_0;  1 drivers
v0x55aa820096d0_0 .var "pc_out", 31 0;
v0x55aa820097b0_0 .net "pc_p4_in", 31 0, L_0x55aa82029e80;  alias, 1 drivers
v0x55aa82009890_0 .var "pc_p4_out", 31 0;
v0x55aa82009970_0 .net "rst_n", 0 0, o0x7ff062e5afd8;  alias, 0 drivers
E_0x55aa81ff26d0 .event posedge, v0x55aa82007960_0;
S_0x55aa82009bd0 .scope module, "PLR2" "plr2" 2 216, 8 3 0, S_0x55aa81fc39f0;
 .timescale -9 -12;
    .port_info 0 /INPUT 1 "clk";
    .port_info 1 /INPUT 1 "rst_n";
    .port_info 2 /INPUT 1 "clr";
    .port_info 3 /INPUT 32 "instr_in";
    .port_info 4 /INPUT 32 "pc_in";
    .port_info 5 /INPUT 32 "pc_p4_in";
    .port_info 6 /INPUT 32 "ext_in";
    .port_info 7 /INPUT 32 "rd1_in";
    .port_info 8 /INPUT 32 "rd2_in";
    .port_info 9 /INPUT 5 "rs1_in";
    .port_info 10 /INPUT 5 "rs2_in";
    .port_info 11 /INPUT 5 "rd_in";
    .port_info 12 /INPUT 1 "we_rf_in";
    .port_info 13 /INPUT 1 "we_dm_in";
    .port_info 14 /INPUT 2 "sel_result_in";
    .port_info 15 /INPUT 4 "alu_ctrl_in";
    .port_info 16 /INPUT 1 "sel_alu_src_a_in";
    .port_info 17 /INPUT 1 "sel_alu_src_b_in";
    .port_info 18 /INPUT 1 "branch_in";
    .port_info 19 /INPUT 1 "jump_in";
    .port_info 20 /OUTPUT 32 "instr_out";
    .port_info 21 /OUTPUT 32 "pc_out";
    .port_info 22 /OUTPUT 32 "pc_p4_out";
    .port_info 23 /OUTPUT 32 "ext_out";
    .port_info 24 /OUTPUT 32 "rd1_out";
    .port_info 25 /OUTPUT 32 "rd2_out";
    .port_info 26 /OUTPUT 5 "rs1_out";
    .port_info 27 /OUTPUT 5 "rs2_out";
    .port_info 28 /OUTPUT 5 "rd_out";
    .port_info 29 /OUTPUT 1 "we_rf_out";
    .port_info 30 /OUTPUT 1 "we_dm_out";
    .port_info 31 /OUTPUT 2 "sel_result_out";
    .port_info 32 /OUTPUT 4 "alu_ctrl_out";
    .port_info 33 /OUTPUT 1 "sel_alu_src_a_out";
    .port_info 34 /OUTPUT 1 "sel_alu_src_b_out";
    .port_info 35 /OUTPUT 1 "branch_out";
    .port_info 36 /OUTPUT 1 "jump_out";
v0x55aa8200a0e0_0 .net "alu_ctrl_in", 3 0, v0x55aa81f55280_0;  alias, 1 drivers
v0x55aa8200a1c0_0 .var "alu_ctrl_out", 3 0;
v0x55aa8200a260_0 .net "branch_in", 0 0, v0x55aa82006650_0;  alias, 1 drivers
v0x55aa8200a360_0 .var "branch_out", 0 0;
v0x55aa8200a400_0 .net "clk", 0 0, o0x7ff062e5ae88;  alias, 0 drivers
v0x55aa8200a4f0_0 .net "clr", 0 0, v0x55aa820084b0_0;  alias, 1 drivers
v0x55aa8200a5c0_0 .net "ext_in", 31 0, v0x55aa82007670_0;  alias, 1 drivers
v0x55aa8200a690_0 .var "ext_out", 31 0;
v0x55aa8200a730_0 .net "instr_in", 31 0, v0x55aa82009490_0;  alias, 1 drivers
v0x55aa8200a860_0 .var "instr_out", 31 0;
v0x55aa8200a920_0 .net "jump_in", 0 0, v0x55aa820069e0_0;  alias, 1 drivers
v0x55aa8200a9f0_0 .var "jump_out", 0 0;
v0x55aa8200aac0_0 .net "pc_in", 31 0, v0x55aa820096d0_0;  alias, 1 drivers
v0x55aa8200ab90_0 .var "pc_out", 31 0;
v0x55aa8200ac30_0 .net "pc_p4_in", 31 0, v0x55aa82009890_0;  alias, 1 drivers
v0x55aa8200ad20_0 .var "pc_p4_out", 31 0;
v0x55aa8200ade0_0 .net "rd1_in", 31 0, L_0x55aa8202b870;  alias, 1 drivers
v0x55aa8200afd0_0 .var "rd1_out", 31 0;
v0x55aa8200b0b0_0 .net "rd2_in", 31 0, L_0x55aa8202c3d0;  alias, 1 drivers
v0x55aa8200b190_0 .var "rd2_out", 31 0;
v0x55aa8200b270_0 .net "rd_in", 4 0, L_0x55aa8202ad40;  alias, 1 drivers
v0x55aa8200b350_0 .var "rd_out", 4 0;
v0x55aa8200b440_0 .net "rs1_in", 4 0, L_0x55aa8202aa90;  alias, 1 drivers
v0x55aa8200b510_0 .var "rs1_out", 4 0;
v0x55aa8200b5e0_0 .net "rs2_in", 4 0, L_0x55aa8202ac10;  alias, 1 drivers
v0x55aa8200b6b0_0 .var "rs2_out", 4 0;
v0x55aa8200b780_0 .net "rst_n", 0 0, o0x7ff062e5afd8;  alias, 0 drivers
v0x55aa8200b850_0 .net "sel_alu_src_a_in", 0 0, v0x55aa82006b80_0;  alias, 1 drivers
v0x55aa8200b920_0 .var "sel_alu_src_a_out", 0 0;
v0x55aa8200b9c0_0 .net "sel_alu_src_b_in", 0 0, v0x55aa82006c40_0;  alias, 1 drivers
v0x55aa8200ba90_0 .var "sel_alu_src_b_out", 0 0;
v0x55aa8200bb30_0 .net "sel_result_in", 1 0, v0x55aa82006de0_0;  alias, 1 drivers
v0x55aa8200bc00_0 .var "sel_result_out", 1 0;
v0x55aa8200beb0_0 .net "we_dm_in", 0 0, v0x55aa82006f80_0;  alias, 1 drivers
v0x55aa8200bf80_0 .var "we_dm_out", 0 0;
v0x55aa8200c020_0 .net "we_rf_in", 0 0, v0x55aa82007040_0;  alias, 1 drivers
v0x55aa8200c0f0_0 .var "we_rf_out", 0 0;
S_0x55aa8200c630 .scope module, "PLR3" "plr3" 2 295, 9 3 0, S_0x55aa81fc39f0;
 .timescale -9 -12;
    .port_info 0 /INPUT 1 "clk";
    .port_info 1 /INPUT 1 "rst_n";
    .port_info 2 /INPUT 32 "instr_in";
    .port_info 3 /INPUT 32 "alu_o_in";
    .port_info 4 /INPUT 32 "dm_wd_in";
    .port_info 5 /INPUT 32 "pc_p4_in";
    .port_info 6 /INPUT 32 "ext_in";
    .port_info 7 /INPUT 5 "rd_in";
    .port_info 8 /INPUT 1 "we_rf_in";
    .port_info 9 /INPUT 1 "we_dm_in";
    .port_info 10 /INPUT 2 "sel_result_in";
    .port_info 11 /OUTPUT 32 "instr_out";
    .port_info 12 /OUTPUT 32 "alu_o_out";
    .port_info 13 /OUTPUT 32 "dm_wd_out";
    .port_info 14 /OUTPUT 32 "pc_p4_out";
    .port_info 15 /OUTPUT 32 "ext_out";
    .port_info 16 /OUTPUT 5 "rd_out";
    .port_info 17 /OUTPUT 1 "we_rf_out";
    .port_info 18 /OUTPUT 1 "we_dm_out";
    .port_info 19 /OUTPUT 2 "sel_result_out";
v0x55aa8200c9b0_0 .net "alu_o_in", 31 0, v0x55aa81fe08b0_0;  alias, 1 drivers
v0x55aa8200cac0_0 .var "alu_o_out", 31 0;
v0x55aa8200cb80_0 .net "clk", 0 0, o0x7ff062e5ae88;  alias, 0 drivers
v0x55aa8200cca0_0 .net "dm_wd_in", 31 0, L_0x55aa82030210;  alias, 1 drivers
v0x55aa8200cd60_0 .var "dm_wd_out", 31 0;
v0x55aa8200ce90_0 .net "ext_in", 31 0, v0x55aa8200a690_0;  alias, 1 drivers
v0x55aa8200cf50_0 .var "ext_out", 31 0;
v0x55aa8200d010_0 .net "instr_in", 31 0, v0x55aa8200a860_0;  alias, 1 drivers
v0x55aa8200d0d0_0 .var "instr_out", 31 0;
v0x55aa8200d190_0 .net "pc_p4_in", 31 0, v0x55aa8200ad20_0;  alias, 1 drivers
v0x55aa8200d280_0 .var "pc_p4_out", 31 0;
v0x55aa8200d340_0 .net "rd_in", 4 0, v0x55aa8200b350_0;  alias, 1 drivers
v0x55aa8200d400_0 .var "rd_out", 4 0;
v0x55aa8200d4c0_0 .net "rst_n", 0 0, o0x7ff062e5afd8;  alias, 0 drivers
v0x55aa8200d5b0_0 .net "sel_result_in", 1 0, v0x55aa8200bc00_0;  alias, 1 drivers
v0x55aa8200d650_0 .var "sel_result_out", 1 0;
v0x55aa8200d710_0 .net "we_dm_in", 0 0, v0x55aa8200bf80_0;  alias, 1 drivers
v0x55aa8200d7e0_0 .var "we_dm_out", 0 0;
v0x55aa8200d880_0 .net "we_rf_in", 0 0, v0x55aa8200c0f0_0;  alias, 1 drivers
v0x55aa8200d950_0 .var "we_rf_out", 0 0;
S_0x55aa8200dc60 .scope module, "PLR4" "plr4" 2 319, 10 3 0, S_0x55aa81fc39f0;
 .timescale -9 -12;
    .port_info 0 /INPUT 1 "clk";
    .port_info 1 /INPUT 1 "rst_n";
    .port_info 2 /INPUT 32 "instr_in";
    .port_info 3 /INPUT 32 "alu_o_in";
    .port_info 4 /INPUT 32 "dm_rd_in";
    .port_info 5 /INPUT 32 "pc_p4_in";
    .port_info 6 /INPUT 32 "ext_in";
    .port_info 7 /INPUT 5 "rd_in";
    .port_info 8 /INPUT 1 "we_rf_in";
    .port_info 9 /INPUT 2 "sel_result_in";
    .port_info 10 /OUTPUT 32 "instr_out";
    .port_info 11 /OUTPUT 32 "alu_o_out";
    .port_info 12 /OUTPUT 32 "dm_rd_out";
    .port_info 13 /OUTPUT 32 "pc_p4_out";
    .port_info 14 /OUTPUT 32 "ext_out";
    .port_info 15 /OUTPUT 5 "rd_out";
    .port_info 16 /OUTPUT 1 "we_rf_out";
    .port_info 17 /OUTPUT 2 "sel_result_out";
v0x55aa8200e0a0_0 .net "alu_o_in", 31 0, v0x55aa8200cac0_0;  alias, 1 drivers
v0x55aa8200e1b0_0 .var "alu_o_out", 31 0;
v0x55aa8200e270_0 .net "clk", 0 0, o0x7ff062e5ae88;  alias, 0 drivers
v0x55aa8200e340_0 .net "dm_rd_in", 31 0, L_0x55aa81fe0790;  alias, 1 drivers
v0x55aa8200e400_0 .var "dm_rd_out", 31 0;
v0x55aa8200e530_0 .net "ext_in", 31 0, v0x55aa8200cf50_0;  alias, 1 drivers
v0x55aa8200e5f0_0 .var "ext_out", 31 0;
v0x55aa8200e6b0_0 .net "instr_in", 31 0, v0x55aa8200d0d0_0;  alias, 1 drivers
v0x55aa8200e7a0_0 .var "instr_out", 31 0;
v0x55aa8200e860_0 .net "pc_p4_in", 31 0, v0x55aa8200d280_0;  alias, 1 drivers
v0x55aa8200e950_0 .var "pc_p4_out", 31 0;
v0x55aa8200ea10_0 .net "rd_in", 4 0, v0x55aa8200d400_0;  alias, 1 drivers
v0x55aa8200ead0_0 .var "rd_out", 4 0;
v0x55aa8200eb90_0 .net "rst_n", 0 0, o0x7ff062e5afd8;  alias, 0 drivers
v0x55aa8200ec30_0 .net "sel_result_in", 1 0, v0x55aa8200d650_0;  alias, 1 drivers
v0x55aa8200ed00_0 .var "sel_result_out", 1 0;
v0x55aa8200edc0_0 .net "we_rf_in", 0 0, v0x55aa8200d950_0;  alias, 1 drivers
v0x55aa8200efc0_0 .var "we_rf_out", 0 0;
S_0x55aa8200f320 .scope module, "RF" "reg_file" 2 154, 11 3 0, S_0x55aa81fc39f0;
 .timescale -9 -12;
    .port_info 0 /INPUT 1 "clk";
    .port_info 1 /INPUT 1 "rst_n";
    .port_info 2 /INPUT 1 "we";
    .port_info 3 /INPUT 5 "ra1";
    .port_info 4 /INPUT 5 "ra2";
    .port_info 5 /INPUT 5 "wa";
    .port_info 6 /INPUT 32 "wd";
    .port_info 7 /OUTPUT 32 "rd1";
    .port_info 8 /OUTPUT 32 "rd2";
L_0x55aa8202b250 .functor AND 1, v0x55aa8200efc0_0, L_0x55aa8202b180, C4<1>, C4<1>;
L_0x55aa8202b3f0 .functor AND 1, L_0x55aa8202b250, L_0x55aa8202b350, C4<1>, C4<1>;
L_0x55aa8202bd40 .functor AND 1, v0x55aa8200efc0_0, L_0x55aa8202bc50, C4<1>, C4<1>;
L_0x55aa8202bf00 .functor AND 1, L_0x55aa8202bd40, L_0x55aa8202be00, C4<1>, C4<1>;
L_0x7ff0629d52e8 .functor BUFT 1, C4<00000>, C4<0>, C4<0>, C4<0>;
v0x55aa8200de40_0 .net/2u *"_ivl_0", 4 0, L_0x7ff0629d52e8;  1 drivers
v0x55aa8200f640_0 .net *"_ivl_11", 0 0, L_0x55aa8202b250;  1 drivers
v0x55aa8200f700_0 .net *"_ivl_12", 0 0, L_0x55aa8202b350;  1 drivers
v0x55aa8200f7d0_0 .net *"_ivl_15", 0 0, L_0x55aa8202b3f0;  1 drivers
v0x55aa8200f890_0 .net *"_ivl_16", 31 0, L_0x55aa8202b4e0;  1 drivers
v0x55aa8200f9c0_0 .net *"_ivl_18", 6 0, L_0x55aa8202b5b0;  1 drivers
v0x55aa8200faa0_0 .net *"_ivl_2", 0 0, L_0x55aa8202b080;  1 drivers
L_0x7ff0629d53c0 .functor BUFT 1, C4<00>, C4<0>, C4<0>, C4<0>;
v0x55aa8200fb60_0 .net *"_ivl_21", 1 0, L_0x7ff0629d53c0;  1 drivers
v0x55aa8200fc40_0 .net *"_ivl_22", 31 0, L_0x55aa8202b6f0;  1 drivers
L_0x7ff0629d5408 .functor BUFT 1, C4<00000>, C4<0>, C4<0>, C4<0>;
v0x55aa8200fdb0_0 .net/2u *"_ivl_26", 4 0, L_0x7ff0629d5408;  1 drivers
v0x55aa8200fe90_0 .net *"_ivl_28", 0 0, L_0x55aa8202ba00;  1 drivers
L_0x7ff0629d5450 .functor BUFT 1, C4<00000000000000000000000000000000>, C4<0>, C4<0>, C4<0>;
v0x55aa8200ff50_0 .net/2u *"_ivl_30", 31 0, L_0x7ff0629d5450;  1 drivers
L_0x7ff0629d5498 .functor BUFT 1, C4<00000>, C4<0>, C4<0>, C4<0>;
v0x55aa82010030_0 .net/2u *"_ivl_32", 4 0, L_0x7ff0629d5498;  1 drivers
v0x55aa82010110_0 .net *"_ivl_34", 0 0, L_0x55aa8202bc50;  1 drivers
v0x55aa820101d0_0 .net *"_ivl_37", 0 0, L_0x55aa8202bd40;  1 drivers
v0x55aa82010290_0 .net *"_ivl_38", 0 0, L_0x55aa8202be00;  1 drivers
L_0x7ff0629d5330 .functor BUFT 1, C4<00000000000000000000000000000000>, C4<0>, C4<0>, C4<0>;
v0x55aa82010350_0 .net/2u *"_ivl_4", 31 0, L_0x7ff0629d5330;  1 drivers
v0x55aa82010540_0 .net *"_ivl_41", 0 0, L_0x55aa8202bf00;  1 drivers
v0x55aa82010600_0 .net *"_ivl_42", 31 0, L_0x55aa8202bff0;  1 drivers
v0x55aa820106e0_0 .net *"_ivl_44", 6 0, L_0x55aa8202c090;  1 drivers
L_0x7ff0629d54e0 .functor BUFT 1, C4<00>, C4<0>, C4<0>, C4<0>;
v0x55aa820107c0_0 .net *"_ivl_47", 1 0, L_0x7ff0629d54e0;  1 drivers
v0x55aa820108a0_0 .net *"_ivl_48", 31 0, L_0x55aa8202c240;  1 drivers
L_0x7ff0629d5378 .functor BUFT 1, C4<00000>, C4<0>, C4<0>, C4<0>;
v0x55aa82010980_0 .net/2u *"_ivl_6", 4 0, L_0x7ff0629d5378;  1 drivers
v0x55aa82010a60_0 .net *"_ivl_8", 0 0, L_0x55aa8202b180;  1 drivers
v0x55aa82010b20_0 .net "clk", 0 0, o0x7ff062e5ae88;  alias, 0 drivers
v0x55aa82010bc0_0 .var/i "i", 31 0;
v0x55aa82010ca0_0 .net "ra1", 4 0, L_0x55aa8202aa90;  alias, 1 drivers
v0x55aa82010d60_0 .net "ra2", 4 0, L_0x55aa8202ac10;  alias, 1 drivers
v0x55aa82010e20_0 .net "rd1", 31 0, L_0x55aa8202b870;  alias, 1 drivers
v0x55aa82010ee0_0 .net "rd2", 31 0, L_0x55aa8202c3d0;  alias, 1 drivers
v0x55aa82010f80 .array "regs", 31 0, 31 0;
v0x55aa82011020_0 .net "rst_n", 0 0, o0x7ff062e5afd8;  alias, 0 drivers
v0x55aa82011150_0 .net "wa", 4 0, v0x55aa8200ead0_0;  alias, 1 drivers
v0x55aa82011420_0 .net "wd", 31 0, L_0x55aa8202ccc0;  1 drivers
v0x55aa82011500_0 .net "we", 0 0, v0x55aa8200efc0_0;  alias, 1 drivers
L_0x55aa8202b080 .cmp/eq 5, L_0x55aa8202aa90, L_0x7ff0629d52e8;
L_0x55aa8202b180 .cmp/ne 5, v0x55aa8200ead0_0, L_0x7ff0629d5378;
L_0x55aa8202b350 .cmp/eq 5, L_0x55aa8202aa90, v0x55aa8200ead0_0;
L_0x55aa8202b4e0 .array/port v0x55aa82010f80, L_0x55aa8202b5b0;
L_0x55aa8202b5b0 .concat [ 5 2 0 0], L_0x55aa8202aa90, L_0x7ff0629d53c0;
L_0x55aa8202b6f0 .functor MUXZ 32, L_0x55aa8202b4e0, L_0x55aa8202ccc0, L_0x55aa8202b3f0, C4<>;
L_0x55aa8202b870 .functor MUXZ 32, L_0x55aa8202b6f0, L_0x7ff0629d5330, L_0x55aa8202b080, C4<>;
L_0x55aa8202ba00 .cmp/eq 5, L_0x55aa8202ac10, L_0x7ff0629d5408;
L_0x55aa8202bc50 .cmp/ne 5, v0x55aa8200ead0_0, L_0x7ff0629d5498;
L_0x55aa8202be00 .cmp/eq 5, L_0x55aa8202ac10, v0x55aa8200ead0_0;
L_0x55aa8202bff0 .array/port v0x55aa82010f80, L_0x55aa8202c090;
L_0x55aa8202c090 .concat [ 5 2 0 0], L_0x55aa8202ac10, L_0x7ff0629d54e0;
L_0x55aa8202c240 .functor MUXZ 32, L_0x55aa8202bff0, L_0x55aa8202ccc0, L_0x55aa8202bf00, C4<>;
L_0x55aa8202c3d0 .functor MUXZ 32, L_0x55aa8202c240, L_0x7ff0629d5450, L_0x55aa8202ba00, C4<>;
    .scope S_0x55aa81fc0940;
T_0 ;
    %wait E_0x55aa81f65ba0;
    %pushi/vec4 0, 0, 1;
    %store/vec4 v0x55aa82007040_0, 0, 1;
    %pushi/vec4 0, 0, 1;
    %store/vec4 v0x55aa82006f80_0, 0, 1;
    %pushi/vec4 0, 0, 2;
    %store/vec4 v0x55aa82006de0_0, 0, 2;
    %pushi/vec4 0, 0, 4;
    %store/vec4 v0x55aa81f55280_0, 0, 4;
    %pushi/vec4 0, 0, 1;
    %store/vec4 v0x55aa82006b80_0, 0, 1;
    %pushi/vec4 0, 0, 1;
    %store/vec4 v0x55aa82006c40_0, 0, 1;
    %pushi/vec4 0, 0, 3;
    %store/vec4 v0x55aa82006d00_0, 0, 3;
    %pushi/vec4 0, 0, 1;
    %store/vec4 v0x55aa82006650_0, 0, 1;
    %pushi/vec4 0, 0, 1;
    %store/vec4 v0x55aa820069e0_0, 0, 1;
    %pushi/vec4 0, 0, 1;
    %store/vec4 v0x55aa82006ec0_0, 0, 1;
    %load/vec4 v0x55aa82006aa0_0;
    %dup/vec4;
    %pushi/vec4 51, 0, 7;
    %cmp/u;
    %jmp/1 T_0.0, 6;
    %dup/vec4;
    %pushi/vec4 19, 0, 7;
    %cmp/u;
    %jmp/1 T_0.1, 6;
    %dup/vec4;
    %pushi/vec4 3, 0, 7;
    %cmp/u;
    %jmp/1 T_0.2, 6;
    %dup/vec4;
    %pushi/vec4 35, 0, 7;
    %cmp/u;
    %jmp/1 T_0.3, 6;
    %dup/vec4;
    %pushi/vec4 99, 0, 7;
    %cmp/u;
    %jmp/1 T_0.4, 6;
    %dup/vec4;
    %pushi/vec4 111, 0, 7;
    %cmp/u;
    %jmp/1 T_0.5, 6;
    %dup/vec4;
    %pushi/vec4 55, 0, 7;
    %cmp/u;
    %jmp/1 T_0.6, 6;
    %jmp T_0.8;
T_0.0 ;
    %pushi/vec4 1, 0, 1;
    %store/vec4 v0x55aa82007040_0, 0, 1;
    %pushi/vec4 1, 0, 1;
    %store/vec4 v0x55aa82006ec0_0, 0, 1;
    %pushi/vec4 0, 0, 1;
    %store/vec4 v0x55aa82006c40_0, 0, 1;
    %load/vec4 v0x55aa82006710_0;
    %dup/vec4;
    %pushi/vec4 0, 0, 3;
    %cmp/u;
    %jmp/1 T_0.9, 6;
    %dup/vec4;
    %pushi/vec4 1, 0, 3;
    %cmp/u;
    %jmp/1 T_0.10, 6;
    %dup/vec4;
    %pushi/vec4 2, 0, 3;
    %cmp/u;
    %jmp/1 T_0.11, 6;
    %dup/vec4;
    %pushi/vec4 3, 0, 3;
    %cmp/u;
    %jmp/1 T_0.12, 6;
    %dup/vec4;
    %pushi/vec4 4, 0, 3;
    %cmp/u;
    %jmp/1 T_0.13, 6;
    %dup/vec4;
    %pushi/vec4 5, 0, 3;
    %cmp/u;
    %jmp/1 T_0.14, 6;
    %dup/vec4;
    %pushi/vec4 6, 0, 3;
    %cmp/u;
    %jmp/1 T_0.15, 6;
    %dup/vec4;
    %pushi/vec4 7, 0, 3;
    %cmp/u;
    %jmp/1 T_0.16, 6;
    %pushi/vec4 0, 0, 4;
    %store/vec4 v0x55aa81f55280_0, 0, 4;
    %jmp T_0.18;
T_0.9 ;
    %load/vec4 v0x55aa820067d0_0;
    %cmpi/e 32, 0, 7;
    %flag_mov 8, 4;
    %jmp/0 T_0.19, 8;
    %pushi/vec4 1, 0, 4;
    %jmp/1 T_0.20, 8;
T_0.19 ; End of true expr.
    %pushi/vec4 0, 0, 4;
    %jmp/0 T_0.20, 8;
 ; End of false expr.
    %blend;
T_0.20;
    %store/vec4 v0x55aa81f55280_0, 0, 4;
    %jmp T_0.18;
T_0.10 ;
    %pushi/vec4 5, 0, 4;
    %store/vec4 v0x55aa81f55280_0, 0, 4;
    %jmp T_0.18;
T_0.11 ;
    %pushi/vec4 8, 0, 4;
    %store/vec4 v0x55aa81f55280_0, 0, 4;
    %jmp T_0.18;
T_0.12 ;
    %pushi/vec4 9, 0, 4;
    %store/vec4 v0x55aa81f55280_0, 0, 4;
    %jmp T_0.18;
T_0.13 ;
    %pushi/vec4 4, 0, 4;
    %store/vec4 v0x55aa81f55280_0, 0, 4;
    %jmp T_0.18;
T_0.14 ;
    %load/vec4 v0x55aa820067d0_0;
    %cmpi/e 32, 0, 7;
    %flag_mov 8, 4;
    %jmp/0 T_0.21, 8;
    %pushi/vec4 7, 0, 4;
    %jmp/1 T_0.22, 8;
T_0.21 ; End of true expr.
    %pushi/vec4 6, 0, 4;
    %jmp/0 T_0.22, 8;
 ; End of false expr.
    %blend;
T_0.22;
    %store/vec4 v0x55aa81f55280_0, 0, 4;
    %jmp T_0.18;
T_0.15 ;
    %pushi/vec4 3, 0, 4;
    %store/vec4 v0x55aa81f55280_0, 0, 4;
    %jmp T_0.18;
T_0.16 ;
    %pushi/vec4 2, 0, 4;
    %store/vec4 v0x55aa81f55280_0, 0, 4;
    %jmp T_0.18;
T_0.18 ;
    %pop/vec4 1;
    %jmp T_0.8;
T_0.1 ;
    %pushi/vec4 1, 0, 1;
    %store/vec4 v0x55aa82007040_0, 0, 1;
    %pushi/vec4 1, 0, 1;
    %store/vec4 v0x55aa82006c40_0, 0, 1;
    %pushi/vec4 0, 0, 3;
    %store/vec4 v0x55aa82006d00_0, 0, 3;
    %load/vec4 v0x55aa82006710_0;
    %dup/vec4;
    %pushi/vec4 0, 0, 3;
    %cmp/u;
    %jmp/1 T_0.23, 6;
    %dup/vec4;
    %pushi/vec4 2, 0, 3;
    %cmp/u;
    %jmp/1 T_0.24, 6;
    %dup/vec4;
    %pushi/vec4 3, 0, 3;
    %cmp/u;
    %jmp/1 T_0.25, 6;
    %dup/vec4;
    %pushi/vec4 4, 0, 3;
    %cmp/u;
    %jmp/1 T_0.26, 6;
    %dup/vec4;
    %pushi/vec4 6, 0, 3;
    %cmp/u;
    %jmp/1 T_0.27, 6;
    %dup/vec4;
    %pushi/vec4 7, 0, 3;
    %cmp/u;
    %jmp/1 T_0.28, 6;
    %dup/vec4;
    %pushi/vec4 1, 0, 3;
    %cmp/u;
    %jmp/1 T_0.29, 6;
    %dup/vec4;
    %pushi/vec4 5, 0, 3;
    %cmp/u;
    %jmp/1 T_0.30, 6;
    %pushi/vec4 0, 0, 4;
    %store/vec4 v0x55aa81f55280_0, 0, 4;
    %jmp T_0.32;
T_0.23 ;
    %pushi/vec4 0, 0, 4;
    %store/vec4 v0x55aa81f55280_0, 0, 4;
    %jmp T_0.32;
T_0.24 ;
    %pushi/vec4 8, 0, 4;
    %store/vec4 v0x55aa81f55280_0, 0, 4;
    %jmp T_0.32;
T_0.25 ;
    %pushi/vec4 9, 0, 4;
    %store/vec4 v0x55aa81f55280_0, 0, 4;
    %jmp T_0.32;
T_0.26 ;
    %pushi/vec4 4, 0, 4;
    %store/vec4 v0x55aa81f55280_0, 0, 4;
    %jmp T_0.32;
T_0.27 ;
    %pushi/vec4 3, 0, 4;
    %store/vec4 v0x55aa81f55280_0, 0, 4;
    %jmp T_0.32;
T_0.28 ;
    %pushi/vec4 2, 0, 4;
    %store/vec4 v0x55aa81f55280_0, 0, 4;
    %jmp T_0.32;
T_0.29 ;
    %pushi/vec4 5, 0, 4;
    %store/vec4 v0x55aa81f55280_0, 0, 4;
    %jmp T_0.32;
T_0.30 ;
    %load/vec4 v0x55aa820067d0_0;
    %cmpi/e 32, 0, 7;
    %flag_mov 8, 4;
    %jmp/0 T_0.33, 8;
    %pushi/vec4 7, 0, 4;
    %jmp/1 T_0.34, 8;
T_0.33 ; End of true expr.
    %pushi/vec4 6, 0, 4;
    %jmp/0 T_0.34, 8;
 ; End of false expr.
    %blend;
T_0.34;
    %store/vec4 v0x55aa81f55280_0, 0, 4;
    %jmp T_0.32;
T_0.32 ;
    %pop/vec4 1;
    %jmp T_0.8;
T_0.2 ;
    %pushi/vec4 1, 0, 1;
    %store/vec4 v0x55aa82007040_0, 0, 1;
    %pushi/vec4 1, 0, 2;
    %store/vec4 v0x55aa82006de0_0, 0, 2;
    %pushi/vec4 1, 0, 1;
    %store/vec4 v0x55aa82006c40_0, 0, 1;
    %pushi/vec4 0, 0, 3;
    %store/vec4 v0x55aa82006d00_0, 0, 3;
    %pushi/vec4 0, 0, 4;
    %store/vec4 v0x55aa81f55280_0, 0, 4;
    %jmp T_0.8;
T_0.3 ;
    %pushi/vec4 1, 0, 1;
    %store/vec4 v0x55aa82006f80_0, 0, 1;
    %pushi/vec4 1, 0, 1;
    %store/vec4 v0x55aa82006ec0_0, 0, 1;
    %pushi/vec4 1, 0, 1;
    %store/vec4 v0x55aa82006c40_0, 0, 1;
    %pushi/vec4 1, 0, 3;
    %store/vec4 v0x55aa82006d00_0, 0, 3;
    %pushi/vec4 0, 0, 4;
    %store/vec4 v0x55aa81f55280_0, 0, 4;
    %jmp T_0.8;
T_0.4 ;
    %pushi/vec4 1, 0, 1;
    %store/vec4 v0x55aa82006650_0, 0, 1;
    %pushi/vec4 1, 0, 1;
    %store/vec4 v0x55aa82006ec0_0, 0, 1;
    %pushi/vec4 2, 0, 3;
    %store/vec4 v0x55aa82006d00_0, 0, 3;
    %pushi/vec4 1, 0, 4;
    %store/vec4 v0x55aa81f55280_0, 0, 4;
    %jmp T_0.8;
T_0.5 ;
    %pushi/vec4 1, 0, 1;
    %store/vec4 v0x55aa820069e0_0, 0, 1;
    %pushi/vec4 1, 0, 1;
    %store/vec4 v0x55aa82007040_0, 0, 1;
    %pushi/vec4 2, 0, 2;
    %store/vec4 v0x55aa82006de0_0, 0, 2;
    %pushi/vec4 1, 0, 1;
    %store/vec4 v0x55aa82006b80_0, 0, 1;
    %pushi/vec4 1, 0, 1;
    %store/vec4 v0x55aa82006c40_0, 0, 1;
    %pushi/vec4 4, 0, 3;
    %store/vec4 v0x55aa82006d00_0, 0, 3;
    %pushi/vec4 0, 0, 4;
    %store/vec4 v0x55aa81f55280_0, 0, 4;
    %jmp T_0.8;
T_0.6 ;
    %pushi/vec4 1, 0, 1;
    %store/vec4 v0x55aa82007040_0, 0, 1;
    %pushi/vec4 3, 0, 2;
    %store/vec4 v0x55aa82006de0_0, 0, 2;
    %pushi/vec4 3, 0, 3;
    %store/vec4 v0x55aa82006d00_0, 0, 3;
    %jmp T_0.8;
T_0.8 ;
    %pop/vec4 1;
    %jmp T_0;
    .thread T_0, $push;
    .scope S_0x55aa81fc2fd0;
T_1 ;
    %wait E_0x55aa81f2cf90;
    %load/vec4 v0x55aa82007830_0;
    %dup/vec4;
    %pushi/vec4 0, 0, 3;
    %cmp/u;
    %jmp/1 T_1.0, 6;
    %dup/vec4;
    %pushi/vec4 1, 0, 3;
    %cmp/u;
    %jmp/1 T_1.1, 6;
    %dup/vec4;
    %pushi/vec4 2, 0, 3;
    %cmp/u;
    %jmp/1 T_1.2, 6;
    %dup/vec4;
    %pushi/vec4 3, 0, 3;
    %cmp/u;
    %jmp/1 T_1.3, 6;
    %dup/vec4;
    %pushi/vec4 4, 0, 3;
    %cmp/u;
    %jmp/1 T_1.4, 6;
    %pushi/vec4 0, 0, 32;
    %store/vec4 v0x55aa82007670_0, 0, 32;
    %jmp T_1.6;
T_1.0 ;
    %load/vec4 v0x55aa82007770_0;
    %parti/s 1, 31, 6;
    %replicate 20;
    %load/vec4 v0x55aa82007770_0;
    %parti/s 12, 20, 6;
    %concat/vec4; draw_concat_vec4
    %store/vec4 v0x55aa82007670_0, 0, 32;
    %jmp T_1.6;
T_1.1 ;
    %load/vec4 v0x55aa82007770_0;
    %parti/s 1, 31, 6;
    %replicate 20;
    %load/vec4 v0x55aa82007770_0;
    %parti/s 7, 25, 6;
    %concat/vec4; draw_concat_vec4
    %load/vec4 v0x55aa82007770_0;
    %parti/s 5, 7, 4;
    %concat/vec4; draw_concat_vec4
    %store/vec4 v0x55aa82007670_0, 0, 32;
    %jmp T_1.6;
T_1.2 ;
    %load/vec4 v0x55aa82007770_0;
    %parti/s 1, 31, 6;
    %replicate 19;
    %load/vec4 v0x55aa82007770_0;
    %parti/s 1, 31, 6;
    %concat/vec4; draw_concat_vec4
    %load/vec4 v0x55aa82007770_0;
    %parti/s 1, 7, 4;
    %concat/vec4; draw_concat_vec4
    %load/vec4 v0x55aa82007770_0;
    %parti/s 6, 25, 6;
    %concat/vec4; draw_concat_vec4
    %load/vec4 v0x55aa82007770_0;
    %parti/s 4, 8, 5;
    %concat/vec4; draw_concat_vec4
    %concati/vec4 0, 0, 1;
    %store/vec4 v0x55aa82007670_0, 0, 32;
    %jmp T_1.6;
T_1.3 ;
    %load/vec4 v0x55aa82007770_0;
    %parti/s 20, 12, 5;
    %concati/vec4 0, 0, 12;
    %store/vec4 v0x55aa82007670_0, 0, 32;
    %jmp T_1.6;
T_1.4 ;
    %load/vec4 v0x55aa82007770_0;
    %parti/s 1, 31, 6;
    %replicate 11;
    %load/vec4 v0x55aa82007770_0;
    %parti/s 1, 31, 6;
    %concat/vec4; draw_concat_vec4
    %load/vec4 v0x55aa82007770_0;
    %parti/s 8, 12, 5;
    %concat/vec4; draw_concat_vec4
    %load/vec4 v0x55aa82007770_0;
    %parti/s 1, 20, 6;
    %concat/vec4; draw_concat_vec4
    %load/vec4 v0x55aa82007770_0;
    %parti/s 10, 21, 6;
    %concat/vec4; draw_concat_vec4
    %concati/vec4 0, 0, 1;
    %store/vec4 v0x55aa82007670_0, 0, 32;
    %jmp T_1.6;
T_1.6 ;
    %pop/vec4 1;
    %jmp T_1;
    .thread T_1, $push;
    .scope S_0x55aa8200f320;
T_2 ;
    %wait E_0x55aa81ff26d0;
    %load/vec4 v0x55aa82011020_0;
    %nor/r;
    %flag_set/vec4 8;
    %jmp/0xz  T_2.0, 8;
    %pushi/vec4 0, 0, 32;
    %store/vec4 v0x55aa82010bc0_0, 0, 32;
T_2.2 ;
    %load/vec4 v0x55aa82010bc0_0;
    %cmpi/s 32, 0, 32;
    %jmp/0xz T_2.3, 5;
    %pushi/vec4 0, 0, 32;
    %ix/getv/s 3, v0x55aa82010bc0_0;
    %ix/load 4, 0, 0; Constant delay
    %assign/vec4/a/d v0x55aa82010f80, 0, 4;
    %load/vec4 v0x55aa82010bc0_0;
    %addi 1, 0, 32;
    %store/vec4 v0x55aa82010bc0_0, 0, 32;
    %jmp T_2.2;
T_2.3 ;
    %jmp T_2.1;
T_2.0 ;
    %load/vec4 v0x55aa82011500_0;
    %load/vec4 v0x55aa82011150_0;
    %pushi/vec4 0, 0, 5;
    %cmp/ne;
    %flag_get/vec4 4;
    %and;
    %flag_set/vec4 8;
    %jmp/0xz  T_2.4, 8;
    %load/vec4 v0x55aa82011420_0;
    %load/vec4 v0x55aa82011150_0;
    %pad/u 7;
    %ix/vec4 3;
    %ix/load 4, 0, 0; Constant delay
    %assign/vec4/a/d v0x55aa82010f80, 0, 4;
T_2.4 ;
T_2.1 ;
    %jmp T_2;
    .thread T_2;
    .scope S_0x55aa81fc32f0;
T_3 ;
    %wait E_0x55aa81ff24c0;
    %pushi/vec4 0, 0, 2;
    %store/vec4 v0x55aa82008570_0, 0, 2;
    %pushi/vec4 0, 0, 2;
    %store/vec4 v0x55aa82008650_0, 0, 2;
    %pushi/vec4 0, 0, 1;
    %store/vec4 v0x55aa82008a50_0, 0, 1;
    %pushi/vec4 0, 0, 1;
    %store/vec4 v0x55aa82008360_0, 0, 1;
    %pushi/vec4 0, 0, 1;
    %store/vec4 v0x55aa820084b0_0, 0, 1;
    %load/vec4 v0x55aa82008990_0;
    %load/vec4 v0x55aa820088b0_0;
    %pushi/vec4 0, 0, 5;
    %cmp/ne;
    %flag_get/vec4 4;
    %and;
    %load/vec4 v0x55aa820088b0_0;
    %load/vec4 v0x55aa820081a0_0;
    %cmp/e;
    %flag_get/vec4 4;
    %and;
    %flag_set/vec4 8;
    %jmp/0xz  T_3.0, 8;
    %pushi/vec4 2, 0, 2;
    %store/vec4 v0x55aa82008570_0, 0, 2;
T_3.0 ;
    %load/vec4 v0x55aa82008990_0;
    %load/vec4 v0x55aa820088b0_0;
    %pushi/vec4 0, 0, 5;
    %cmp/ne;
    %flag_get/vec4 4;
    %and;
    %load/vec4 v0x55aa820088b0_0;
    %load/vec4 v0x55aa82008280_0;
    %cmp/e;
    %flag_get/vec4 4;
    %and;
    %flag_set/vec4 8;
    %jmp/0xz  T_3.2, 8;
    %pushi/vec4 2, 0, 2;
    %store/vec4 v0x55aa82008650_0, 0, 2;
T_3.2 ;
    %load/vec4 v0x55aa82008d00_0;
    %load/vec4 v0x55aa82008c20_0;
    %pushi/vec4 0, 0, 5;
    %cmp/ne;
    %flag_get/vec4 4;
    %and;
    %load/vec4 v0x55aa82008c20_0;
    %load/vec4 v0x55aa820081a0_0;
    %cmp/e;
    %flag_get/vec4 4;
    %and;
    %load/vec4 v0x55aa82008570_0;
    %pushi/vec4 0, 0, 2;
    %cmp/e;
    %flag_get/vec4 4;
    %and;
    %flag_set/vec4 8;
    %jmp/0xz  T_3.4, 8;
    %pushi/vec4 1, 0, 2;
    %store/vec4 v0x55aa82008570_0, 0, 2;
T_3.4 ;
    %load/vec4 v0x55aa82008d00_0;
    %load/vec4 v0x55aa82008c20_0;
    %pushi/vec4 0, 0, 5;
    %cmp/ne;
    %flag_get/vec4 4;
    %and;
    %load/vec4 v0x55aa82008c20_0;
    %load/vec4 v0x55aa82008280_0;
    %cmp/e;
    %flag_get/vec4 4;
    %and;
    %load/vec4 v0x55aa82008650_0;
    %pushi/vec4 0, 0, 2;
    %cmp/e;
    %flag_get/vec4 4;
    %and;
    %flag_set/vec4 8;
    %jmp/0xz  T_3.6, 8;
    %pushi/vec4 1, 0, 2;
    %store/vec4 v0x55aa82008650_0, 0, 2;
T_3.6 ;
    %load/vec4 v0x55aa82007fd0_0;
    %load/vec4 v0x55aa820080c0_0;
    %pushi/vec4 0, 0, 5;
    %cmp/ne;
    %flag_get/vec4 4;
    %and;
    %load/vec4 v0x55aa820080c0_0;
    %load/vec4 v0x55aa82007d30_0;
    %cmp/e;
    %flag_get/vec4 4;
    %load/vec4 v0x55aa82007f00_0;
    %load/vec4 v0x55aa820080c0_0;
    %load/vec4 v0x55aa82007e10_0;
    %cmp/e;
    %flag_get/vec4 4;
    %and;
    %or;
    %and;
    %flag_set/vec4 8;
    %jmp/0xz  T_3.8, 8;
    %pushi/vec4 1, 0, 1;
    %store/vec4 v0x55aa82008a50_0, 0, 1;
    %pushi/vec4 0, 0, 1;
    %store/vec4 v0x55aa820084b0_0, 0, 1;
T_3.8 ;
    %load/vec4 v0x55aa82007c50_0;
    %flag_set/vec4 8;
    %load/vec4 v0x55aa82008730_0;
    %flag_set/vec4 9;
    %flag_or 9, 8;
    %jmp/0xz  T_3.10, 9;
    %pushi/vec4 1, 0, 1;
    %store/vec4 v0x55aa82008360_0, 0, 1;
    %pushi/vec4 1, 0, 1;
    %store/vec4 v0x55aa820084b0_0, 0, 1;
T_3.10 ;
    %jmp T_3;
    .thread T_3, $push;
    .scope S_0x55aa81fc3670;
T_4 ;
    %wait E_0x55aa81ff26d0;
    %load/vec4 v0x55aa82009970_0;
    %nor/r;
    %flag_set/vec4 8;
    %jmp/0xz  T_4.0, 8;
    %pushi/vec4 0, 0, 32;
    %assign/vec4 v0x55aa82009490_0, 0;
    %pushi/vec4 0, 0, 32;
    %assign/vec4 v0x55aa820096d0_0, 0;
    %pushi/vec4 0, 0, 32;
    %assign/vec4 v0x55aa82009890_0, 0;
    %jmp T_4.1;
T_4.0 ;
    %load/vec4 v0x55aa82009290_0;
    %flag_set/vec4 8;
    %jmp/0xz  T_4.2, 8;
    %pushi/vec4 0, 0, 32;
    %assign/vec4 v0x55aa82009490_0, 0;
    %pushi/vec4 0, 0, 32;
    %assign/vec4 v0x55aa820096d0_0, 0;
    %pushi/vec4 0, 0, 32;
    %assign/vec4 v0x55aa82009890_0, 0;
    %jmp T_4.3;
T_4.2 ;
    %load/vec4 v0x55aa82009350_0;
    %flag_set/vec4 8;
    %jmp/0xz  T_4.4, 8;
    %load/vec4 v0x55aa820093f0_0;
    %assign/vec4 v0x55aa82009490_0, 0;
    %load/vec4 v0x55aa820095f0_0;
    %assign/vec4 v0x55aa820096d0_0, 0;
    %load/vec4 v0x55aa820097b0_0;
    %assign/vec4 v0x55aa82009890_0, 0;
T_4.4 ;
T_4.3 ;
T_4.1 ;
    %jmp T_4;
    .thread T_4;
    .scope S_0x55aa82009bd0;
T_5 ;
    %wait E_0x55aa81ff26d0;
    %load/vec4 v0x55aa8200b780_0;
    %nor/r;
    %flag_set/vec4 8;
    %jmp/0xz  T_5.0, 8;
    %pushi/vec4 0, 0, 32;
    %assign/vec4 v0x55aa8200a860_0, 0;
    %pushi/vec4 0, 0, 32;
    %assign/vec4 v0x55aa8200ab90_0, 0;
    %pushi/vec4 0, 0, 32;
    %assign/vec4 v0x55aa8200ad20_0, 0;
    %pushi/vec4 0, 0, 32;
    %assign/vec4 v0x55aa8200a690_0, 0;
    %pushi/vec4 0, 0, 32;
    %assign/vec4 v0x55aa8200afd0_0, 0;
    %pushi/vec4 0, 0, 32;
    %assign/vec4 v0x55aa8200b190_0, 0;
    %pushi/vec4 0, 0, 5;
    %assign/vec4 v0x55aa8200b510_0, 0;
    %pushi/vec4 0, 0, 5;
    %assign/vec4 v0x55aa8200b6b0_0, 0;
    %pushi/vec4 0, 0, 5;
    %assign/vec4 v0x55aa8200b350_0, 0;
    %pushi/vec4 0, 0, 1;
    %assign/vec4 v0x55aa8200c0f0_0, 0;
    %pushi/vec4 0, 0, 1;
    %assign/vec4 v0x55aa8200bf80_0, 0;
    %pushi/vec4 0, 0, 2;
    %assign/vec4 v0x55aa8200bc00_0, 0;
    %pushi/vec4 0, 0, 4;
    %assign/vec4 v0x55aa8200a1c0_0, 0;
    %pushi/vec4 0, 0, 1;
    %assign/vec4 v0x55aa8200b920_0, 0;
    %pushi/vec4 0, 0, 1;
    %assign/vec4 v0x55aa8200ba90_0, 0;
    %pushi/vec4 0, 0, 1;
    %assign/vec4 v0x55aa8200a360_0, 0;
    %pushi/vec4 0, 0, 1;
    %assign/vec4 v0x55aa8200a9f0_0, 0;
    %jmp T_5.1;
T_5.0 ;
    %load/vec4 v0x55aa8200a4f0_0;
    %flag_set/vec4 8;
    %jmp/0xz  T_5.2, 8;
    %pushi/vec4 0, 0, 32;
    %assign/vec4 v0x55aa8200a860_0, 0;
    %pushi/vec4 0, 0, 32;
    %assign/vec4 v0x55aa8200ab90_0, 0;
    %pushi/vec4 0, 0, 32;
    %assign/vec4 v0x55aa8200ad20_0, 0;
    %pushi/vec4 0, 0, 32;
    %assign/vec4 v0x55aa8200a690_0, 0;
    %pushi/vec4 0, 0, 32;
    %assign/vec4 v0x55aa8200afd0_0, 0;
    %pushi/vec4 0, 0, 32;
    %assign/vec4 v0x55aa8200b190_0, 0;
    %pushi/vec4 0, 0, 5;
    %assign/vec4 v0x55aa8200b510_0, 0;
    %pushi/vec4 0, 0, 5;
    %assign/vec4 v0x55aa8200b6b0_0, 0;
    %pushi/vec4 0, 0, 5;
    %assign/vec4 v0x55aa8200b350_0, 0;
    %pushi/vec4 0, 0, 1;
    %assign/vec4 v0x55aa8200c0f0_0, 0;
    %pushi/vec4 0, 0, 1;
    %assign/vec4 v0x55aa8200bf80_0, 0;
    %pushi/vec4 0, 0, 2;
    %assign/vec4 v0x55aa8200bc00_0, 0;
    %pushi/vec4 0, 0, 4;
    %assign/vec4 v0x55aa8200a1c0_0, 0;
    %pushi/vec4 0, 0, 1;
    %assign/vec4 v0x55aa8200b920_0, 0;
    %pushi/vec4 0, 0, 1;
    %assign/vec4 v0x55aa8200ba90_0, 0;
    %pushi/vec4 0, 0, 1;
    %assign/vec4 v0x55aa8200a360_0, 0;
    %pushi/vec4 0, 0, 1;
    %assign/vec4 v0x55aa8200a9f0_0, 0;
    %jmp T_5.3;
T_5.2 ;
    %load/vec4 v0x55aa8200a730_0;
    %assign/vec4 v0x55aa8200a860_0, 0;
    %load/vec4 v0x55aa8200aac0_0;
    %assign/vec4 v0x55aa8200ab90_0, 0;
    %load/vec4 v0x55aa8200ac30_0;
    %assign/vec4 v0x55aa8200ad20_0, 0;
    %load/vec4 v0x55aa8200a5c0_0;
    %assign/vec4 v0x55aa8200a690_0, 0;
    %load/vec4 v0x55aa8200ade0_0;
    %assign/vec4 v0x55aa8200afd0_0, 0;
    %load/vec4 v0x55aa8200b0b0_0;
    %assign/vec4 v0x55aa8200b190_0, 0;
    %load/vec4 v0x55aa8200b440_0;
    %assign/vec4 v0x55aa8200b510_0, 0;
    %load/vec4 v0x55aa8200b5e0_0;
    %assign/vec4 v0x55aa8200b6b0_0, 0;
    %load/vec4 v0x55aa8200b270_0;
    %assign/vec4 v0x55aa8200b350_0, 0;
    %load/vec4 v0x55aa8200c020_0;
    %assign/vec4 v0x55aa8200c0f0_0, 0;
    %load/vec4 v0x55aa8200beb0_0;
    %assign/vec4 v0x55aa8200bf80_0, 0;
    %load/vec4 v0x55aa8200bb30_0;
    %assign/vec4 v0x55aa8200bc00_0, 0;
    %load/vec4 v0x55aa8200a0e0_0;
    %assign/vec4 v0x55aa8200a1c0_0, 0;
    %load/vec4 v0x55aa8200b850_0;
    %assign/vec4 v0x55aa8200b920_0, 0;
    %load/vec4 v0x55aa8200b9c0_0;
    %assign/vec4 v0x55aa8200ba90_0, 0;
    %load/vec4 v0x55aa8200a260_0;
    %assign/vec4 v0x55aa8200a360_0, 0;
    %load/vec4 v0x55aa8200a920_0;
    %assign/vec4 v0x55aa8200a9f0_0, 0;
T_5.3 ;
T_5.1 ;
    %jmp T_5;
    .thread T_5;
    .scope S_0x55aa81fc0590;
T_6 ;
    %wait E_0x55aa81f65950;
    %load/vec4 v0x55aa81ff1760_0;
    %dup/vec4;
    %pushi/vec4 0, 0, 4;
    %cmp/u;
    %jmp/1 T_6.0, 6;
    %dup/vec4;
    %pushi/vec4 1, 0, 4;
    %cmp/u;
    %jmp/1 T_6.1, 6;
    %dup/vec4;
    %pushi/vec4 2, 0, 4;
    %cmp/u;
    %jmp/1 T_6.2, 6;
    %dup/vec4;
    %pushi/vec4 3, 0, 4;
    %cmp/u;
    %jmp/1 T_6.3, 6;
    %dup/vec4;
    %pushi/vec4 4, 0, 4;
    %cmp/u;
    %jmp/1 T_6.4, 6;
    %dup/vec4;
    %pushi/vec4 5, 0, 4;
    %cmp/u;
    %jmp/1 T_6.5, 6;
    %dup/vec4;
    %pushi/vec4 6, 0, 4;
    %cmp/u;
    %jmp/1 T_6.6, 6;
    %dup/vec4;
    %pushi/vec4 7, 0, 4;
    %cmp/u;
    %jmp/1 T_6.7, 6;
    %dup/vec4;
    %pushi/vec4 8, 0, 4;
    %cmp/u;
    %jmp/1 T_6.8, 6;
    %dup/vec4;
    %pushi/vec4 9, 0, 4;
    %cmp/u;
    %jmp/1 T_6.9, 6;
    %pushi/vec4 0, 0, 32;
    %store/vec4 v0x55aa81fe08b0_0, 0, 32;
    %jmp T_6.11;
T_6.0 ;
    %load/vec4 v0x55aa81fd4fb0_0;
    %load/vec4 v0x55aa81fefb20_0;
    %add;
    %store/vec4 v0x55aa81fe08b0_0, 0, 32;
    %jmp T_6.11;
T_6.1 ;
    %load/vec4 v0x55aa81fd4fb0_0;
    %load/vec4 v0x55aa81fefb20_0;
    %sub;
    %store/vec4 v0x55aa81fe08b0_0, 0, 32;
    %jmp T_6.11;
T_6.2 ;
    %load/vec4 v0x55aa81fd4fb0_0;
    %load/vec4 v0x55aa81fefb20_0;
    %and;
    %store/vec4 v0x55aa81fe08b0_0, 0, 32;
    %jmp T_6.11;
T_6.3 ;
    %load/vec4 v0x55aa81fd4fb0_0;
    %load/vec4 v0x55aa81fefb20_0;
    %or;
    %store/vec4 v0x55aa81fe08b0_0, 0, 32;
    %jmp T_6.11;
T_6.4 ;
    %load/vec4 v0x55aa81fd4fb0_0;
    %load/vec4 v0x55aa81fefb20_0;
    %xor;
    %store/vec4 v0x55aa81fe08b0_0, 0, 32;
    %jmp T_6.11;
T_6.5 ;
    %load/vec4 v0x55aa81fd4fb0_0;
    %load/vec4 v0x55aa81fefb20_0;
    %parti/s 5, 0, 2;
    %ix/vec4 4;
    %shiftl 4;
    %store/vec4 v0x55aa81fe08b0_0, 0, 32;
    %jmp T_6.11;
T_6.6 ;
    %load/vec4 v0x55aa81fd4fb0_0;
    %load/vec4 v0x55aa81fefb20_0;
    %parti/s 5, 0, 2;
    %ix/vec4 4;
    %shiftr 4;
    %store/vec4 v0x55aa81fe08b0_0, 0, 32;
    %jmp T_6.11;
T_6.7 ;
    %load/vec4 v0x55aa81fd4fb0_0;
    %load/vec4 v0x55aa81fefb20_0;
    %parti/s 5, 0, 2;
    %ix/vec4 4;
    %shiftr/s 4;
    %store/vec4 v0x55aa81fe08b0_0, 0, 32;
    %jmp T_6.11;
T_6.8 ;
    %load/vec4 v0x55aa81fd4fb0_0;
    %load/vec4 v0x55aa81fefb20_0;
    %cmp/s;
    %flag_mov 8, 5;
    %jmp/0 T_6.12, 8;
    %pushi/vec4 1, 0, 32;
    %jmp/1 T_6.13, 8;
T_6.12 ; End of true expr.
    %pushi/vec4 0, 0, 32;
    %jmp/0 T_6.13, 8;
 ; End of false expr.
    %blend;
T_6.13;
    %store/vec4 v0x55aa81fe08b0_0, 0, 32;
    %jmp T_6.11;
T_6.9 ;
    %load/vec4 v0x55aa81fd4fb0_0;
    %load/vec4 v0x55aa81fefb20_0;
    %cmp/u;
    %flag_mov 8, 5;
    %jmp/0 T_6.14, 8;
    %pushi/vec4 1, 0, 32;
    %jmp/1 T_6.15, 8;
T_6.14 ; End of true expr.
    %pushi/vec4 0, 0, 32;
    %jmp/0 T_6.15, 8;
 ; End of false expr.
    %blend;
T_6.15;
    %store/vec4 v0x55aa81fe08b0_0, 0, 32;
    %jmp T_6.11;
T_6.11 ;
    %pop/vec4 1;
    %jmp T_6;
    .thread T_6, $push;
    .scope S_0x55aa8200c630;
T_7 ;
    %wait E_0x55aa81ff26d0;
    %load/vec4 v0x55aa8200d4c0_0;
    %nor/r;
    %flag_set/vec4 8;
    %jmp/0xz  T_7.0, 8;
    %pushi/vec4 0, 0, 32;
    %assign/vec4 v0x55aa8200d0d0_0, 0;
    %pushi/vec4 0, 0, 32;
    %assign/vec4 v0x55aa8200cac0_0, 0;
    %pushi/vec4 0, 0, 32;
    %assign/vec4 v0x55aa8200cd60_0, 0;
    %pushi/vec4 0, 0, 32;
    %assign/vec4 v0x55aa8200d280_0, 0;
    %pushi/vec4 0, 0, 32;
    %assign/vec4 v0x55aa8200cf50_0, 0;
    %pushi/vec4 0, 0, 5;
    %assign/vec4 v0x55aa8200d400_0, 0;
    %pushi/vec4 0, 0, 1;
    %assign/vec4 v0x55aa8200d950_0, 0;
    %pushi/vec4 0, 0, 1;
    %assign/vec4 v0x55aa8200d7e0_0, 0;
    %pushi/vec4 0, 0, 2;
    %assign/vec4 v0x55aa8200d650_0, 0;
    %jmp T_7.1;
T_7.0 ;
    %load/vec4 v0x55aa8200d010_0;
    %assign/vec4 v0x55aa8200d0d0_0, 0;
    %load/vec4 v0x55aa8200c9b0_0;
    %assign/vec4 v0x55aa8200cac0_0, 0;
    %load/vec4 v0x55aa8200cca0_0;
    %assign/vec4 v0x55aa8200cd60_0, 0;
    %load/vec4 v0x55aa8200d190_0;
    %assign/vec4 v0x55aa8200d280_0, 0;
    %load/vec4 v0x55aa8200ce90_0;
    %assign/vec4 v0x55aa8200cf50_0, 0;
    %load/vec4 v0x55aa8200d340_0;
    %assign/vec4 v0x55aa8200d400_0, 0;
    %load/vec4 v0x55aa8200d880_0;
    %assign/vec4 v0x55aa8200d950_0, 0;
    %load/vec4 v0x55aa8200d710_0;
    %assign/vec4 v0x55aa8200d7e0_0, 0;
    %load/vec4 v0x55aa8200d5b0_0;
    %assign/vec4 v0x55aa8200d650_0, 0;
T_7.1 ;
    %jmp T_7;
    .thread T_7;
    .scope S_0x55aa8200dc60;
T_8 ;
    %wait E_0x55aa81ff26d0;
    %load/vec4 v0x55aa8200eb90_0;
    %nor/r;
    %flag_set/vec4 8;
    %jmp/0xz  T_8.0, 8;
    %pushi/vec4 0, 0, 32;
    %assign/vec4 v0x55aa8200e7a0_0, 0;
    %pushi/vec4 0, 0, 32;
    %assign/vec4 v0x55aa8200e1b0_0, 0;
    %pushi/vec4 0, 0, 32;
    %assign/vec4 v0x55aa8200e400_0, 0;
    %pushi/vec4 0, 0, 32;
    %assign/vec4 v0x55aa8200e950_0, 0;
    %pushi/vec4 0, 0, 32;
    %assign/vec4 v0x55aa8200e5f0_0, 0;
    %pushi/vec4 0, 0, 5;
    %assign/vec4 v0x55aa8200ead0_0, 0;
    %pushi/vec4 0, 0, 1;
    %assign/vec4 v0x55aa8200efc0_0, 0;
    %pushi/vec4 0, 0, 2;
    %assign/vec4 v0x55aa8200ed00_0, 0;
    %jmp T_8.1;
T_8.0 ;
    %load/vec4 v0x55aa8200e6b0_0;
    %assign/vec4 v0x55aa8200e7a0_0, 0;
    %load/vec4 v0x55aa8200e0a0_0;
    %assign/vec4 v0x55aa8200e1b0_0, 0;
    %load/vec4 v0x55aa8200e340_0;
    %assign/vec4 v0x55aa8200e400_0, 0;
    %load/vec4 v0x55aa8200e860_0;
    %assign/vec4 v0x55aa8200e950_0, 0;
    %load/vec4 v0x55aa8200e530_0;
    %assign/vec4 v0x55aa8200e5f0_0, 0;
    %load/vec4 v0x55aa8200ea10_0;
    %assign/vec4 v0x55aa8200ead0_0, 0;
    %load/vec4 v0x55aa8200edc0_0;
    %assign/vec4 v0x55aa8200efc0_0, 0;
    %load/vec4 v0x55aa8200ec30_0;
    %assign/vec4 v0x55aa8200ed00_0, 0;
T_8.1 ;
    %jmp T_8;
    .thread T_8;
    .scope S_0x55aa81fc39f0;
T_9 ;
    %wait E_0x55aa81ff26d0;
    %load/vec4 v0x55aa820194f0_0;
    %nor/r;
    %flag_set/vec4 8;
    %jmp/0xz  T_9.0, 8;
    %pushi/vec4 0, 0, 32;
    %assign/vec4 v0x55aa82019130_0, 0;
    %jmp T_9.1;
T_9.0 ;
    %load/vec4 v0x55aa82019590_0;
    %nor/r;
    %flag_set/vec4 8;
    %jmp/0xz  T_9.2, 8;
    %load/vec4 v0x55aa820191d0_0;
    %assign/vec4 v0x55aa82019130_0, 0;
T_9.2 ;
T_9.1 ;
    %jmp T_9;
    .thread T_9;
# The file index is used to find the file name in the following table.
:file_names 12;
    "N/A";
    "<interactive>";
    "/home/mistryu/Documents/TUM/DHL/vivado/Final_project/vivado_design/IPs/RISC-V_core_pipelined/src/rv_pl.v";
    "./alu.v";
    "./decoder.v";
    "./sign_ext.v";
    "./hazard_unit.v";
    "./plr1.v";
    "./plr2.v";
    "./plr3.v";
    "./plr4.v";
    "./reg_file.v";
