#! /usr/bin/vvp
:ivl_version "12.0 (stable)";
:ivl_delay_selection "TYPICAL";
:vpi_time_precision - 12;
:vpi_module "/usr/lib64/ivl/system.vpi";
:vpi_module "/usr/lib64/ivl/vhdl_sys.vpi";
:vpi_module "/usr/lib64/ivl/vhdl_textio.vpi";
:vpi_module "/usr/lib64/ivl/v2005_math.vpi";
:vpi_module "/usr/lib64/ivl/va_math.vpi";
S_0x5570c369bb60 .scope module, "rv_pl" "rv_pl" 2 13;
 .timescale -9 -12;
    .port_info 0 /INPUT 1 "clk";
    .port_info 1 /INPUT 1 "resetn";
    .port_info 2 /OUTPUT 1 "imem_clk";
    .port_info 3 /OUTPUT 1 "imem_enb";
    .port_info 4 /OUTPUT 1 "imem_rstn";
    .port_info 5 /OUTPUT 4 "imem_web";
    .port_info 6 /OUTPUT 32 "imem_addr";
    .port_info 7 /OUTPUT 32 "imem_wd";
    .port_info 8 /INPUT 32 "imem_rd";
    .port_info 9 /OUTPUT 1 "dmem_clk";
    .port_info 10 /OUTPUT 1 "dmem_rstn";
    .port_info 11 /OUTPUT 1 "dmem_enb";
    .port_info 12 /OUTPUT 4 "dmem_web";
    .port_info 13 /OUTPUT 32 "dmem_addr";
    .port_info 14 /OUTPUT 32 "dmem_wd";
    .port_info 15 /INPUT 32 "dmem_rd";
o0x7f6a74c83918 .functor BUFZ 1, C4<z>; HiZ drive
L_0x5570c36cad50 .functor BUFZ 1, o0x7f6a74c83918, C4<0>, C4<0>, C4<0>;
L_0x5570c36ad070 .functor BUFZ 32, v0x5570c36f0990_0, C4<00000000000000000000000000000000>, C4<00000000000000000000000000000000>, C4<00000000000000000000000000000000>;
o0x7f6a74c837f8 .functor BUFZ 32, C4<zzzzzzzzzzzzzzzzzzzzzzzzzzzzzzzz>; HiZ drive
L_0x5570c36c9c10 .functor BUFZ 32, o0x7f6a74c837f8, C4<00000000000000000000000000000000>, C4<00000000000000000000000000000000>, C4<00000000000000000000000000000000>;
o0x7f6a74c80e88 .functor BUFZ 1, C4<z>; HiZ drive
L_0x5570c36c7fd0 .functor BUFZ 1, o0x7f6a74c80e88, C4<0>, C4<0>, C4<0>;
L_0x5570c36b8d60 .functor BUFZ 1, L_0x5570c36cad50, C4<0>, C4<0>, C4<0>;
L_0x5570c3702670 .functor BUFZ 32, v0x5570c36e4e00_0, C4<00000000000000000000000000000000>, C4<00000000000000000000000000000000>, C4<00000000000000000000000000000000>;
L_0x5570c3702720 .functor BUFZ 32, v0x5570c36e50a0_0, C4<00000000000000000000000000000000>, C4<00000000000000000000000000000000>, C4<00000000000000000000000000000000>;
o0x7f6a74c83618 .functor BUFZ 32, C4<zzzzzzzzzzzzzzzzzzzzzzzzzzzzzzzz>; HiZ drive
L_0x5570c37027e0 .functor BUFZ 32, o0x7f6a74c83618, C4<00000000000000000000000000000000>, C4<00000000000000000000000000000000>, C4<00000000000000000000000000000000>;
L_0x5570c37028f0 .functor BUFZ 1, o0x7f6a74c80e88, C4<0>, C4<0>, C4<0>;
L_0x5570c3702960 .functor BUFZ 1, L_0x5570c36cad50, C4<0>, C4<0>, C4<0>;
L_0x5570c3704da0 .functor AND 1, L_0x5570c3704cb0, v0x5570c36e4430_0, C4<1>, C4<1>;
L_0x5570c3703fc0 .functor AND 1, L_0x5570c3704eb0, v0x5570c36e5c90_0, C4<1>, C4<1>;
L_0x5570c3707080 .functor AND 1, v0x5570c36e26a0_0, L_0x5570c3706f40, C4<1>, C4<1>;
L_0x5570c3707230 .functor AND 1, v0x5570c36e42c0_0, v0x5570c36e73b0_0, C4<1>, C4<1>;
L_0x5570c3705150 .functor AND 1, L_0x5570c3707230, L_0x5570c3706c30, C4<1>, C4<1>;
L_0x5570c3707330 .functor AND 1, L_0x5570c3705150, L_0x5570c37074c0, C4<1>, C4<1>;
L_0x5570c3707880 .functor OR 1, L_0x5570c3707080, v0x5570c36e2d30_0, C4<0>, C4<0>;
v0x5570c36e9b50_0 .net *"_ivl_100", 0 0, L_0x5570c3705a60;  1 drivers
L_0x7f6a747c4720 .functor BUFT 1, C4<01>, C4<0>, C4<0>, C4<0>;
v0x5570c36e9c30_0 .net/2u *"_ivl_102", 1 0, L_0x7f6a747c4720;  1 drivers
v0x5570c36e9d10_0 .net *"_ivl_104", 0 0, L_0x5570c37057e0;  1 drivers
L_0x7f6a747c4768 .functor BUFT 1, C4<10>, C4<0>, C4<0>, C4<0>;
v0x5570c36e9db0_0 .net/2u *"_ivl_106", 1 0, L_0x7f6a747c4768;  1 drivers
v0x5570c36e9e90_0 .net *"_ivl_108", 0 0, L_0x5570c3705c10;  1 drivers
v0x5570c36e9f50_0 .net *"_ivl_110", 31 0, L_0x5570c3705b00;  1 drivers
v0x5570c36ea030_0 .net *"_ivl_112", 31 0, L_0x5570c3705e20;  1 drivers
L_0x7f6a747c47b0 .functor BUFT 1, C4<10>, C4<0>, C4<0>, C4<0>;
v0x5570c36ea110_0 .net/2u *"_ivl_116", 1 0, L_0x7f6a747c47b0;  1 drivers
v0x5570c36ea1f0_0 .net *"_ivl_118", 0 0, L_0x5570c37060e0;  1 drivers
L_0x7f6a747c47f8 .functor BUFT 1, C4<01>, C4<0>, C4<0>, C4<0>;
v0x5570c36ea340_0 .net/2u *"_ivl_120", 1 0, L_0x7f6a747c47f8;  1 drivers
v0x5570c36ea420_0 .net *"_ivl_122", 0 0, L_0x5570c3705ec0;  1 drivers
v0x5570c36ea4e0_0 .net *"_ivl_124", 31 0, L_0x5570c3706360;  1 drivers
L_0x7f6a747c4840 .functor BUFT 1, C4<10>, C4<0>, C4<0>, C4<0>;
v0x5570c36ea5c0_0 .net/2u *"_ivl_128", 1 0, L_0x7f6a747c4840;  1 drivers
v0x5570c36ea6a0_0 .net *"_ivl_130", 0 0, L_0x5570c3706690;  1 drivers
L_0x7f6a747c4888 .functor BUFT 1, C4<01>, C4<0>, C4<0>, C4<0>;
v0x5570c36ea760_0 .net/2u *"_ivl_132", 1 0, L_0x7f6a747c4888;  1 drivers
v0x5570c36ea840_0 .net *"_ivl_134", 0 0, L_0x5570c3706400;  1 drivers
v0x5570c36ea900_0 .net *"_ivl_136", 31 0, L_0x5570c37068e0;  1 drivers
v0x5570c36ea9e0_0 .net *"_ivl_149", 0 0, L_0x5570c3707230;  1 drivers
L_0x7f6a747c4918 .functor BUFT 1, C4<00000>, C4<0>, C4<0>, C4<0>;
v0x5570c36eaaa0_0 .net/2u *"_ivl_150", 4 0, L_0x7f6a747c4918;  1 drivers
v0x5570c36eab80_0 .net *"_ivl_152", 0 0, L_0x5570c3706c30;  1 drivers
v0x5570c36eac40_0 .net *"_ivl_155", 0 0, L_0x5570c3705150;  1 drivers
v0x5570c36ead00_0 .net *"_ivl_156", 0 0, L_0x5570c37074c0;  1 drivers
v0x5570c36eadc0_0 .net *"_ivl_159", 0 0, L_0x5570c3707330;  1 drivers
v0x5570c36eae80_0 .net *"_ivl_163", 0 0, L_0x5570c3707880;  1 drivers
L_0x7f6a747c4018 .functor BUFT 1, C4<00000000000000000000000000000100>, C4<0>, C4<0>, C4<0>;
v0x5570c36eaf40_0 .net/2u *"_ivl_2", 31 0, L_0x7f6a747c4018;  1 drivers
L_0x7f6a747c4138 .functor BUFT 1, C4<1>, C4<0>, C4<0>, C4<0>;
v0x5570c36eb020_0 .net/2u *"_ivl_20", 0 0, L_0x7f6a747c4138;  1 drivers
L_0x7f6a747c4180 .functor BUFT 1, C4<0>, C4<0>, C4<0>, C4<0>;
v0x5570c36eb100_0 .net/2u *"_ivl_22", 0 0, L_0x7f6a747c4180;  1 drivers
L_0x7f6a747c41c8 .functor BUFT 1, C4<1111>, C4<0>, C4<0>, C4<0>;
v0x5570c36eb1e0_0 .net/2u *"_ivl_26", 3 0, L_0x7f6a747c41c8;  1 drivers
L_0x7f6a747c4210 .functor BUFT 1, C4<0000>, C4<0>, C4<0>, C4<0>;
v0x5570c36eb2c0_0 .net/2u *"_ivl_28", 3 0, L_0x7f6a747c4210;  1 drivers
L_0x7f6a747c4498 .functor BUFT 1, C4<00>, C4<0>, C4<0>, C4<0>;
v0x5570c36eb3a0_0 .net/2u *"_ivl_48", 1 0, L_0x7f6a747c4498;  1 drivers
v0x5570c36eb480_0 .net *"_ivl_50", 0 0, L_0x5570c3704530;  1 drivers
L_0x7f6a747c44e0 .functor BUFT 1, C4<01>, C4<0>, C4<0>, C4<0>;
v0x5570c36eb540_0 .net/2u *"_ivl_52", 1 0, L_0x7f6a747c44e0;  1 drivers
v0x5570c36eb620_0 .net *"_ivl_54", 0 0, L_0x5570c3704670;  1 drivers
L_0x7f6a747c4528 .functor BUFT 1, C4<10>, C4<0>, C4<0>, C4<0>;
v0x5570c36eb8f0_0 .net/2u *"_ivl_56", 1 0, L_0x7f6a747c4528;  1 drivers
v0x5570c36eb9d0_0 .net *"_ivl_58", 0 0, L_0x5570c37047b0;  1 drivers
v0x5570c36eba90_0 .net *"_ivl_60", 31 0, L_0x5570c3704850;  1 drivers
v0x5570c36ebb70_0 .net *"_ivl_62", 31 0, L_0x5570c3704990;  1 drivers
L_0x7f6a747c4570 .functor BUFT 1, C4<01>, C4<0>, C4<0>, C4<0>;
v0x5570c36ebc50_0 .net/2u *"_ivl_66", 1 0, L_0x7f6a747c4570;  1 drivers
v0x5570c36ebd30_0 .net *"_ivl_68", 0 0, L_0x5570c3704cb0;  1 drivers
L_0x7f6a747c45b8 .functor BUFT 1, C4<01>, C4<0>, C4<0>, C4<0>;
v0x5570c36ebdf0_0 .net/2u *"_ivl_72", 1 0, L_0x7f6a747c45b8;  1 drivers
v0x5570c36ebed0_0 .net *"_ivl_74", 0 0, L_0x5570c3704eb0;  1 drivers
L_0x7f6a747c4600 .functor BUFT 1, C4<00>, C4<0>, C4<0>, C4<0>;
v0x5570c36ebf90_0 .net/2u *"_ivl_80", 1 0, L_0x7f6a747c4600;  1 drivers
v0x5570c36ec070_0 .net *"_ivl_82", 0 0, L_0x5570c3705260;  1 drivers
L_0x7f6a747c4648 .functor BUFT 1, C4<10>, C4<0>, C4<0>, C4<0>;
v0x5570c36ec130_0 .net/2u *"_ivl_84", 1 0, L_0x7f6a747c4648;  1 drivers
v0x5570c36ec210_0 .net *"_ivl_86", 0 0, L_0x5570c3705420;  1 drivers
L_0x7f6a747c4690 .functor BUFT 1, C4<11>, C4<0>, C4<0>, C4<0>;
v0x5570c36ec2d0_0 .net/2u *"_ivl_88", 1 0, L_0x7f6a747c4690;  1 drivers
v0x5570c36ec3b0_0 .net *"_ivl_90", 0 0, L_0x5570c3705510;  1 drivers
v0x5570c36ec470_0 .net *"_ivl_92", 31 0, L_0x5570c37056a0;  1 drivers
v0x5570c36ec550_0 .net *"_ivl_94", 31 0, L_0x5570c3705740;  1 drivers
L_0x7f6a747c46d8 .functor BUFT 1, C4<00>, C4<0>, C4<0>, C4<0>;
v0x5570c36ec630_0 .net/2u *"_ivl_98", 1 0, L_0x7f6a747c46d8;  1 drivers
v0x5570c36ec710_0 .net "alu_in1", 31 0, L_0x5570c3706b90;  1 drivers
v0x5570c36ec7d0_0 .net "alu_in2", 31 0, L_0x5570c3706db0;  1 drivers
v0x5570c36ec870_0 .net "clk", 0 0, o0x7f6a74c80e88;  0 drivers
v0x5570c36ec910_0 .net "d_alu_ctrl", 3 0, v0x5570c35e2f20_0;  1 drivers
v0x5570c36ec9b0_0 .net "d_branch", 0 0, v0x5570c36dec00_0;  1 drivers
v0x5570c36ecaa0_0 .net "d_ext", 31 0, v0x5570c36dfc20_0;  1 drivers
v0x5570c36ecbb0_0 .net "d_instr", 31 0, v0x5570c36e1960_0;  1 drivers
v0x5570c36ecc70_0 .net "d_jump", 0 0, v0x5570c36def90_0;  1 drivers
v0x5570c36ecd10_0 .net "d_pc", 31 0, v0x5570c36e1ba0_0;  1 drivers
v0x5570c36ece20_0 .net "d_pc_p4", 31 0, v0x5570c36e1d60_0;  1 drivers
v0x5570c36ecf30_0 .net "d_rd", 4 0, L_0x5570c3702ba0;  1 drivers
v0x5570c36ecff0_0 .net "d_rs1", 4 0, L_0x5570c3702a30;  1 drivers
v0x5570c36ed090_0 .net "d_rs2", 4 0, L_0x5570c3702b00;  1 drivers
v0x5570c36ed150_0 .net "d_sel_alu_src_a", 0 0, v0x5570c36df130_0;  1 drivers
v0x5570c36ed240_0 .net "d_sel_alu_src_b", 0 0, v0x5570c36df1f0_0;  1 drivers
v0x5570c36ed740_0 .net "d_sel_ext", 2 0, v0x5570c36df2b0_0;  1 drivers
v0x5570c36ed850_0 .net "d_sel_result", 1 0, v0x5570c36df390_0;  1 drivers
v0x5570c36ed960_0 .net "d_uses_rs2", 0 0, v0x5570c36df470_0;  1 drivers
v0x5570c36eda50_0 .net "d_we_dm", 0 0, v0x5570c36df530_0;  1 drivers
v0x5570c36edb40_0 .net "d_we_rf", 0 0, v0x5570c36df5f0_0;  1 drivers
v0x5570c36edc30_0 .net "dm_rd", 31 0, L_0x5570c37027e0;  1 drivers
v0x5570c36edcf0_0 .net "dmem_addr", 31 0, L_0x5570c3702670;  1 drivers
v0x5570c36eddb0_0 .net "dmem_clk", 0 0, L_0x5570c37028f0;  1 drivers
v0x5570c36ede70_0 .net "dmem_enb", 0 0, L_0x5570c3702370;  1 drivers
v0x5570c36edf30_0 .net "dmem_rd", 31 0, o0x7f6a74c83618;  0 drivers
v0x5570c36ee010_0 .net "dmem_rstn", 0 0, L_0x5570c3702960;  1 drivers
v0x5570c36ee0d0_0 .net "dmem_wd", 31 0, L_0x5570c3702720;  1 drivers
v0x5570c36ee1b0_0 .net "dmem_web", 3 0, L_0x5570c3702530;  1 drivers
v0x5570c36ee290_0 .net "e_alu_ctrl", 3 0, v0x5570c36e2500_0;  1 drivers
v0x5570c36ee3a0_0 .net "e_alu_o", 31 0, v0x5570c36b8e80_0;  1 drivers
v0x5570c36ee4b0_0 .net "e_branch", 0 0, v0x5570c36e26a0_0;  1 drivers
v0x5570c36ee550_0 .net "e_branch_taken", 0 0, L_0x5570c3707080;  1 drivers
v0x5570c36ee5f0_0 .net "e_dm_wd", 31 0, L_0x5570c3707740;  1 drivers
v0x5570c36ee690_0 .net "e_ext", 31 0, v0x5570c36e29d0_0;  1 drivers
v0x5570c36ee780_0 .net "e_instr", 31 0, v0x5570c36e2ba0_0;  1 drivers
v0x5570c36ee870_0 .net "e_is_load", 0 0, L_0x5570c3704da0;  1 drivers
v0x5570c36ee910_0 .net "e_jump", 0 0, v0x5570c36e2d30_0;  1 drivers
v0x5570c36eea00_0 .net "e_pc", 31 0, v0x5570c36e2ed0_0;  1 drivers
v0x5570c36eeaa0_0 .net "e_pc_p4", 31 0, v0x5570c36e3060_0;  1 drivers
v0x5570c36eeb90_0 .net "e_rd", 4 0, v0x5570c36e3690_0;  1 drivers
v0x5570c36eec50_0 .net "e_rd1", 31 0, v0x5570c36e3310_0;  1 drivers
v0x5570c36eed10_0 .net "e_rd2", 31 0, v0x5570c36e34d0_0;  1 drivers
v0x5570c36eedb0_0 .net "e_rs1", 4 0, v0x5570c36e3850_0;  1 drivers
v0x5570c36eeea0_0 .net "e_rs2", 4 0, v0x5570c36e39f0_0;  1 drivers
v0x5570c36eefb0_0 .net "e_sel_alu_src_a", 0 0, v0x5570c36e3c60_0;  1 drivers
v0x5570c36ef050_0 .net "e_sel_alu_src_b", 0 0, v0x5570c36e3dd0_0;  1 drivers
v0x5570c36ef0f0_0 .net "e_sel_result", 1 0, v0x5570c36e3f40_0;  1 drivers
v0x5570c36ef1e0_0 .net "e_target_pc", 31 0, L_0x5570c3707190;  1 drivers
v0x5570c36ef2a0_0 .net "e_we_dm", 0 0, v0x5570c36e42c0_0;  1 drivers
v0x5570c36ef390_0 .net "e_we_rf", 0 0, v0x5570c36e4430_0;  1 drivers
v0x5570c36ef480_0 .net "e_zero", 0 0, L_0x5570c3706f40;  1 drivers
v0x5570c36ef520_0 .net "flush_plr1", 0 0, v0x5570c36e0830_0;  1 drivers
v0x5570c36ef610_0 .net "flush_plr2", 0 0, v0x5570c36e0980_0;  1 drivers
v0x5570c36ef700_0 .net "forward_a", 1 0, v0x5570c36e0a40_0;  1 drivers
v0x5570c36ef7a0_0 .net "forward_b", 1 0, v0x5570c36e0b20_0;  1 drivers
v0x5570c36ef840_0 .net "fwd_a_val", 31 0, L_0x5570c3706500;  1 drivers
v0x5570c36ef900_0 .net "fwd_b_val", 31 0, L_0x5570c3706aa0;  1 drivers
v0x5570c36ef9e0_0 .net "imem_addr", 31 0, L_0x5570c36ad070;  1 drivers
v0x5570c36efac0_0 .net "imem_clk", 0 0, L_0x5570c36c7fd0;  1 drivers
L_0x7f6a747c4060 .functor BUFT 1, C4<1>, C4<0>, C4<0>, C4<0>;
v0x5570c36efb80_0 .net "imem_enb", 0 0, L_0x7f6a747c4060;  1 drivers
v0x5570c36efc40_0 .net "imem_rd", 31 0, o0x7f6a74c837f8;  0 drivers
v0x5570c36efd20_0 .net "imem_rstn", 0 0, L_0x5570c36b8d60;  1 drivers
L_0x7f6a747c40f0 .functor BUFT 1, C4<00000000000000000000000000000000>, C4<0>, C4<0>, C4<0>;
v0x5570c36efde0_0 .net "imem_wd", 31 0, L_0x7f6a747c40f0;  1 drivers
L_0x7f6a747c40a8 .functor BUFT 1, C4<0000>, C4<0>, C4<0>, C4<0>;
v0x5570c36efec0_0 .net "imem_web", 3 0, L_0x7f6a747c40a8;  1 drivers
v0x5570c36effa0_0 .net "instr_f", 31 0, L_0x5570c36c9c10;  1 drivers
v0x5570c36f0060_0 .net "m_alu_o", 31 0, v0x5570c36e4e00_0;  1 drivers
v0x5570c36f0150_0 .net "m_dm_wd", 31 0, v0x5570c36e50a0_0;  1 drivers
v0x5570c36f0210_0 .net "m_ext", 31 0, v0x5570c36e5290_0;  1 drivers
v0x5570c36f0300_0 .net "m_forward", 31 0, L_0x5570c3705890;  1 drivers
v0x5570c36f03e0_0 .net "m_instr", 31 0, v0x5570c36e5410_0;  1 drivers
v0x5570c36f04f0_0 .net "m_is_load", 0 0, L_0x5570c3703fc0;  1 drivers
v0x5570c36f0590_0 .net "m_pc_p4", 31 0, v0x5570c36e55c0_0;  1 drivers
v0x5570c36f0680_0 .net "m_rd", 4 0, v0x5570c36e5740_0;  1 drivers
v0x5570c36f0740_0 .net "m_sel_result", 1 0, v0x5570c36e5990_0;  1 drivers
v0x5570c36f0850_0 .net "m_we_dm", 0 0, v0x5570c36e5b20_0;  1 drivers
v0x5570c36f08f0_0 .net "m_we_rf", 0 0, v0x5570c36e5c90_0;  1 drivers
v0x5570c36f0990_0 .var "pc", 31 0;
v0x5570c36f0a30_0 .net "pc_next", 31 0, L_0x5570c37078f0;  1 drivers
v0x5570c36f0af0_0 .net "pc_p4", 31 0, L_0x5570c3702000;  1 drivers
v0x5570c36f13a0_0 .net "resetn", 0 0, o0x7f6a74c83918;  0 drivers
v0x5570c36f1440_0 .net "rf_rd1", 31 0, L_0x5570c37037c0;  1 drivers
v0x5570c36f1530_0 .net "rf_rd2", 31 0, L_0x5570c3704210;  1 drivers
v0x5570c36f1620_0 .net "rst_n", 0 0, L_0x5570c36cad50;  1 drivers
v0x5570c36f16c0_0 .net "stall", 0 0, v0x5570c36e0f20_0;  1 drivers
v0x5570c36f1760_0 .net "w_alu_o", 31 0, v0x5570c36e65a0_0;  1 drivers
v0x5570c36f1800_0 .net "w_dm_rd", 31 0, v0x5570c36e67f0_0;  1 drivers
v0x5570c36f18a0_0 .net "w_ext", 31 0, v0x5570c36e69e0_0;  1 drivers
v0x5570c36f1940_0 .net "w_instr", 31 0, v0x5570c36e6b90_0;  1 drivers
v0x5570c36f19e0_0 .net "w_pc_p4", 31 0, v0x5570c36e6d40_0;  1 drivers
v0x5570c36f1a80_0 .net "w_rd", 4 0, v0x5570c36e6ec0_0;  1 drivers
v0x5570c36f1b20_0 .net "w_result", 31 0, L_0x5570c3705fa0;  1 drivers
v0x5570c36f1bc0_0 .net "w_sel_result", 1 0, v0x5570c36e70f0_0;  1 drivers
v0x5570c36f1c60_0 .net "w_we_rf", 0 0, v0x5570c36e73b0_0;  1 drivers
L_0x5570c3702000 .arith/sum 32, v0x5570c36f0990_0, L_0x7f6a747c4018;
L_0x5570c3702370 .functor MUXZ 1, L_0x7f6a747c4180, L_0x7f6a747c4138, v0x5570c36e5b20_0, C4<>;
L_0x5570c3702530 .functor MUXZ 4, L_0x7f6a747c4210, L_0x7f6a747c41c8, v0x5570c36e5b20_0, C4<>;
L_0x5570c3702a30 .part v0x5570c36e1960_0, 15, 5;
L_0x5570c3702b00 .part v0x5570c36e1960_0, 20, 5;
L_0x5570c3702ba0 .part v0x5570c36e1960_0, 7, 5;
L_0x5570c3704530 .cmp/eq 2, v0x5570c36e70f0_0, L_0x7f6a747c4498;
L_0x5570c3704670 .cmp/eq 2, v0x5570c36e70f0_0, L_0x7f6a747c44e0;
L_0x5570c37047b0 .cmp/eq 2, v0x5570c36e70f0_0, L_0x7f6a747c4528;
L_0x5570c3704850 .functor MUXZ 32, v0x5570c36e69e0_0, v0x5570c36e6d40_0, L_0x5570c37047b0, C4<>;
L_0x5570c3704990 .functor MUXZ 32, L_0x5570c3704850, v0x5570c36e67f0_0, L_0x5570c3704670, C4<>;
L_0x5570c3704b20 .functor MUXZ 32, L_0x5570c3704990, v0x5570c36e65a0_0, L_0x5570c3704530, C4<>;
L_0x5570c3704cb0 .cmp/eq 2, v0x5570c36e3f40_0, L_0x7f6a747c4570;
L_0x5570c3704eb0 .cmp/eq 2, v0x5570c36e5990_0, L_0x7f6a747c45b8;
L_0x5570c37051c0 .reduce/nor v0x5570c36e0f20_0;
L_0x5570c3705260 .cmp/eq 2, v0x5570c36e5990_0, L_0x7f6a747c4600;
L_0x5570c3705420 .cmp/eq 2, v0x5570c36e5990_0, L_0x7f6a747c4648;
L_0x5570c3705510 .cmp/eq 2, v0x5570c36e5990_0, L_0x7f6a747c4690;
L_0x5570c37056a0 .functor MUXZ 32, L_0x5570c37027e0, v0x5570c36e5290_0, L_0x5570c3705510, C4<>;
L_0x5570c3705740 .functor MUXZ 32, L_0x5570c37056a0, v0x5570c36e55c0_0, L_0x5570c3705420, C4<>;
L_0x5570c3705890 .functor MUXZ 32, L_0x5570c3705740, v0x5570c36e4e00_0, L_0x5570c3705260, C4<>;
L_0x5570c3705a60 .cmp/eq 2, v0x5570c36e70f0_0, L_0x7f6a747c46d8;
L_0x5570c37057e0 .cmp/eq 2, v0x5570c36e70f0_0, L_0x7f6a747c4720;
L_0x5570c3705c10 .cmp/eq 2, v0x5570c36e70f0_0, L_0x7f6a747c4768;
L_0x5570c3705b00 .functor MUXZ 32, v0x5570c36e69e0_0, v0x5570c36e6d40_0, L_0x5570c3705c10, C4<>;
L_0x5570c3705e20 .functor MUXZ 32, L_0x5570c3705b00, v0x5570c36e67f0_0, L_0x5570c37057e0, C4<>;
L_0x5570c3705fa0 .functor MUXZ 32, L_0x5570c3705e20, v0x5570c36e65a0_0, L_0x5570c3705a60, C4<>;
L_0x5570c37060e0 .cmp/eq 2, v0x5570c36e0a40_0, L_0x7f6a747c47b0;
L_0x5570c3705ec0 .cmp/eq 2, v0x5570c36e0a40_0, L_0x7f6a747c47f8;
L_0x5570c3706360 .functor MUXZ 32, v0x5570c36e3310_0, L_0x5570c3705fa0, L_0x5570c3705ec0, C4<>;
L_0x5570c3706500 .functor MUXZ 32, L_0x5570c3706360, L_0x5570c3705890, L_0x5570c37060e0, C4<>;
L_0x5570c3706690 .cmp/eq 2, v0x5570c36e0b20_0, L_0x7f6a747c4840;
L_0x5570c3706400 .cmp/eq 2, v0x5570c36e0b20_0, L_0x7f6a747c4888;
L_0x5570c37068e0 .functor MUXZ 32, v0x5570c36e34d0_0, L_0x5570c3705fa0, L_0x5570c3706400, C4<>;
L_0x5570c3706aa0 .functor MUXZ 32, L_0x5570c37068e0, L_0x5570c3705890, L_0x5570c3706690, C4<>;
L_0x5570c3706b90 .functor MUXZ 32, L_0x5570c3706500, v0x5570c36e2ed0_0, v0x5570c36e3c60_0, C4<>;
L_0x5570c3706db0 .functor MUXZ 32, L_0x5570c3706aa0, v0x5570c36e29d0_0, v0x5570c36e3dd0_0, C4<>;
L_0x5570c3707190 .arith/sum 32, v0x5570c36e2ed0_0, v0x5570c36e29d0_0;
L_0x5570c3706c30 .cmp/ne 5, v0x5570c36e6ec0_0, L_0x7f6a747c4918;
L_0x5570c37074c0 .cmp/eq 5, v0x5570c36e6ec0_0, v0x5570c36e39f0_0;
L_0x5570c3707740 .functor MUXZ 32, L_0x5570c3706aa0, L_0x5570c3705fa0, L_0x5570c3707330, C4<>;
L_0x5570c37078f0 .functor MUXZ 32, L_0x5570c3702000, L_0x5570c3707190, L_0x5570c3707880, C4<>;
S_0x5570c3698ee0 .scope module, "ALU" "alu" 2 284, 3 3 0, S_0x5570c369bb60;
 .timescale -9 -12;
    .port_info 0 /INPUT 32 "a";
    .port_info 1 /INPUT 32 "b";
    .port_info 2 /INPUT 4 "alu_ctrl";
    .port_info 3 /OUTPUT 32 "result";
    .port_info 4 /OUTPUT 1 "zero";
P_0x5570c36195d0 .param/l "ALU_ADD" 1 3 10, C4<0000>;
P_0x5570c3619610 .param/l "ALU_AND" 1 3 12, C4<0010>;
P_0x5570c3619650 .param/l "ALU_OR" 1 3 13, C4<0011>;
P_0x5570c3619690 .param/l "ALU_SLL" 1 3 15, C4<0101>;
P_0x5570c36196d0 .param/l "ALU_SLT" 1 3 18, C4<1000>;
P_0x5570c3619710 .param/l "ALU_SLTU" 1 3 19, C4<1001>;
P_0x5570c3619750 .param/l "ALU_SRA" 1 3 17, C4<0111>;
P_0x5570c3619790 .param/l "ALU_SRL" 1 3 16, C4<0110>;
P_0x5570c36197d0 .param/l "ALU_SUB" 1 3 11, C4<0001>;
P_0x5570c3619810 .param/l "ALU_XOR" 1 3 14, C4<0100>;
L_0x7f6a747c48d0 .functor BUFT 1, C4<00000000000000000000000000000000>, C4<0>, C4<0>, C4<0>;
v0x5570c36cae70_0 .net/2u *"_ivl_0", 31 0, L_0x7f6a747c48d0;  1 drivers
v0x5570c36ad190_0 .net "a", 31 0, L_0x5570c3706b90;  alias, 1 drivers
v0x5570c36c9d30_0 .net "alu_ctrl", 3 0, v0x5570c36e2500_0;  alias, 1 drivers
v0x5570c36c80f0_0 .net "b", 31 0, L_0x5570c3706db0;  alias, 1 drivers
v0x5570c36b8e80_0 .var "result", 31 0;
v0x5570c3663ef0_0 .net "zero", 0 0, L_0x5570c3706f40;  alias, 1 drivers
E_0x5570c363d180 .event anyedge, v0x5570c36c9d30_0, v0x5570c36ad190_0, v0x5570c36c80f0_0;
L_0x5570c3706f40 .cmp/eq 32, v0x5570c36b8e80_0, L_0x7f6a747c48d0;
S_0x5570c3699260 .scope module, "DEC" "decoder" 2 136, 4 3 0, S_0x5570c369bb60;
 .timescale -9 -12;
    .port_info 0 /INPUT 32 "instr";
    .port_info 1 /OUTPUT 1 "we_rf";
    .port_info 2 /OUTPUT 1 "we_dm";
    .port_info 3 /OUTPUT 2 "sel_result";
    .port_info 4 /OUTPUT 4 "alu_ctrl";
    .port_info 5 /OUTPUT 1 "sel_alu_src_a";
    .port_info 6 /OUTPUT 1 "sel_alu_src_b";
    .port_info 7 /OUTPUT 3 "sel_ext";
    .port_info 8 /OUTPUT 1 "branch";
    .port_info 9 /OUTPUT 1 "jump";
    .port_info 10 /OUTPUT 1 "uses_rs2";
P_0x5570c36ddb40 .param/l "ALU_ADD" 1 4 30, C4<0000>;
P_0x5570c36ddb80 .param/l "ALU_AND" 1 4 32, C4<0010>;
P_0x5570c36ddbc0 .param/l "ALU_OR" 1 4 33, C4<0011>;
P_0x5570c36ddc00 .param/l "ALU_SLL" 1 4 35, C4<0101>;
P_0x5570c36ddc40 .param/l "ALU_SLT" 1 4 38, C4<1000>;
P_0x5570c36ddc80 .param/l "ALU_SLTU" 1 4 39, C4<1001>;
P_0x5570c36ddcc0 .param/l "ALU_SRA" 1 4 37, C4<0111>;
P_0x5570c36ddd00 .param/l "ALU_SRL" 1 4 36, C4<0110>;
P_0x5570c36ddd40 .param/l "ALU_SUB" 1 4 31, C4<0001>;
P_0x5570c36ddd80 .param/l "ALU_XOR" 1 4 34, C4<0100>;
P_0x5570c36dddc0 .param/l "EXT_B" 1 4 26, C4<010>;
P_0x5570c36dde00 .param/l "EXT_I" 1 4 24, C4<000>;
P_0x5570c36dde40 .param/l "EXT_J" 1 4 28, C4<100>;
P_0x5570c36dde80 .param/l "EXT_S" 1 4 25, C4<001>;
P_0x5570c36ddec0 .param/l "EXT_U" 1 4 27, C4<011>;
P_0x5570c36ddf00 .param/l "OPC_BEQ" 1 4 20, C4<1100011>;
P_0x5570c36ddf40 .param/l "OPC_I" 1 4 17, C4<0010011>;
P_0x5570c36ddf80 .param/l "OPC_JAL" 1 4 21, C4<1101111>;
P_0x5570c36ddfc0 .param/l "OPC_LUI" 1 4 22, C4<0110111>;
P_0x5570c36de000 .param/l "OPC_LW" 1 4 18, C4<0000011>;
P_0x5570c36de040 .param/l "OPC_R" 1 4 16, C4<0110011>;
P_0x5570c36de080 .param/l "OPC_SW" 1 4 19, C4<0100011>;
v0x5570c35e2f20_0 .var "alu_ctrl", 3 0;
v0x5570c36dec00_0 .var "branch", 0 0;
v0x5570c36decc0_0 .net "funct3", 2 0, L_0x5570c3702df0;  1 drivers
v0x5570c36ded80_0 .net "funct7", 6 0, L_0x5570c3702e90;  1 drivers
v0x5570c36dee60_0 .net "instr", 31 0, v0x5570c36e1960_0;  alias, 1 drivers
v0x5570c36def90_0 .var "jump", 0 0;
v0x5570c36df050_0 .net "opcode", 6 0, L_0x5570c3702c40;  1 drivers
v0x5570c36df130_0 .var "sel_alu_src_a", 0 0;
v0x5570c36df1f0_0 .var "sel_alu_src_b", 0 0;
v0x5570c36df2b0_0 .var "sel_ext", 2 0;
v0x5570c36df390_0 .var "sel_result", 1 0;
v0x5570c36df470_0 .var "uses_rs2", 0 0;
v0x5570c36df530_0 .var "we_dm", 0 0;
v0x5570c36df5f0_0 .var "we_rf", 0 0;
E_0x5570c363da70 .event anyedge, v0x5570c36df050_0, v0x5570c36decc0_0, v0x5570c36ded80_0;
L_0x5570c3702c40 .part v0x5570c36e1960_0, 0, 7;
L_0x5570c3702df0 .part v0x5570c36e1960_0, 12, 3;
L_0x5570c3702e90 .part v0x5570c36e1960_0, 25, 7;
S_0x5570c369ad00 .scope module, "EXT" "sign_ext" 2 151, 5 3 0, S_0x5570c369bb60;
 .timescale -9 -12;
    .port_info 0 /INPUT 32 "instr";
    .port_info 1 /INPUT 3 "sel_ext";
    .port_info 2 /OUTPUT 32 "imm";
P_0x5570c36df810 .param/l "EXT_B" 1 5 10, C4<010>;
P_0x5570c36df850 .param/l "EXT_I" 1 5 8, C4<000>;
P_0x5570c36df890 .param/l "EXT_J" 1 5 12, C4<100>;
P_0x5570c36df8d0 .param/l "EXT_S" 1 5 9, C4<001>;
P_0x5570c36df910 .param/l "EXT_U" 1 5 11, C4<011>;
v0x5570c36dfc20_0 .var "imm", 31 0;
v0x5570c36dfd20_0 .net "instr", 31 0, v0x5570c36e1960_0;  alias, 1 drivers
v0x5570c36dfde0_0 .net "sel_ext", 2 0, v0x5570c36df2b0_0;  alias, 1 drivers
E_0x5570c363dd20 .event anyedge, v0x5570c36df2b0_0, v0x5570c36dee60_0;
S_0x5570c369b0b0 .scope module, "HZD" "hazard_unit" 2 184, 6 3 0, S_0x5570c369bb60;
 .timescale -9 -12;
    .port_info 0 /INPUT 5 "d_rs1";
    .port_info 1 /INPUT 5 "d_rs2";
    .port_info 2 /INPUT 1 "d_uses_rs2";
    .port_info 3 /INPUT 5 "e_rs1";
    .port_info 4 /INPUT 5 "e_rs2";
    .port_info 5 /INPUT 5 "e_rd";
    .port_info 6 /INPUT 1 "e_is_load";
    .port_info 7 /INPUT 5 "m_rd";
    .port_info 8 /INPUT 1 "m_we_rf";
    .port_info 9 /INPUT 1 "m_is_load";
    .port_info 10 /INPUT 5 "w_rd";
    .port_info 11 /INPUT 1 "w_we_rf";
    .port_info 12 /INPUT 1 "branch_taken";
    .port_info 13 /INPUT 1 "jump";
    .port_info 14 /OUTPUT 2 "forward_a";
    .port_info 15 /OUTPUT 2 "forward_b";
    .port_info 16 /OUTPUT 1 "stall";
    .port_info 17 /OUTPUT 1 "flush_plr1";
    .port_info 18 /OUTPUT 1 "flush_plr2";
v0x5570c36e0180_0 .net "branch_taken", 0 0, L_0x5570c3707080;  alias, 1 drivers
v0x5570c36e0260_0 .net "d_rs1", 4 0, L_0x5570c3702a30;  alias, 1 drivers
v0x5570c36e0340_0 .net "d_rs2", 4 0, L_0x5570c3702b00;  alias, 1 drivers
v0x5570c36e0400_0 .net "d_uses_rs2", 0 0, v0x5570c36df470_0;  alias, 1 drivers
v0x5570c36e04a0_0 .net "e_is_load", 0 0, L_0x5570c3704da0;  alias, 1 drivers
v0x5570c36e0590_0 .net "e_rd", 4 0, v0x5570c36e3690_0;  alias, 1 drivers
v0x5570c36e0670_0 .net "e_rs1", 4 0, v0x5570c36e3850_0;  alias, 1 drivers
v0x5570c36e0750_0 .net "e_rs2", 4 0, v0x5570c36e39f0_0;  alias, 1 drivers
v0x5570c36e0830_0 .var "flush_plr1", 0 0;
v0x5570c36e0980_0 .var "flush_plr2", 0 0;
v0x5570c36e0a40_0 .var "forward_a", 1 0;
v0x5570c36e0b20_0 .var "forward_b", 1 0;
v0x5570c36e0c00_0 .net "jump", 0 0, v0x5570c36e2d30_0;  alias, 1 drivers
v0x5570c36e0cc0_0 .net "m_is_load", 0 0, L_0x5570c3703fc0;  alias, 1 drivers
v0x5570c36e0d80_0 .net "m_rd", 4 0, v0x5570c36e5740_0;  alias, 1 drivers
v0x5570c36e0e60_0 .net "m_we_rf", 0 0, v0x5570c36e5c90_0;  alias, 1 drivers
v0x5570c36e0f20_0 .var "stall", 0 0;
v0x5570c36e10f0_0 .net "w_rd", 4 0, v0x5570c36e6ec0_0;  alias, 1 drivers
v0x5570c36e11d0_0 .net "w_we_rf", 0 0, v0x5570c36e73b0_0;  alias, 1 drivers
E_0x5570c3605b30/0 .event anyedge, v0x5570c36e0e60_0, v0x5570c36e0d80_0, v0x5570c36e0670_0, v0x5570c36e0750_0;
E_0x5570c3605b30/1 .event anyedge, v0x5570c36e11d0_0, v0x5570c36e10f0_0, v0x5570c36e0a40_0, v0x5570c36e0b20_0;
E_0x5570c3605b30/2 .event anyedge, v0x5570c36e04a0_0, v0x5570c36e0590_0, v0x5570c36e0260_0, v0x5570c36df470_0;
E_0x5570c3605b30/3 .event anyedge, v0x5570c36e0340_0, v0x5570c36e0180_0, v0x5570c36e0c00_0;
E_0x5570c3605b30 .event/or E_0x5570c3605b30/0, E_0x5570c3605b30/1, E_0x5570c3605b30/2, E_0x5570c3605b30/3;
S_0x5570c369b460 .scope module, "PLR1" "plr1" 2 207, 7 3 0, S_0x5570c369bb60;
 .timescale -9 -12;
    .port_info 0 /INPUT 1 "clk";
    .port_info 1 /INPUT 1 "rst_n";
    .port_info 2 /INPUT 1 "en";
    .port_info 3 /INPUT 1 "clr";
    .port_info 4 /INPUT 32 "instr_in";
    .port_info 5 /INPUT 32 "pc_in";
    .port_info 6 /INPUT 32 "pc_p4_in";
    .port_info 7 /OUTPUT 32 "instr_out";
    .port_info 8 /OUTPUT 32 "pc_out";
    .port_info 9 /OUTPUT 32 "pc_p4_out";
v0x5570c36dff10_0 .net "clk", 0 0, o0x7f6a74c80e88;  alias, 0 drivers
v0x5570c36e1760_0 .net "clr", 0 0, v0x5570c36e0830_0;  alias, 1 drivers
v0x5570c36e1820_0 .net "en", 0 0, L_0x5570c37051c0;  1 drivers
v0x5570c36e18c0_0 .net "instr_in", 31 0, L_0x5570c36c9c10;  alias, 1 drivers
v0x5570c36e1960_0 .var "instr_out", 31 0;
v0x5570c36e1ac0_0 .net "pc_in", 31 0, v0x5570c36f0990_0;  1 drivers
v0x5570c36e1ba0_0 .var "pc_out", 31 0;
v0x5570c36e1c80_0 .net "pc_p4_in", 31 0, L_0x5570c3702000;  alias, 1 drivers
v0x5570c36e1d60_0 .var "pc_p4_out", 31 0;
v0x5570c36e1e40_0 .net "rst_n", 0 0, L_0x5570c36cad50;  alias, 1 drivers
E_0x5570c36ca800 .event posedge, v0x5570c36dff10_0;
S_0x5570c369b7e0 .scope module, "PLR2" "plr2" 2 221, 8 3 0, S_0x5570c369bb60;
 .timescale -9 -12;
    .port_info 0 /INPUT 1 "clk";
    .port_info 1 /INPUT 1 "rst_n";
    .port_info 2 /INPUT 1 "clr";
    .port_info 3 /INPUT 32 "instr_in";
    .port_info 4 /INPUT 32 "pc_in";
    .port_info 5 /INPUT 32 "pc_p4_in";
    .port_info 6 /INPUT 32 "ext_in";
    .port_info 7 /INPUT 32 "rd1_in";
    .port_info 8 /INPUT 32 "rd2_in";
    .port_info 9 /INPUT 5 "rs1_in";
    .port_info 10 /INPUT 5 "rs2_in";
    .port_info 11 /INPUT 5 "rd_in";
    .port_info 12 /INPUT 1 "we_rf_in";
    .port_info 13 /INPUT 1 "we_dm_in";
    .port_info 14 /INPUT 2 "sel_result_in";
    .port_info 15 /INPUT 4 "alu_ctrl_in";
    .port_info 16 /INPUT 1 "sel_alu_src_a_in";
    .port_info 17 /INPUT 1 "sel_alu_src_b_in";
    .port_info 18 /INPUT 1 "branch_in";
    .port_info 19 /INPUT 1 "jump_in";
    .port_info 20 /OUTPUT 32 "instr_out";
    .port_info 21 /OUTPUT 32 "pc_out";
    .port_info 22 /OUTPUT 32 "pc_p4_out";
    .port_info 23 /OUTPUT 32 "ext_out";
    .port_info 24 /OUTPUT 32 "rd1_out";
    .port_info 25 /OUTPUT 32 "rd2_out";
    .port_info 26 /OUTPUT 5 "rs1_out";
    .port_info 27 /OUTPUT 5 "rs2_out";
    .port_info 28 /OUTPUT 5 "rd_out";
    .port_info 29 /OUTPUT 1 "we_rf_out";
    .port_info 30 /OUTPUT 1 "we_dm_out";
    .port_info 31 /OUTPUT 2 "sel_result_out";
    .port_info 32 /OUTPUT 4 "alu_ctrl_out";
    .port_info 33 /OUTPUT 1 "sel_alu_src_a_out";
    .port_info 34 /OUTPUT 1 "sel_alu_src_b_out";
    .port_info 35 /OUTPUT 1 "branch_out";
    .port_info 36 /OUTPUT 1 "jump_out";
v0x5570c36e2420_0 .net "alu_ctrl_in", 3 0, v0x5570c35e2f20_0;  alias, 1 drivers
v0x5570c36e2500_0 .var "alu_ctrl_out", 3 0;
v0x5570c36e25a0_0 .net "branch_in", 0 0, v0x5570c36dec00_0;  alias, 1 drivers
v0x5570c36e26a0_0 .var "branch_out", 0 0;
v0x5570c36e2740_0 .net "clk", 0 0, o0x7f6a74c80e88;  alias, 0 drivers
v0x5570c36e2830_0 .net "clr", 0 0, v0x5570c36e0980_0;  alias, 1 drivers
v0x5570c36e2900_0 .net "ext_in", 31 0, v0x5570c36dfc20_0;  alias, 1 drivers
v0x5570c36e29d0_0 .var "ext_out", 31 0;
v0x5570c36e2a70_0 .net "instr_in", 31 0, v0x5570c36e1960_0;  alias, 1 drivers
v0x5570c36e2ba0_0 .var "instr_out", 31 0;
v0x5570c36e2c60_0 .net "jump_in", 0 0, v0x5570c36def90_0;  alias, 1 drivers
v0x5570c36e2d30_0 .var "jump_out", 0 0;
v0x5570c36e2e00_0 .net "pc_in", 31 0, v0x5570c36e1ba0_0;  alias, 1 drivers
v0x5570c36e2ed0_0 .var "pc_out", 31 0;
v0x5570c36e2f70_0 .net "pc_p4_in", 31 0, v0x5570c36e1d60_0;  alias, 1 drivers
v0x5570c36e3060_0 .var "pc_p4_out", 31 0;
v0x5570c36e3120_0 .net "rd1_in", 31 0, L_0x5570c37037c0;  alias, 1 drivers
v0x5570c36e3310_0 .var "rd1_out", 31 0;
v0x5570c36e33f0_0 .net "rd2_in", 31 0, L_0x5570c3704210;  alias, 1 drivers
v0x5570c36e34d0_0 .var "rd2_out", 31 0;
v0x5570c36e35b0_0 .net "rd_in", 4 0, L_0x5570c3702ba0;  alias, 1 drivers
v0x5570c36e3690_0 .var "rd_out", 4 0;
v0x5570c36e3780_0 .net "rs1_in", 4 0, L_0x5570c3702a30;  alias, 1 drivers
v0x5570c36e3850_0 .var "rs1_out", 4 0;
v0x5570c36e3920_0 .net "rs2_in", 4 0, L_0x5570c3702b00;  alias, 1 drivers
v0x5570c36e39f0_0 .var "rs2_out", 4 0;
v0x5570c36e3ac0_0 .net "rst_n", 0 0, L_0x5570c36cad50;  alias, 1 drivers
v0x5570c36e3b90_0 .net "sel_alu_src_a_in", 0 0, v0x5570c36df130_0;  alias, 1 drivers
v0x5570c36e3c60_0 .var "sel_alu_src_a_out", 0 0;
v0x5570c36e3d00_0 .net "sel_alu_src_b_in", 0 0, v0x5570c36df1f0_0;  alias, 1 drivers
v0x5570c36e3dd0_0 .var "sel_alu_src_b_out", 0 0;
v0x5570c36e3e70_0 .net "sel_result_in", 1 0, v0x5570c36df390_0;  alias, 1 drivers
v0x5570c36e3f40_0 .var "sel_result_out", 1 0;
v0x5570c36e41f0_0 .net "we_dm_in", 0 0, v0x5570c36df530_0;  alias, 1 drivers
v0x5570c36e42c0_0 .var "we_dm_out", 0 0;
v0x5570c36e4360_0 .net "we_rf_in", 0 0, v0x5570c36df5f0_0;  alias, 1 drivers
v0x5570c36e4430_0 .var "we_rf_out", 0 0;
S_0x5570c36e4970 .scope module, "PLR3" "plr3" 2 300, 9 3 0, S_0x5570c369bb60;
 .timescale -9 -12;
    .port_info 0 /INPUT 1 "clk";
    .port_info 1 /INPUT 1 "rst_n";
    .port_info 2 /INPUT 32 "instr_in";
    .port_info 3 /INPUT 32 "alu_o_in";
    .port_info 4 /INPUT 32 "dm_wd_in";
    .port_info 5 /INPUT 32 "pc_p4_in";
    .port_info 6 /INPUT 32 "ext_in";
    .port_info 7 /INPUT 5 "rd_in";
    .port_info 8 /INPUT 1 "we_rf_in";
    .port_info 9 /INPUT 1 "we_dm_in";
    .port_info 10 /INPUT 2 "sel_result_in";
    .port_info 11 /OUTPUT 32 "instr_out";
    .port_info 12 /OUTPUT 32 "alu_o_out";
    .port_info 13 /OUTPUT 32 "dm_wd_out";
    .port_info 14 /OUTPUT 32 "pc_p4_out";
    .port_info 15 /OUTPUT 32 "ext_out";
    .port_info 16 /OUTPUT 5 "rd_out";
    .port_info 17 /OUTPUT 1 "we_rf_out";
    .port_info 18 /OUTPUT 1 "we_dm_out";
    .port_info 19 /OUTPUT 2 "sel_result_out";
v0x5570c36e4cf0_0 .net "alu_o_in", 31 0, v0x5570c36b8e80_0;  alias, 1 drivers
v0x5570c36e4e00_0 .var "alu_o_out", 31 0;
v0x5570c36e4ec0_0 .net "clk", 0 0, o0x7f6a74c80e88;  alias, 0 drivers
v0x5570c36e4fe0_0 .net "dm_wd_in", 31 0, L_0x5570c3707740;  alias, 1 drivers
v0x5570c36e50a0_0 .var "dm_wd_out", 31 0;
v0x5570c36e51d0_0 .net "ext_in", 31 0, v0x5570c36e29d0_0;  alias, 1 drivers
v0x5570c36e5290_0 .var "ext_out", 31 0;
v0x5570c36e5350_0 .net "instr_in", 31 0, v0x5570c36e2ba0_0;  alias, 1 drivers
v0x5570c36e5410_0 .var "instr_out", 31 0;
v0x5570c36e54d0_0 .net "pc_p4_in", 31 0, v0x5570c36e3060_0;  alias, 1 drivers
v0x5570c36e55c0_0 .var "pc_p4_out", 31 0;
v0x5570c36e5680_0 .net "rd_in", 4 0, v0x5570c36e3690_0;  alias, 1 drivers
v0x5570c36e5740_0 .var "rd_out", 4 0;
v0x5570c36e5800_0 .net "rst_n", 0 0, L_0x5570c36cad50;  alias, 1 drivers
v0x5570c36e58f0_0 .net "sel_result_in", 1 0, v0x5570c36e3f40_0;  alias, 1 drivers
v0x5570c36e5990_0 .var "sel_result_out", 1 0;
v0x5570c36e5a50_0 .net "we_dm_in", 0 0, v0x5570c36e42c0_0;  alias, 1 drivers
v0x5570c36e5b20_0 .var "we_dm_out", 0 0;
v0x5570c36e5bc0_0 .net "we_rf_in", 0 0, v0x5570c36e4430_0;  alias, 1 drivers
v0x5570c36e5c90_0 .var "we_rf_out", 0 0;
S_0x5570c36e6050 .scope module, "PLR4" "plr4" 2 324, 10 3 0, S_0x5570c369bb60;
 .timescale -9 -12;
    .port_info 0 /INPUT 1 "clk";
    .port_info 1 /INPUT 1 "rst_n";
    .port_info 2 /INPUT 32 "instr_in";
    .port_info 3 /INPUT 32 "alu_o_in";
    .port_info 4 /INPUT 32 "dm_rd_in";
    .port_info 5 /INPUT 32 "pc_p4_in";
    .port_info 6 /INPUT 32 "ext_in";
    .port_info 7 /INPUT 5 "rd_in";
    .port_info 8 /INPUT 1 "we_rf_in";
    .port_info 9 /INPUT 2 "sel_result_in";
    .port_info 10 /OUTPUT 32 "instr_out";
    .port_info 11 /OUTPUT 32 "alu_o_out";
    .port_info 12 /OUTPUT 32 "dm_rd_out";
    .port_info 13 /OUTPUT 32 "pc_p4_out";
    .port_info 14 /OUTPUT 32 "ext_out";
    .port_info 15 /OUTPUT 5 "rd_out";
    .port_info 16 /OUTPUT 1 "we_rf_out";
    .port_info 17 /OUTPUT 2 "sel_result_out";
v0x5570c36e6490_0 .net "alu_o_in", 31 0, v0x5570c36e4e00_0;  alias, 1 drivers
v0x5570c36e65a0_0 .var "alu_o_out", 31 0;
v0x5570c36e6660_0 .net "clk", 0 0, o0x7f6a74c80e88;  alias, 0 drivers
v0x5570c36e6730_0 .net "dm_rd_in", 31 0, L_0x5570c37027e0;  alias, 1 drivers
v0x5570c36e67f0_0 .var "dm_rd_out", 31 0;
v0x5570c36e6920_0 .net "ext_in", 31 0, v0x5570c36e5290_0;  alias, 1 drivers
v0x5570c36e69e0_0 .var "ext_out", 31 0;
v0x5570c36e6aa0_0 .net "instr_in", 31 0, v0x5570c36e5410_0;  alias, 1 drivers
v0x5570c36e6b90_0 .var "instr_out", 31 0;
v0x5570c36e6c50_0 .net "pc_p4_in", 31 0, v0x5570c36e55c0_0;  alias, 1 drivers
v0x5570c36e6d40_0 .var "pc_p4_out", 31 0;
v0x5570c36e6e00_0 .net "rd_in", 4 0, v0x5570c36e5740_0;  alias, 1 drivers
v0x5570c36e6ec0_0 .var "rd_out", 4 0;
v0x5570c36e6f80_0 .net "rst_n", 0 0, L_0x5570c36cad50;  alias, 1 drivers
v0x5570c36e7020_0 .net "sel_result_in", 1 0, v0x5570c36e5990_0;  alias, 1 drivers
v0x5570c36e70f0_0 .var "sel_result_out", 1 0;
v0x5570c36e71b0_0 .net "we_rf_in", 0 0, v0x5570c36e5c90_0;  alias, 1 drivers
v0x5570c36e73b0_0 .var "we_rf_out", 0 0;
S_0x5570c36e7710 .scope module, "RF" "reg_file" 2 159, 11 3 0, S_0x5570c369bb60;
 .timescale -9 -12;
    .port_info 0 /INPUT 1 "clk";
    .port_info 1 /INPUT 1 "rst_n";
    .port_info 2 /INPUT 1 "we";
    .port_info 3 /INPUT 5 "ra1";
    .port_info 4 /INPUT 5 "ra2";
    .port_info 5 /INPUT 5 "wa";
    .port_info 6 /INPUT 32 "wd";
    .port_info 7 /OUTPUT 32 "rd1";
    .port_info 8 /OUTPUT 32 "rd2";
L_0x5570c37031f0 .functor AND 1, v0x5570c36e73b0_0, L_0x5570c3703090, C4<1>, C4<1>;
L_0x5570c3703390 .functor AND 1, L_0x5570c37031f0, L_0x5570c37032f0, C4<1>, C4<1>;
L_0x5570c3703b80 .functor AND 1, v0x5570c36e73b0_0, L_0x5570c3703a90, C4<1>, C4<1>;
L_0x5570c3703d40 .functor AND 1, L_0x5570c3703b80, L_0x5570c3703c40, C4<1>, C4<1>;
L_0x7f6a747c4258 .functor BUFT 1, C4<00000>, C4<0>, C4<0>, C4<0>;
v0x5570c36e6230_0 .net/2u *"_ivl_0", 4 0, L_0x7f6a747c4258;  1 drivers
v0x5570c36e7a30_0 .net *"_ivl_11", 0 0, L_0x5570c37031f0;  1 drivers
v0x5570c36e7af0_0 .net *"_ivl_12", 0 0, L_0x5570c37032f0;  1 drivers
v0x5570c36e7bc0_0 .net *"_ivl_15", 0 0, L_0x5570c3703390;  1 drivers
v0x5570c36e7c80_0 .net *"_ivl_16", 31 0, L_0x5570c3703430;  1 drivers
v0x5570c36e7db0_0 .net *"_ivl_18", 6 0, L_0x5570c3703500;  1 drivers
v0x5570c36e7e90_0 .net *"_ivl_2", 0 0, L_0x5570c3702f90;  1 drivers
L_0x7f6a747c4330 .functor BUFT 1, C4<00>, C4<0>, C4<0>, C4<0>;
v0x5570c36e7f50_0 .net *"_ivl_21", 1 0, L_0x7f6a747c4330;  1 drivers
v0x5570c36e8030_0 .net *"_ivl_22", 31 0, L_0x5570c3703640;  1 drivers
L_0x7f6a747c4378 .functor BUFT 1, C4<00000>, C4<0>, C4<0>, C4<0>;
v0x5570c36e81a0_0 .net/2u *"_ivl_26", 4 0, L_0x7f6a747c4378;  1 drivers
v0x5570c36e8280_0 .net *"_ivl_28", 0 0, L_0x5570c3703950;  1 drivers
L_0x7f6a747c43c0 .functor BUFT 1, C4<00000000000000000000000000000000>, C4<0>, C4<0>, C4<0>;
v0x5570c36e8340_0 .net/2u *"_ivl_30", 31 0, L_0x7f6a747c43c0;  1 drivers
L_0x7f6a747c4408 .functor BUFT 1, C4<00000>, C4<0>, C4<0>, C4<0>;
v0x5570c36e8420_0 .net/2u *"_ivl_32", 4 0, L_0x7f6a747c4408;  1 drivers
v0x5570c36e8500_0 .net *"_ivl_34", 0 0, L_0x5570c3703a90;  1 drivers
v0x5570c36e85c0_0 .net *"_ivl_37", 0 0, L_0x5570c3703b80;  1 drivers
v0x5570c36e8680_0 .net *"_ivl_38", 0 0, L_0x5570c3703c40;  1 drivers
L_0x7f6a747c42a0 .functor BUFT 1, C4<00000000000000000000000000000000>, C4<0>, C4<0>, C4<0>;
v0x5570c36e8740_0 .net/2u *"_ivl_4", 31 0, L_0x7f6a747c42a0;  1 drivers
v0x5570c36e8930_0 .net *"_ivl_41", 0 0, L_0x5570c3703d40;  1 drivers
v0x5570c36e89f0_0 .net *"_ivl_42", 31 0, L_0x5570c3703e30;  1 drivers
v0x5570c36e8ad0_0 .net *"_ivl_44", 6 0, L_0x5570c3703ed0;  1 drivers
L_0x7f6a747c4450 .functor BUFT 1, C4<00>, C4<0>, C4<0>, C4<0>;
v0x5570c36e8bb0_0 .net *"_ivl_47", 1 0, L_0x7f6a747c4450;  1 drivers
v0x5570c36e8c90_0 .net *"_ivl_48", 31 0, L_0x5570c3704080;  1 drivers
L_0x7f6a747c42e8 .functor BUFT 1, C4<00000>, C4<0>, C4<0>, C4<0>;
v0x5570c36e8d70_0 .net/2u *"_ivl_6", 4 0, L_0x7f6a747c42e8;  1 drivers
v0x5570c36e8e50_0 .net *"_ivl_8", 0 0, L_0x5570c3703090;  1 drivers
v0x5570c36e8f10_0 .net "clk", 0 0, o0x7f6a74c80e88;  alias, 0 drivers
v0x5570c36e8fb0_0 .var/i "i", 31 0;
v0x5570c36e9090_0 .net "ra1", 4 0, L_0x5570c3702a30;  alias, 1 drivers
v0x5570c36e9150_0 .net "ra2", 4 0, L_0x5570c3702b00;  alias, 1 drivers
v0x5570c36e9210_0 .net "rd1", 31 0, L_0x5570c37037c0;  alias, 1 drivers
v0x5570c36e92d0_0 .net "rd2", 31 0, L_0x5570c3704210;  alias, 1 drivers
v0x5570c36e9370 .array "regs", 31 0, 31 0;
v0x5570c36e9410_0 .net "rst_n", 0 0, L_0x5570c36cad50;  alias, 1 drivers
v0x5570c36e9540_0 .net "wa", 4 0, v0x5570c36e6ec0_0;  alias, 1 drivers
v0x5570c36e9810_0 .net "wd", 31 0, L_0x5570c3704b20;  1 drivers
v0x5570c36e98f0_0 .net "we", 0 0, v0x5570c36e73b0_0;  alias, 1 drivers
L_0x5570c3702f90 .cmp/eq 5, L_0x5570c3702a30, L_0x7f6a747c4258;
L_0x5570c3703090 .cmp/ne 5, v0x5570c36e6ec0_0, L_0x7f6a747c42e8;
L_0x5570c37032f0 .cmp/eq 5, L_0x5570c3702a30, v0x5570c36e6ec0_0;
L_0x5570c3703430 .array/port v0x5570c36e9370, L_0x5570c3703500;
L_0x5570c3703500 .concat [ 5 2 0 0], L_0x5570c3702a30, L_0x7f6a747c4330;
L_0x5570c3703640 .functor MUXZ 32, L_0x5570c3703430, L_0x5570c3704b20, L_0x5570c3703390, C4<>;
L_0x5570c37037c0 .functor MUXZ 32, L_0x5570c3703640, L_0x7f6a747c42a0, L_0x5570c3702f90, C4<>;
L_0x5570c3703950 .cmp/eq 5, L_0x5570c3702b00, L_0x7f6a747c4378;
L_0x5570c3703a90 .cmp/ne 5, v0x5570c36e6ec0_0, L_0x7f6a747c4408;
L_0x5570c3703c40 .cmp/eq 5, L_0x5570c3702b00, v0x5570c36e6ec0_0;
L_0x5570c3703e30 .array/port v0x5570c36e9370, L_0x5570c3703ed0;
L_0x5570c3703ed0 .concat [ 5 2 0 0], L_0x5570c3702b00, L_0x7f6a747c4450;
L_0x5570c3704080 .functor MUXZ 32, L_0x5570c3703e30, L_0x5570c3704b20, L_0x5570c3703d40, C4<>;
L_0x5570c3704210 .functor MUXZ 32, L_0x5570c3704080, L_0x7f6a747c43c0, L_0x5570c3703950, C4<>;
    .scope S_0x5570c3699260;
T_0 ;
    %wait E_0x5570c363da70;
    %pushi/vec4 0, 0, 1;
    %store/vec4 v0x5570c36df5f0_0, 0, 1;
    %pushi/vec4 0, 0, 1;
    %store/vec4 v0x5570c36df530_0, 0, 1;
    %pushi/vec4 0, 0, 2;
    %store/vec4 v0x5570c36df390_0, 0, 2;
    %pushi/vec4 0, 0, 4;
    %store/vec4 v0x5570c35e2f20_0, 0, 4;
    %pushi/vec4 0, 0, 1;
    %store/vec4 v0x5570c36df130_0, 0, 1;
    %pushi/vec4 0, 0, 1;
    %store/vec4 v0x5570c36df1f0_0, 0, 1;
    %pushi/vec4 0, 0, 3;
    %store/vec4 v0x5570c36df2b0_0, 0, 3;
    %pushi/vec4 0, 0, 1;
    %store/vec4 v0x5570c36dec00_0, 0, 1;
    %pushi/vec4 0, 0, 1;
    %store/vec4 v0x5570c36def90_0, 0, 1;
    %pushi/vec4 0, 0, 1;
    %store/vec4 v0x5570c36df470_0, 0, 1;
    %load/vec4 v0x5570c36df050_0;
    %dup/vec4;
    %pushi/vec4 51, 0, 7;
    %cmp/u;
    %jmp/1 T_0.0, 6;
    %dup/vec4;
    %pushi/vec4 19, 0, 7;
    %cmp/u;
    %jmp/1 T_0.1, 6;
    %dup/vec4;
    %pushi/vec4 3, 0, 7;
    %cmp/u;
    %jmp/1 T_0.2, 6;
    %dup/vec4;
    %pushi/vec4 35, 0, 7;
    %cmp/u;
    %jmp/1 T_0.3, 6;
    %dup/vec4;
    %pushi/vec4 99, 0, 7;
    %cmp/u;
    %jmp/1 T_0.4, 6;
    %dup/vec4;
    %pushi/vec4 111, 0, 7;
    %cmp/u;
    %jmp/1 T_0.5, 6;
    %dup/vec4;
    %pushi/vec4 55, 0, 7;
    %cmp/u;
    %jmp/1 T_0.6, 6;
    %jmp T_0.8;
T_0.0 ;
    %pushi/vec4 1, 0, 1;
    %store/vec4 v0x5570c36df5f0_0, 0, 1;
    %pushi/vec4 1, 0, 1;
    %store/vec4 v0x5570c36df470_0, 0, 1;
    %pushi/vec4 0, 0, 1;
    %store/vec4 v0x5570c36df1f0_0, 0, 1;
    %load/vec4 v0x5570c36decc0_0;
    %dup/vec4;
    %pushi/vec4 0, 0, 3;
    %cmp/u;
    %jmp/1 T_0.9, 6;
    %dup/vec4;
    %pushi/vec4 1, 0, 3;
    %cmp/u;
    %jmp/1 T_0.10, 6;
    %dup/vec4;
    %pushi/vec4 2, 0, 3;
    %cmp/u;
    %jmp/1 T_0.11, 6;
    %dup/vec4;
    %pushi/vec4 3, 0, 3;
    %cmp/u;
    %jmp/1 T_0.12, 6;
    %dup/vec4;
    %pushi/vec4 4, 0, 3;
    %cmp/u;
    %jmp/1 T_0.13, 6;
    %dup/vec4;
    %pushi/vec4 5, 0, 3;
    %cmp/u;
    %jmp/1 T_0.14, 6;
    %dup/vec4;
    %pushi/vec4 6, 0, 3;
    %cmp/u;
    %jmp/1 T_0.15, 6;
    %dup/vec4;
    %pushi/vec4 7, 0, 3;
    %cmp/u;
    %jmp/1 T_0.16, 6;
    %pushi/vec4 0, 0, 4;
    %store/vec4 v0x5570c35e2f20_0, 0, 4;
    %jmp T_0.18;
T_0.9 ;
    %load/vec4 v0x5570c36ded80_0;
    %cmpi/e 32, 0, 7;
    %flag_mov 8, 4;
    %jmp/0 T_0.19, 8;
    %pushi/vec4 1, 0, 4;
    %jmp/1 T_0.20, 8;
T_0.19 ; End of true expr.
    %pushi/vec4 0, 0, 4;
    %jmp/0 T_0.20, 8;
 ; End of false expr.
    %blend;
T_0.20;
    %store/vec4 v0x5570c35e2f20_0, 0, 4;
    %jmp T_0.18;
T_0.10 ;
    %pushi/vec4 5, 0, 4;
    %store/vec4 v0x5570c35e2f20_0, 0, 4;
    %jmp T_0.18;
T_0.11 ;
    %pushi/vec4 8, 0, 4;
    %store/vec4 v0x5570c35e2f20_0, 0, 4;
    %jmp T_0.18;
T_0.12 ;
    %pushi/vec4 9, 0, 4;
    %store/vec4 v0x5570c35e2f20_0, 0, 4;
    %jmp T_0.18;
T_0.13 ;
    %pushi/vec4 4, 0, 4;
    %store/vec4 v0x5570c35e2f20_0, 0, 4;
    %jmp T_0.18;
T_0.14 ;
    %load/vec4 v0x5570c36ded80_0;
    %cmpi/e 32, 0, 7;
    %flag_mov 8, 4;
    %jmp/0 T_0.21, 8;
    %pushi/vec4 7, 0, 4;
    %jmp/1 T_0.22, 8;
T_0.21 ; End of true expr.
    %pushi/vec4 6, 0, 4;
    %jmp/0 T_0.22, 8;
 ; End of false expr.
    %blend;
T_0.22;
    %store/vec4 v0x5570c35e2f20_0, 0, 4;
    %jmp T_0.18;
T_0.15 ;
    %pushi/vec4 3, 0, 4;
    %store/vec4 v0x5570c35e2f20_0, 0, 4;
    %jmp T_0.18;
T_0.16 ;
    %pushi/vec4 2, 0, 4;
    %store/vec4 v0x5570c35e2f20_0, 0, 4;
    %jmp T_0.18;
T_0.18 ;
    %pop/vec4 1;
    %jmp T_0.8;
T_0.1 ;
    %pushi/vec4 1, 0, 1;
    %store/vec4 v0x5570c36df5f0_0, 0, 1;
    %pushi/vec4 1, 0, 1;
    %store/vec4 v0x5570c36df1f0_0, 0, 1;
    %pushi/vec4 0, 0, 3;
    %store/vec4 v0x5570c36df2b0_0, 0, 3;
    %load/vec4 v0x5570c36decc0_0;
    %dup/vec4;
    %pushi/vec4 0, 0, 3;
    %cmp/u;
    %jmp/1 T_0.23, 6;
    %dup/vec4;
    %pushi/vec4 2, 0, 3;
    %cmp/u;
    %jmp/1 T_0.24, 6;
    %dup/vec4;
    %pushi/vec4 3, 0, 3;
    %cmp/u;
    %jmp/1 T_0.25, 6;
    %dup/vec4;
    %pushi/vec4 4, 0, 3;
    %cmp/u;
    %jmp/1 T_0.26, 6;
    %dup/vec4;
    %pushi/vec4 6, 0, 3;
    %cmp/u;
    %jmp/1 T_0.27, 6;
    %dup/vec4;
    %pushi/vec4 7, 0, 3;
    %cmp/u;
    %jmp/1 T_0.28, 6;
    %dup/vec4;
    %pushi/vec4 1, 0, 3;
    %cmp/u;
    %jmp/1 T_0.29, 6;
    %dup/vec4;
    %pushi/vec4 5, 0, 3;
    %cmp/u;
    %jmp/1 T_0.30, 6;
    %pushi/vec4 0, 0, 4;
    %store/vec4 v0x5570c35e2f20_0, 0, 4;
    %jmp T_0.32;
T_0.23 ;
    %pushi/vec4 0, 0, 4;
    %store/vec4 v0x5570c35e2f20_0, 0, 4;
    %jmp T_0.32;
T_0.24 ;
    %pushi/vec4 8, 0, 4;
    %store/vec4 v0x5570c35e2f20_0, 0, 4;
    %jmp T_0.32;
T_0.25 ;
    %pushi/vec4 9, 0, 4;
    %store/vec4 v0x5570c35e2f20_0, 0, 4;
    %jmp T_0.32;
T_0.26 ;
    %pushi/vec4 4, 0, 4;
    %store/vec4 v0x5570c35e2f20_0, 0, 4;
    %jmp T_0.32;
T_0.27 ;
    %pushi/vec4 3, 0, 4;
    %store/vec4 v0x5570c35e2f20_0, 0, 4;
    %jmp T_0.32;
T_0.28 ;
    %pushi/vec4 2, 0, 4;
    %store/vec4 v0x5570c35e2f20_0, 0, 4;
    %jmp T_0.32;
T_0.29 ;
    %pushi/vec4 5, 0, 4;
    %store/vec4 v0x5570c35e2f20_0, 0, 4;
    %jmp T_0.32;
T_0.30 ;
    %load/vec4 v0x5570c36ded80_0;
    %cmpi/e 32, 0, 7;
    %flag_mov 8, 4;
    %jmp/0 T_0.33, 8;
    %pushi/vec4 7, 0, 4;
    %jmp/1 T_0.34, 8;
T_0.33 ; End of true expr.
    %pushi/vec4 6, 0, 4;
    %jmp/0 T_0.34, 8;
 ; End of false expr.
    %blend;
T_0.34;
    %store/vec4 v0x5570c35e2f20_0, 0, 4;
    %jmp T_0.32;
T_0.32 ;
    %pop/vec4 1;
    %jmp T_0.8;
T_0.2 ;
    %pushi/vec4 1, 0, 1;
    %store/vec4 v0x5570c36df5f0_0, 0, 1;
    %pushi/vec4 1, 0, 2;
    %store/vec4 v0x5570c36df390_0, 0, 2;
    %pushi/vec4 1, 0, 1;
    %store/vec4 v0x5570c36df1f0_0, 0, 1;
    %pushi/vec4 0, 0, 3;
    %store/vec4 v0x5570c36df2b0_0, 0, 3;
    %pushi/vec4 0, 0, 4;
    %store/vec4 v0x5570c35e2f20_0, 0, 4;
    %jmp T_0.8;
T_0.3 ;
    %pushi/vec4 1, 0, 1;
    %store/vec4 v0x5570c36df530_0, 0, 1;
    %pushi/vec4 1, 0, 1;
    %store/vec4 v0x5570c36df470_0, 0, 1;
    %pushi/vec4 1, 0, 1;
    %store/vec4 v0x5570c36df1f0_0, 0, 1;
    %pushi/vec4 1, 0, 3;
    %store/vec4 v0x5570c36df2b0_0, 0, 3;
    %pushi/vec4 0, 0, 4;
    %store/vec4 v0x5570c35e2f20_0, 0, 4;
    %jmp T_0.8;
T_0.4 ;
    %pushi/vec4 1, 0, 1;
    %store/vec4 v0x5570c36dec00_0, 0, 1;
    %pushi/vec4 1, 0, 1;
    %store/vec4 v0x5570c36df470_0, 0, 1;
    %pushi/vec4 2, 0, 3;
    %store/vec4 v0x5570c36df2b0_0, 0, 3;
    %pushi/vec4 1, 0, 4;
    %store/vec4 v0x5570c35e2f20_0, 0, 4;
    %jmp T_0.8;
T_0.5 ;
    %pushi/vec4 1, 0, 1;
    %store/vec4 v0x5570c36def90_0, 0, 1;
    %pushi/vec4 1, 0, 1;
    %store/vec4 v0x5570c36df5f0_0, 0, 1;
    %pushi/vec4 2, 0, 2;
    %store/vec4 v0x5570c36df390_0, 0, 2;
    %pushi/vec4 1, 0, 1;
    %store/vec4 v0x5570c36df130_0, 0, 1;
    %pushi/vec4 1, 0, 1;
    %store/vec4 v0x5570c36df1f0_0, 0, 1;
    %pushi/vec4 4, 0, 3;
    %store/vec4 v0x5570c36df2b0_0, 0, 3;
    %pushi/vec4 0, 0, 4;
    %store/vec4 v0x5570c35e2f20_0, 0, 4;
    %jmp T_0.8;
T_0.6 ;
    %pushi/vec4 1, 0, 1;
    %store/vec4 v0x5570c36df5f0_0, 0, 1;
    %pushi/vec4 3, 0, 2;
    %store/vec4 v0x5570c36df390_0, 0, 2;
    %pushi/vec4 3, 0, 3;
    %store/vec4 v0x5570c36df2b0_0, 0, 3;
    %jmp T_0.8;
T_0.8 ;
    %pop/vec4 1;
    %jmp T_0;
    .thread T_0, $push;
    .scope S_0x5570c369ad00;
T_1 ;
    %wait E_0x5570c363dd20;
    %load/vec4 v0x5570c36dfde0_0;
    %dup/vec4;
    %pushi/vec4 0, 0, 3;
    %cmp/u;
    %jmp/1 T_1.0, 6;
    %dup/vec4;
    %pushi/vec4 1, 0, 3;
    %cmp/u;
    %jmp/1 T_1.1, 6;
    %dup/vec4;
    %pushi/vec4 2, 0, 3;
    %cmp/u;
    %jmp/1 T_1.2, 6;
    %dup/vec4;
    %pushi/vec4 3, 0, 3;
    %cmp/u;
    %jmp/1 T_1.3, 6;
    %dup/vec4;
    %pushi/vec4 4, 0, 3;
    %cmp/u;
    %jmp/1 T_1.4, 6;
    %pushi/vec4 0, 0, 32;
    %store/vec4 v0x5570c36dfc20_0, 0, 32;
    %jmp T_1.6;
T_1.0 ;
    %load/vec4 v0x5570c36dfd20_0;
    %parti/s 1, 31, 6;
    %replicate 20;
    %load/vec4 v0x5570c36dfd20_0;
    %parti/s 12, 20, 6;
    %concat/vec4; draw_concat_vec4
    %store/vec4 v0x5570c36dfc20_0, 0, 32;
    %jmp T_1.6;
T_1.1 ;
    %load/vec4 v0x5570c36dfd20_0;
    %parti/s 1, 31, 6;
    %replicate 20;
    %load/vec4 v0x5570c36dfd20_0;
    %parti/s 7, 25, 6;
    %concat/vec4; draw_concat_vec4
    %load/vec4 v0x5570c36dfd20_0;
    %parti/s 5, 7, 4;
    %concat/vec4; draw_concat_vec4
    %store/vec4 v0x5570c36dfc20_0, 0, 32;
    %jmp T_1.6;
T_1.2 ;
    %load/vec4 v0x5570c36dfd20_0;
    %parti/s 1, 31, 6;
    %replicate 19;
    %load/vec4 v0x5570c36dfd20_0;
    %parti/s 1, 31, 6;
    %concat/vec4; draw_concat_vec4
    %load/vec4 v0x5570c36dfd20_0;
    %parti/s 1, 7, 4;
    %concat/vec4; draw_concat_vec4
    %load/vec4 v0x5570c36dfd20_0;
    %parti/s 6, 25, 6;
    %concat/vec4; draw_concat_vec4
    %load/vec4 v0x5570c36dfd20_0;
    %parti/s 4, 8, 5;
    %concat/vec4; draw_concat_vec4
    %concati/vec4 0, 0, 1;
    %store/vec4 v0x5570c36dfc20_0, 0, 32;
    %jmp T_1.6;
T_1.3 ;
    %load/vec4 v0x5570c36dfd20_0;
    %parti/s 20, 12, 5;
    %concati/vec4 0, 0, 12;
    %store/vec4 v0x5570c36dfc20_0, 0, 32;
    %jmp T_1.6;
T_1.4 ;
    %load/vec4 v0x5570c36dfd20_0;
    %parti/s 1, 31, 6;
    %replicate 11;
    %load/vec4 v0x5570c36dfd20_0;
    %parti/s 1, 31, 6;
    %concat/vec4; draw_concat_vec4
    %load/vec4 v0x5570c36dfd20_0;
    %parti/s 8, 12, 5;
    %concat/vec4; draw_concat_vec4
    %load/vec4 v0x5570c36dfd20_0;
    %parti/s 1, 20, 6;
    %concat/vec4; draw_concat_vec4
    %load/vec4 v0x5570c36dfd20_0;
    %parti/s 10, 21, 6;
    %concat/vec4; draw_concat_vec4
    %concati/vec4 0, 0, 1;
    %store/vec4 v0x5570c36dfc20_0, 0, 32;
    %jmp T_1.6;
T_1.6 ;
    %pop/vec4 1;
    %jmp T_1;
    .thread T_1, $push;
    .scope S_0x5570c36e7710;
T_2 ;
    %wait E_0x5570c36ca800;
    %load/vec4 v0x5570c36e9410_0;
    %nor/r;
    %flag_set/vec4 8;
    %jmp/0xz  T_2.0, 8;
    %pushi/vec4 0, 0, 32;
    %store/vec4 v0x5570c36e8fb0_0, 0, 32;
T_2.2 ;
    %load/vec4 v0x5570c36e8fb0_0;
    %cmpi/s 32, 0, 32;
    %jmp/0xz T_2.3, 5;
    %pushi/vec4 0, 0, 32;
    %ix/getv/s 3, v0x5570c36e8fb0_0;
    %ix/load 4, 0, 0; Constant delay
    %assign/vec4/a/d v0x5570c36e9370, 0, 4;
    %load/vec4 v0x5570c36e8fb0_0;
    %addi 1, 0, 32;
    %store/vec4 v0x5570c36e8fb0_0, 0, 32;
    %jmp T_2.2;
T_2.3 ;
    %jmp T_2.1;
T_2.0 ;
    %load/vec4 v0x5570c36e98f0_0;
    %flag_set/vec4 9;
    %flag_get/vec4 9;
    %jmp/0 T_2.6, 9;
    %load/vec4 v0x5570c36e9540_0;
    %pushi/vec4 0, 0, 5;
    %cmp/ne;
    %flag_get/vec4 4;
    %and;
T_2.6;
    %flag_set/vec4 8;
    %jmp/0xz  T_2.4, 8;
    %load/vec4 v0x5570c36e9810_0;
    %load/vec4 v0x5570c36e9540_0;
    %pad/u 7;
    %ix/vec4 3;
    %ix/load 4, 0, 0; Constant delay
    %assign/vec4/a/d v0x5570c36e9370, 0, 4;
T_2.4 ;
T_2.1 ;
    %jmp T_2;
    .thread T_2;
    .scope S_0x5570c369b0b0;
T_3 ;
    %wait E_0x5570c3605b30;
    %pushi/vec4 0, 0, 2;
    %store/vec4 v0x5570c36e0a40_0, 0, 2;
    %pushi/vec4 0, 0, 2;
    %store/vec4 v0x5570c36e0b20_0, 0, 2;
    %pushi/vec4 0, 0, 1;
    %store/vec4 v0x5570c36e0f20_0, 0, 1;
    %pushi/vec4 0, 0, 1;
    %store/vec4 v0x5570c36e0830_0, 0, 1;
    %pushi/vec4 0, 0, 1;
    %store/vec4 v0x5570c36e0980_0, 0, 1;
    %load/vec4 v0x5570c36e0e60_0;
    %flag_set/vec4 10;
    %flag_get/vec4 10;
    %jmp/0 T_3.3, 10;
    %load/vec4 v0x5570c36e0d80_0;
    %pushi/vec4 0, 0, 5;
    %cmp/ne;
    %flag_get/vec4 4;
    %and;
T_3.3;
    %flag_set/vec4 9;
    %flag_get/vec4 9;
    %jmp/0 T_3.2, 9;
    %load/vec4 v0x5570c36e0d80_0;
    %load/vec4 v0x5570c36e0670_0;
    %cmp/e;
    %flag_get/vec4 4;
    %and;
T_3.2;
    %flag_set/vec4 8;
    %jmp/0xz  T_3.0, 8;
    %pushi/vec4 2, 0, 2;
    %store/vec4 v0x5570c36e0a40_0, 0, 2;
T_3.0 ;
    %load/vec4 v0x5570c36e0e60_0;
    %flag_set/vec4 10;
    %flag_get/vec4 10;
    %jmp/0 T_3.7, 10;
    %load/vec4 v0x5570c36e0d80_0;
    %pushi/vec4 0, 0, 5;
    %cmp/ne;
    %flag_get/vec4 4;
    %and;
T_3.7;
    %flag_set/vec4 9;
    %flag_get/vec4 9;
    %jmp/0 T_3.6, 9;
    %load/vec4 v0x5570c36e0d80_0;
    %load/vec4 v0x5570c36e0750_0;
    %cmp/e;
    %flag_get/vec4 4;
    %and;
T_3.6;
    %flag_set/vec4 8;
    %jmp/0xz  T_3.4, 8;
    %pushi/vec4 2, 0, 2;
    %store/vec4 v0x5570c36e0b20_0, 0, 2;
T_3.4 ;
    %load/vec4 v0x5570c36e11d0_0;
    %flag_set/vec4 11;
    %flag_get/vec4 11;
    %jmp/0 T_3.12, 11;
    %load/vec4 v0x5570c36e10f0_0;
    %pushi/vec4 0, 0, 5;
    %cmp/ne;
    %flag_get/vec4 4;
    %and;
T_3.12;
    %flag_set/vec4 10;
    %flag_get/vec4 10;
    %jmp/0 T_3.11, 10;
    %load/vec4 v0x5570c36e10f0_0;
    %load/vec4 v0x5570c36e0670_0;
    %cmp/e;
    %flag_get/vec4 4;
    %and;
T_3.11;
    %flag_set/vec4 9;
    %flag_get/vec4 9;
    %jmp/0 T_3.10, 9;
    %load/vec4 v0x5570c36e0a40_0;
    %pushi/vec4 0, 0, 2;
    %cmp/e;
    %flag_get/vec4 4;
    %and;
T_3.10;
    %flag_set/vec4 8;
    %jmp/0xz  T_3.8, 8;
    %pushi/vec4 1, 0, 2;
    %store/vec4 v0x5570c36e0a40_0, 0, 2;
T_3.8 ;
    %load/vec4 v0x5570c36e11d0_0;
    %flag_set/vec4 11;
    %flag_get/vec4 11;
    %jmp/0 T_3.17, 11;
    %load/vec4 v0x5570c36e10f0_0;
    %pushi/vec4 0, 0, 5;
    %cmp/ne;
    %flag_get/vec4 4;
    %and;
T_3.17;
    %flag_set/vec4 10;
    %flag_get/vec4 10;
    %jmp/0 T_3.16, 10;
    %load/vec4 v0x5570c36e10f0_0;
    %load/vec4 v0x5570c36e0750_0;
    %cmp/e;
    %flag_get/vec4 4;
    %and;
T_3.16;
    %flag_set/vec4 9;
    %flag_get/vec4 9;
    %jmp/0 T_3.15, 9;
    %load/vec4 v0x5570c36e0b20_0;
    %pushi/vec4 0, 0, 2;
    %cmp/e;
    %flag_get/vec4 4;
    %and;
T_3.15;
    %flag_set/vec4 8;
    %jmp/0xz  T_3.13, 8;
    %pushi/vec4 1, 0, 2;
    %store/vec4 v0x5570c36e0b20_0, 0, 2;
T_3.13 ;
    %load/vec4 v0x5570c36e04a0_0;
    %flag_set/vec4 10;
    %flag_get/vec4 10;
    %jmp/0 T_3.21, 10;
    %load/vec4 v0x5570c36e0590_0;
    %pushi/vec4 0, 0, 5;
    %cmp/ne;
    %flag_get/vec4 4;
    %and;
T_3.21;
    %flag_set/vec4 9;
    %flag_get/vec4 9;
    %jmp/0 T_3.20, 9;
    %load/vec4 v0x5570c36e0590_0;
    %load/vec4 v0x5570c36e0260_0;
    %cmp/e;
    %flag_get/vec4 4;
    %jmp/1 T_3.22, 4;
    %load/vec4 v0x5570c36e0400_0;
    %flag_set/vec4 9;
    %flag_get/vec4 9;
    %jmp/0 T_3.23, 9;
    %load/vec4 v0x5570c36e0590_0;
    %load/vec4 v0x5570c36e0340_0;
    %cmp/e;
    %flag_get/vec4 4;
    %and;
T_3.23;
    %or;
T_3.22;
    %and;
T_3.20;
    %flag_set/vec4 8;
    %jmp/0xz  T_3.18, 8;
    %pushi/vec4 1, 0, 1;
    %store/vec4 v0x5570c36e0f20_0, 0, 1;
    %pushi/vec4 0, 0, 1;
    %store/vec4 v0x5570c36e0980_0, 0, 1;
T_3.18 ;
    %load/vec4 v0x5570c36e0180_0;
    %flag_set/vec4 8;
    %jmp/1 T_3.26, 8;
    %load/vec4 v0x5570c36e0c00_0;
    %flag_set/vec4 9;
    %flag_or 8, 9;
T_3.26;
    %jmp/0xz  T_3.24, 8;
    %pushi/vec4 1, 0, 1;
    %store/vec4 v0x5570c36e0830_0, 0, 1;
    %pushi/vec4 1, 0, 1;
    %store/vec4 v0x5570c36e0980_0, 0, 1;
T_3.24 ;
    %jmp T_3;
    .thread T_3, $push;
    .scope S_0x5570c369b460;
T_4 ;
    %wait E_0x5570c36ca800;
    %load/vec4 v0x5570c36e1e40_0;
    %nor/r;
    %flag_set/vec4 8;
    %jmp/0xz  T_4.0, 8;
    %pushi/vec4 0, 0, 32;
    %assign/vec4 v0x5570c36e1960_0, 0;
    %pushi/vec4 0, 0, 32;
    %assign/vec4 v0x5570c36e1ba0_0, 0;
    %pushi/vec4 0, 0, 32;
    %assign/vec4 v0x5570c36e1d60_0, 0;
    %jmp T_4.1;
T_4.0 ;
    %load/vec4 v0x5570c36e1760_0;
    %flag_set/vec4 8;
    %jmp/0xz  T_4.2, 8;
    %pushi/vec4 0, 0, 32;
    %assign/vec4 v0x5570c36e1960_0, 0;
    %pushi/vec4 0, 0, 32;
    %assign/vec4 v0x5570c36e1ba0_0, 0;
    %pushi/vec4 0, 0, 32;
    %assign/vec4 v0x5570c36e1d60_0, 0;
    %jmp T_4.3;
T_4.2 ;
    %load/vec4 v0x5570c36e1820_0;
    %flag_set/vec4 8;
    %jmp/0xz  T_4.4, 8;
    %load/vec4 v0x5570c36e18c0_0;
    %assign/vec4 v0x5570c36e1960_0, 0;
    %load/vec4 v0x5570c36e1ac0_0;
    %assign/vec4 v0x5570c36e1ba0_0, 0;
    %load/vec4 v0x5570c36e1c80_0;
    %assign/vec4 v0x5570c36e1d60_0, 0;
T_4.4 ;
T_4.3 ;
T_4.1 ;
    %jmp T_4;
    .thread T_4;
    .scope S_0x5570c369b7e0;
T_5 ;
    %wait E_0x5570c36ca800;
    %load/vec4 v0x5570c36e3ac0_0;
    %nor/r;
    %flag_set/vec4 8;
    %jmp/0xz  T_5.0, 8;
    %pushi/vec4 0, 0, 32;
    %assign/vec4 v0x5570c36e2ba0_0, 0;
    %pushi/vec4 0, 0, 32;
    %assign/vec4 v0x5570c36e2ed0_0, 0;
    %pushi/vec4 0, 0, 32;
    %assign/vec4 v0x5570c36e3060_0, 0;
    %pushi/vec4 0, 0, 32;
    %assign/vec4 v0x5570c36e29d0_0, 0;
    %pushi/vec4 0, 0, 32;
    %assign/vec4 v0x5570c36e3310_0, 0;
    %pushi/vec4 0, 0, 32;
    %assign/vec4 v0x5570c36e34d0_0, 0;
    %pushi/vec4 0, 0, 5;
    %assign/vec4 v0x5570c36e3850_0, 0;
    %pushi/vec4 0, 0, 5;
    %assign/vec4 v0x5570c36e39f0_0, 0;
    %pushi/vec4 0, 0, 5;
    %assign/vec4 v0x5570c36e3690_0, 0;
    %pushi/vec4 0, 0, 1;
    %assign/vec4 v0x5570c36e4430_0, 0;
    %pushi/vec4 0, 0, 1;
    %assign/vec4 v0x5570c36e42c0_0, 0;
    %pushi/vec4 0, 0, 2;
    %assign/vec4 v0x5570c36e3f40_0, 0;
    %pushi/vec4 0, 0, 4;
    %assign/vec4 v0x5570c36e2500_0, 0;
    %pushi/vec4 0, 0, 1;
    %assign/vec4 v0x5570c36e3c60_0, 0;
    %pushi/vec4 0, 0, 1;
    %assign/vec4 v0x5570c36e3dd0_0, 0;
    %pushi/vec4 0, 0, 1;
    %assign/vec4 v0x5570c36e26a0_0, 0;
    %pushi/vec4 0, 0, 1;
    %assign/vec4 v0x5570c36e2d30_0, 0;
    %jmp T_5.1;
T_5.0 ;
    %load/vec4 v0x5570c36e2830_0;
    %flag_set/vec4 8;
    %jmp/0xz  T_5.2, 8;
    %pushi/vec4 0, 0, 32;
    %assign/vec4 v0x5570c36e2ba0_0, 0;
    %pushi/vec4 0, 0, 32;
    %assign/vec4 v0x5570c36e2ed0_0, 0;
    %pushi/vec4 0, 0, 32;
    %assign/vec4 v0x5570c36e3060_0, 0;
    %pushi/vec4 0, 0, 32;
    %assign/vec4 v0x5570c36e29d0_0, 0;
    %pushi/vec4 0, 0, 32;
    %assign/vec4 v0x5570c36e3310_0, 0;
    %pushi/vec4 0, 0, 32;
    %assign/vec4 v0x5570c36e34d0_0, 0;
    %pushi/vec4 0, 0, 5;
    %assign/vec4 v0x5570c36e3850_0, 0;
    %pushi/vec4 0, 0, 5;
    %assign/vec4 v0x5570c36e39f0_0, 0;
    %pushi/vec4 0, 0, 5;
    %assign/vec4 v0x5570c36e3690_0, 0;
    %pushi/vec4 0, 0, 1;
    %assign/vec4 v0x5570c36e4430_0, 0;
    %pushi/vec4 0, 0, 1;
    %assign/vec4 v0x5570c36e42c0_0, 0;
    %pushi/vec4 0, 0, 2;
    %assign/vec4 v0x5570c36e3f40_0, 0;
    %pushi/vec4 0, 0, 4;
    %assign/vec4 v0x5570c36e2500_0, 0;
    %pushi/vec4 0, 0, 1;
    %assign/vec4 v0x5570c36e3c60_0, 0;
    %pushi/vec4 0, 0, 1;
    %assign/vec4 v0x5570c36e3dd0_0, 0;
    %pushi/vec4 0, 0, 1;
    %assign/vec4 v0x5570c36e26a0_0, 0;
    %pushi/vec4 0, 0, 1;
    %assign/vec4 v0x5570c36e2d30_0, 0;
    %jmp T_5.3;
T_5.2 ;
    %load/vec4 v0x5570c36e2a70_0;
    %assign/vec4 v0x5570c36e2ba0_0, 0;
    %load/vec4 v0x5570c36e2e00_0;
    %assign/vec4 v0x5570c36e2ed0_0, 0;
    %load/vec4 v0x5570c36e2f70_0;
    %assign/vec4 v0x5570c36e3060_0, 0;
    %load/vec4 v0x5570c36e2900_0;
    %assign/vec4 v0x5570c36e29d0_0, 0;
    %load/vec4 v0x5570c36e3120_0;
    %assign/vec4 v0x5570c36e3310_0, 0;
    %load/vec4 v0x5570c36e33f0_0;
    %assign/vec4 v0x5570c36e34d0_0, 0;
    %load/vec4 v0x5570c36e3780_0;
    %assign/vec4 v0x5570c36e3850_0, 0;
    %load/vec4 v0x5570c36e3920_0;
    %assign/vec4 v0x5570c36e39f0_0, 0;
    %load/vec4 v0x5570c36e35b0_0;
    %assign/vec4 v0x5570c36e3690_0, 0;
    %load/vec4 v0x5570c36e4360_0;
    %assign/vec4 v0x5570c36e4430_0, 0;
    %load/vec4 v0x5570c36e41f0_0;
    %assign/vec4 v0x5570c36e42c0_0, 0;
    %load/vec4 v0x5570c36e3e70_0;
    %assign/vec4 v0x5570c36e3f40_0, 0;
    %load/vec4 v0x5570c36e2420_0;
    %assign/vec4 v0x5570c36e2500_0, 0;
    %load/vec4 v0x5570c36e3b90_0;
    %assign/vec4 v0x5570c36e3c60_0, 0;
    %load/vec4 v0x5570c36e3d00_0;
    %assign/vec4 v0x5570c36e3dd0_0, 0;
    %load/vec4 v0x5570c36e25a0_0;
    %assign/vec4 v0x5570c36e26a0_0, 0;
    %load/vec4 v0x5570c36e2c60_0;
    %assign/vec4 v0x5570c36e2d30_0, 0;
T_5.3 ;
T_5.1 ;
    %jmp T_5;
    .thread T_5;
    .scope S_0x5570c3698ee0;
T_6 ;
    %wait E_0x5570c363d180;
    %load/vec4 v0x5570c36c9d30_0;
    %dup/vec4;
    %pushi/vec4 0, 0, 4;
    %cmp/u;
    %jmp/1 T_6.0, 6;
    %dup/vec4;
    %pushi/vec4 1, 0, 4;
    %cmp/u;
    %jmp/1 T_6.1, 6;
    %dup/vec4;
    %pushi/vec4 2, 0, 4;
    %cmp/u;
    %jmp/1 T_6.2, 6;
    %dup/vec4;
    %pushi/vec4 3, 0, 4;
    %cmp/u;
    %jmp/1 T_6.3, 6;
    %dup/vec4;
    %pushi/vec4 4, 0, 4;
    %cmp/u;
    %jmp/1 T_6.4, 6;
    %dup/vec4;
    %pushi/vec4 5, 0, 4;
    %cmp/u;
    %jmp/1 T_6.5, 6;
    %dup/vec4;
    %pushi/vec4 6, 0, 4;
    %cmp/u;
    %jmp/1 T_6.6, 6;
    %dup/vec4;
    %pushi/vec4 7, 0, 4;
    %cmp/u;
    %jmp/1 T_6.7, 6;
    %dup/vec4;
    %pushi/vec4 8, 0, 4;
    %cmp/u;
    %jmp/1 T_6.8, 6;
    %dup/vec4;
    %pushi/vec4 9, 0, 4;
    %cmp/u;
    %jmp/1 T_6.9, 6;
    %pushi/vec4 0, 0, 32;
    %store/vec4 v0x5570c36b8e80_0, 0, 32;
    %jmp T_6.11;
T_6.0 ;
    %load/vec4 v0x5570c36ad190_0;
    %load/vec4 v0x5570c36c80f0_0;
    %add;
    %store/vec4 v0x5570c36b8e80_0, 0, 32;
    %jmp T_6.11;
T_6.1 ;
    %load/vec4 v0x5570c36ad190_0;
    %load/vec4 v0x5570c36c80f0_0;
    %sub;
    %store/vec4 v0x5570c36b8e80_0, 0, 32;
    %jmp T_6.11;
T_6.2 ;
    %load/vec4 v0x5570c36ad190_0;
    %load/vec4 v0x5570c36c80f0_0;
    %and;
    %store/vec4 v0x5570c36b8e80_0, 0, 32;
    %jmp T_6.11;
T_6.3 ;
    %load/vec4 v0x5570c36ad190_0;
    %load/vec4 v0x5570c36c80f0_0;
    %or;
    %store/vec4 v0x5570c36b8e80_0, 0, 32;
    %jmp T_6.11;
T_6.4 ;
    %load/vec4 v0x5570c36ad190_0;
    %load/vec4 v0x5570c36c80f0_0;
    %xor;
    %store/vec4 v0x5570c36b8e80_0, 0, 32;
    %jmp T_6.11;
T_6.5 ;
    %load/vec4 v0x5570c36ad190_0;
    %load/vec4 v0x5570c36c80f0_0;
    %parti/s 5, 0, 2;
    %ix/vec4 4;
    %shiftl 4;
    %store/vec4 v0x5570c36b8e80_0, 0, 32;
    %jmp T_6.11;
T_6.6 ;
    %load/vec4 v0x5570c36ad190_0;
    %load/vec4 v0x5570c36c80f0_0;
    %parti/s 5, 0, 2;
    %ix/vec4 4;
    %shiftr 4;
    %store/vec4 v0x5570c36b8e80_0, 0, 32;
    %jmp T_6.11;
T_6.7 ;
    %load/vec4 v0x5570c36ad190_0;
    %load/vec4 v0x5570c36c80f0_0;
    %parti/s 5, 0, 2;
    %ix/vec4 4;
    %shiftr/s 4;
    %store/vec4 v0x5570c36b8e80_0, 0, 32;
    %jmp T_6.11;
T_6.8 ;
    %load/vec4 v0x5570c36ad190_0;
    %load/vec4 v0x5570c36c80f0_0;
    %cmp/s;
    %flag_mov 8, 5;
    %jmp/0 T_6.12, 8;
    %pushi/vec4 1, 0, 32;
    %jmp/1 T_6.13, 8;
T_6.12 ; End of true expr.
    %pushi/vec4 0, 0, 32;
    %jmp/0 T_6.13, 8;
 ; End of false expr.
    %blend;
T_6.13;
    %store/vec4 v0x5570c36b8e80_0, 0, 32;
    %jmp T_6.11;
T_6.9 ;
    %load/vec4 v0x5570c36ad190_0;
    %load/vec4 v0x5570c36c80f0_0;
    %cmp/u;
    %flag_mov 8, 5;
    %jmp/0 T_6.14, 8;
    %pushi/vec4 1, 0, 32;
    %jmp/1 T_6.15, 8;
T_6.14 ; End of true expr.
    %pushi/vec4 0, 0, 32;
    %jmp/0 T_6.15, 8;
 ; End of false expr.
    %blend;
T_6.15;
    %store/vec4 v0x5570c36b8e80_0, 0, 32;
    %jmp T_6.11;
T_6.11 ;
    %pop/vec4 1;
    %jmp T_6;
    .thread T_6, $push;
    .scope S_0x5570c36e4970;
T_7 ;
    %wait E_0x5570c36ca800;
    %load/vec4 v0x5570c36e5800_0;
    %nor/r;
    %flag_set/vec4 8;
    %jmp/0xz  T_7.0, 8;
    %pushi/vec4 0, 0, 32;
    %assign/vec4 v0x5570c36e5410_0, 0;
    %pushi/vec4 0, 0, 32;
    %assign/vec4 v0x5570c36e4e00_0, 0;
    %pushi/vec4 0, 0, 32;
    %assign/vec4 v0x5570c36e50a0_0, 0;
    %pushi/vec4 0, 0, 32;
    %assign/vec4 v0x5570c36e55c0_0, 0;
    %pushi/vec4 0, 0, 32;
    %assign/vec4 v0x5570c36e5290_0, 0;
    %pushi/vec4 0, 0, 5;
    %assign/vec4 v0x5570c36e5740_0, 0;
    %pushi/vec4 0, 0, 1;
    %assign/vec4 v0x5570c36e5c90_0, 0;
    %pushi/vec4 0, 0, 1;
    %assign/vec4 v0x5570c36e5b20_0, 0;
    %pushi/vec4 0, 0, 2;
    %assign/vec4 v0x5570c36e5990_0, 0;
    %jmp T_7.1;
T_7.0 ;
    %load/vec4 v0x5570c36e5350_0;
    %assign/vec4 v0x5570c36e5410_0, 0;
    %load/vec4 v0x5570c36e4cf0_0;
    %assign/vec4 v0x5570c36e4e00_0, 0;
    %load/vec4 v0x5570c36e4fe0_0;
    %assign/vec4 v0x5570c36e50a0_0, 0;
    %load/vec4 v0x5570c36e54d0_0;
    %assign/vec4 v0x5570c36e55c0_0, 0;
    %load/vec4 v0x5570c36e51d0_0;
    %assign/vec4 v0x5570c36e5290_0, 0;
    %load/vec4 v0x5570c36e5680_0;
    %assign/vec4 v0x5570c36e5740_0, 0;
    %load/vec4 v0x5570c36e5bc0_0;
    %assign/vec4 v0x5570c36e5c90_0, 0;
    %load/vec4 v0x5570c36e5a50_0;
    %assign/vec4 v0x5570c36e5b20_0, 0;
    %load/vec4 v0x5570c36e58f0_0;
    %assign/vec4 v0x5570c36e5990_0, 0;
T_7.1 ;
    %jmp T_7;
    .thread T_7;
    .scope S_0x5570c36e6050;
T_8 ;
    %wait E_0x5570c36ca800;
    %load/vec4 v0x5570c36e6f80_0;
    %nor/r;
    %flag_set/vec4 8;
    %jmp/0xz  T_8.0, 8;
    %pushi/vec4 0, 0, 32;
    %assign/vec4 v0x5570c36e6b90_0, 0;
    %pushi/vec4 0, 0, 32;
    %assign/vec4 v0x5570c36e65a0_0, 0;
    %pushi/vec4 0, 0, 32;
    %assign/vec4 v0x5570c36e67f0_0, 0;
    %pushi/vec4 0, 0, 32;
    %assign/vec4 v0x5570c36e6d40_0, 0;
    %pushi/vec4 0, 0, 32;
    %assign/vec4 v0x5570c36e69e0_0, 0;
    %pushi/vec4 0, 0, 5;
    %assign/vec4 v0x5570c36e6ec0_0, 0;
    %pushi/vec4 0, 0, 1;
    %assign/vec4 v0x5570c36e73b0_0, 0;
    %pushi/vec4 0, 0, 2;
    %assign/vec4 v0x5570c36e70f0_0, 0;
    %jmp T_8.1;
T_8.0 ;
    %load/vec4 v0x5570c36e6aa0_0;
    %assign/vec4 v0x5570c36e6b90_0, 0;
    %load/vec4 v0x5570c36e6490_0;
    %assign/vec4 v0x5570c36e65a0_0, 0;
    %load/vec4 v0x5570c36e6730_0;
    %assign/vec4 v0x5570c36e67f0_0, 0;
    %load/vec4 v0x5570c36e6c50_0;
    %assign/vec4 v0x5570c36e6d40_0, 0;
    %load/vec4 v0x5570c36e6920_0;
    %assign/vec4 v0x5570c36e69e0_0, 0;
    %load/vec4 v0x5570c36e6e00_0;
    %assign/vec4 v0x5570c36e6ec0_0, 0;
    %load/vec4 v0x5570c36e71b0_0;
    %assign/vec4 v0x5570c36e73b0_0, 0;
    %load/vec4 v0x5570c36e7020_0;
    %assign/vec4 v0x5570c36e70f0_0, 0;
T_8.1 ;
    %jmp T_8;
    .thread T_8;
    .scope S_0x5570c369bb60;
T_9 ;
    %wait E_0x5570c36ca800;
    %load/vec4 v0x5570c36f1620_0;
    %nor/r;
    %flag_set/vec4 8;
    %jmp/0xz  T_9.0, 8;
    %pushi/vec4 0, 0, 32;
    %assign/vec4 v0x5570c36f0990_0, 0;
    %jmp T_9.1;
T_9.0 ;
    %load/vec4 v0x5570c36f16c0_0;
    %nor/r;
    %flag_set/vec4 8;
    %jmp/0xz  T_9.2, 8;
    %load/vec4 v0x5570c36f0a30_0;
    %assign/vec4 v0x5570c36f0990_0, 0;
T_9.2 ;
T_9.1 ;
    %jmp T_9;
    .thread T_9;
# The file index is used to find the file name in the following table.
:file_names 12;
    "N/A";
    "<interactive>";
    "/home/georgi/Desktop/HDL/final project/Final_Project_HDL/Hardware_design/RISC-V_core_IP/src/rv_pl.v";
    "./alu.v";
    "./decoder.v";
    "./sign_ext.v";
    "./hazard_unit.v";
    "./plr1.v";
    "./plr2.v";
    "./plr3.v";
    "./plr4.v";
    "./reg_file.v";
