#! /usr/bin/vvp
:ivl_version "11.0 (stable)";
:ivl_delay_selection "TYPICAL";
:vpi_time_precision - 12;
:vpi_module "/usr/lib/x86_64-linux-gnu/ivl/system.vpi";
:vpi_module "/usr/lib/x86_64-linux-gnu/ivl/vhdl_sys.vpi";
:vpi_module "/usr/lib/x86_64-linux-gnu/ivl/vhdl_textio.vpi";
:vpi_module "/usr/lib/x86_64-linux-gnu/ivl/v2005_math.vpi";
:vpi_module "/usr/lib/x86_64-linux-gnu/ivl/va_math.vpi";
S_0x55e5efda7da0 .scope module, "rv_pl" "rv_pl" 2 13;
 .timescale -9 -12;
    .port_info 0 /INPUT 1 "clk";
    .port_info 1 /INPUT 1 "rst_n";
    .port_info 2 /OUTPUT 1 "imem_clk";
    .port_info 3 /OUTPUT 1 "imem_enb";
    .port_info 4 /OUTPUT 1 "imem_rstn";
    .port_info 5 /OUTPUT 4 "imem_web";
    .port_info 6 /OUTPUT 32 "imem_addr";
    .port_info 7 /OUTPUT 32 "imem_wd";
    .port_info 8 /INPUT 32 "imem_rd";
    .port_info 9 /OUTPUT 1 "dmem_clk";
    .port_info 10 /OUTPUT 1 "dmem_rstn";
    .port_info 11 /OUTPUT 1 "dmem_enb";
    .port_info 12 /OUTPUT 4 "dmem_web";
    .port_info 13 /OUTPUT 32 "dmem_addr";
    .port_info 14 /OUTPUT 32 "dmem_wd";
    .port_info 15 /INPUT 32 "dmem_rd";
L_0x55e5efdd7050 .functor BUFZ 32, v0x55e5efdfcac0_0, C4<00000000000000000000000000000000>, C4<00000000000000000000000000000000>, C4<00000000000000000000000000000000>;
o0x7fa317048798 .functor BUFZ 32, C4<zzzzzzzzzzzzzzzzzzzzzzzzzzzzzzzz>; HiZ drive
L_0x55e5efdb95a0 .functor BUFZ 32, o0x7fa317048798, C4<00000000000000000000000000000000>, C4<00000000000000000000000000000000>, C4<00000000000000000000000000000000>;
o0x7fa317045e88 .functor BUFZ 1, C4<z>; HiZ drive
L_0x55e5efdd5d50 .functor BUFZ 1, o0x7fa317045e88, C4<0>, C4<0>, C4<0>;
o0x7fa317045fd8 .functor BUFZ 1, C4<z>; HiZ drive
L_0x55e5efdd4110 .functor NOT 1, o0x7fa317045fd8, C4<0>, C4<0>, C4<0>;
L_0x55e5efdc4ea0 .functor BUFZ 32, v0x55e5efdf11e0_0, C4<00000000000000000000000000000000>, C4<00000000000000000000000000000000>, C4<00000000000000000000000000000000>;
L_0x55e5efe0e5c0 .functor BUFZ 32, v0x55e5efdf1480_0, C4<00000000000000000000000000000000>, C4<00000000000000000000000000000000>, C4<00000000000000000000000000000000>;
o0x7fa3170485b8 .functor BUFZ 32, C4<zzzzzzzzzzzzzzzzzzzzzzzzzzzzzzzz>; HiZ drive
L_0x55e5efe0e6c0 .functor BUFZ 32, o0x7fa3170485b8, C4<00000000000000000000000000000000>, C4<00000000000000000000000000000000>, C4<00000000000000000000000000000000>;
L_0x55e5efe0e780 .functor BUFZ 1, o0x7fa317045e88, C4<0>, C4<0>, C4<0>;
L_0x55e5efe0e840 .functor NOT 1, o0x7fa317045fd8, C4<0>, C4<0>, C4<0>;
L_0x55e5efe0fe10 .functor AND 1, L_0x55e5efe10ba0, v0x55e5efdf0810_0, C4<1>, C4<1>;
L_0x55e5efe10ea0 .functor AND 1, L_0x55e5efe10e00, v0x55e5efdf2070_0, C4<1>, C4<1>;
L_0x55e5efe10c90 .functor AND 1, v0x55e5efdeea80_0, L_0x55e5efe13350, C4<1>, C4<1>;
L_0x55e5efe13640 .functor AND 1, v0x55e5efdf06a0_0, v0x55e5efdf36e0_0, C4<1>, C4<1>;
L_0x55e5efe13920 .functor AND 1, L_0x55e5efe13640, L_0x55e5efe13740, C4<1>, C4<1>;
L_0x55e5efe13530 .functor AND 1, L_0x55e5efe13920, L_0x55e5efe13a30, C4<1>, C4<1>;
L_0x55e5efe13e00 .functor OR 1, L_0x55e5efe10c90, v0x55e5efdef110_0, C4<0>, C4<0>;
L_0x7fa316bd5018 .functor BUFT 1, C4<00000000000000000000000000000100>, C4<0>, C4<0>, C4<0>;
v0x55e5efdf5e80_0 .net/2u *"_ivl_0", 31 0, L_0x7fa316bd5018;  1 drivers
L_0x7fa316bd5720 .functor BUFT 1, C4<10>, C4<0>, C4<0>, C4<0>;
v0x55e5efdf5f80_0 .net/2u *"_ivl_100", 1 0, L_0x7fa316bd5720;  1 drivers
v0x55e5efdf6060_0 .net *"_ivl_102", 0 0, L_0x55e5efe11b70;  1 drivers
v0x55e5efdf6100_0 .net *"_ivl_104", 31 0, L_0x55e5efe11c60;  1 drivers
v0x55e5efdf61e0_0 .net *"_ivl_106", 31 0, L_0x55e5efe11e20;  1 drivers
L_0x7fa316bd5768 .functor BUFT 1, C4<10>, C4<0>, C4<0>, C4<0>;
v0x55e5efdf62c0_0 .net/2u *"_ivl_110", 1 0, L_0x7fa316bd5768;  1 drivers
v0x55e5efdf63a0_0 .net *"_ivl_112", 0 0, L_0x55e5efe12180;  1 drivers
L_0x7fa316bd57b0 .functor BUFT 1, C4<01>, C4<0>, C4<0>, C4<0>;
v0x55e5efdf6460_0 .net/2u *"_ivl_114", 1 0, L_0x7fa316bd57b0;  1 drivers
v0x55e5efdf6540_0 .net *"_ivl_116", 0 0, L_0x55e5efe122c0;  1 drivers
v0x55e5efdf6690_0 .net *"_ivl_118", 31 0, L_0x55e5efe124a0;  1 drivers
L_0x7fa316bd57f8 .functor BUFT 1, C4<10>, C4<0>, C4<0>, C4<0>;
v0x55e5efdf6770_0 .net/2u *"_ivl_122", 1 0, L_0x7fa316bd57f8;  1 drivers
v0x55e5efdf6850_0 .net *"_ivl_124", 0 0, L_0x55e5efe128c0;  1 drivers
L_0x7fa316bd5840 .functor BUFT 1, C4<01>, C4<0>, C4<0>, C4<0>;
v0x55e5efdf6910_0 .net/2u *"_ivl_126", 1 0, L_0x7fa316bd5840;  1 drivers
v0x55e5efdf69f0_0 .net *"_ivl_128", 0 0, L_0x55e5efe12a00;  1 drivers
v0x55e5efdf6ab0_0 .net *"_ivl_130", 31 0, L_0x55e5efe12c00;  1 drivers
v0x55e5efdf6b90_0 .net *"_ivl_143", 0 0, L_0x55e5efe13640;  1 drivers
L_0x7fa316bd58d0 .functor BUFT 1, C4<00000>, C4<0>, C4<0>, C4<0>;
v0x55e5efdf6c50_0 .net/2u *"_ivl_144", 4 0, L_0x7fa316bd58d0;  1 drivers
v0x55e5efdf6d30_0 .net *"_ivl_146", 0 0, L_0x55e5efe13740;  1 drivers
v0x55e5efdf6df0_0 .net *"_ivl_149", 0 0, L_0x55e5efe13920;  1 drivers
v0x55e5efdf6eb0_0 .net *"_ivl_150", 0 0, L_0x55e5efe13a30;  1 drivers
v0x55e5efdf6f70_0 .net *"_ivl_153", 0 0, L_0x55e5efe13530;  1 drivers
v0x55e5efdf7030_0 .net *"_ivl_157", 0 0, L_0x55e5efe13e00;  1 drivers
L_0x7fa316bd5180 .functor BUFT 1, C4<1111>, C4<0>, C4<0>, C4<0>;
v0x55e5efdf70f0_0 .net/2u *"_ivl_20", 3 0, L_0x7fa316bd5180;  1 drivers
L_0x7fa316bd51c8 .functor BUFT 1, C4<0000>, C4<0>, C4<0>, C4<0>;
v0x55e5efdf71d0_0 .net/2u *"_ivl_22", 3 0, L_0x7fa316bd51c8;  1 drivers
L_0x7fa316bd5450 .functor BUFT 1, C4<00>, C4<0>, C4<0>, C4<0>;
v0x55e5efdf72b0_0 .net/2u *"_ivl_42", 1 0, L_0x7fa316bd5450;  1 drivers
v0x55e5efdf7390_0 .net *"_ivl_44", 0 0, L_0x55e5efe10270;  1 drivers
L_0x7fa316bd5498 .functor BUFT 1, C4<01>, C4<0>, C4<0>, C4<0>;
v0x55e5efdf7450_0 .net/2u *"_ivl_46", 1 0, L_0x7fa316bd5498;  1 drivers
v0x55e5efdf7530_0 .net *"_ivl_48", 0 0, L_0x55e5efe10500;  1 drivers
L_0x7fa316bd54e0 .functor BUFT 1, C4<10>, C4<0>, C4<0>, C4<0>;
v0x55e5efdf75f0_0 .net/2u *"_ivl_50", 1 0, L_0x7fa316bd54e0;  1 drivers
v0x55e5efdf76d0_0 .net *"_ivl_52", 0 0, L_0x55e5efe105f0;  1 drivers
v0x55e5efdf7790_0 .net *"_ivl_54", 31 0, L_0x55e5efe106e0;  1 drivers
v0x55e5efdf7870_0 .net *"_ivl_56", 31 0, L_0x55e5efe10870;  1 drivers
L_0x7fa316bd5528 .functor BUFT 1, C4<01>, C4<0>, C4<0>, C4<0>;
v0x55e5efdf7950_0 .net/2u *"_ivl_60", 1 0, L_0x7fa316bd5528;  1 drivers
v0x55e5efdf7c40_0 .net *"_ivl_62", 0 0, L_0x55e5efe10ba0;  1 drivers
L_0x7fa316bd5570 .functor BUFT 1, C4<01>, C4<0>, C4<0>, C4<0>;
v0x55e5efdf7d00_0 .net/2u *"_ivl_66", 1 0, L_0x7fa316bd5570;  1 drivers
v0x55e5efdf7de0_0 .net *"_ivl_68", 0 0, L_0x55e5efe10e00;  1 drivers
L_0x7fa316bd55b8 .functor BUFT 1, C4<00>, C4<0>, C4<0>, C4<0>;
v0x55e5efdf7ea0_0 .net/2u *"_ivl_74", 1 0, L_0x7fa316bd55b8;  1 drivers
v0x55e5efdf7f80_0 .net *"_ivl_76", 0 0, L_0x55e5efe11160;  1 drivers
L_0x7fa316bd5600 .functor BUFT 1, C4<10>, C4<0>, C4<0>, C4<0>;
v0x55e5efdf8040_0 .net/2u *"_ivl_78", 1 0, L_0x7fa316bd5600;  1 drivers
v0x55e5efdf8120_0 .net *"_ivl_80", 0 0, L_0x55e5efe11290;  1 drivers
L_0x7fa316bd5648 .functor BUFT 1, C4<11>, C4<0>, C4<0>, C4<0>;
v0x55e5efdf81e0_0 .net/2u *"_ivl_82", 1 0, L_0x7fa316bd5648;  1 drivers
v0x55e5efdf82c0_0 .net *"_ivl_84", 0 0, L_0x55e5efe11410;  1 drivers
v0x55e5efdf8380_0 .net *"_ivl_86", 31 0, L_0x55e5efe11500;  1 drivers
v0x55e5efdf8460_0 .net *"_ivl_88", 31 0, L_0x55e5efe11690;  1 drivers
L_0x7fa316bd5690 .functor BUFT 1, C4<00>, C4<0>, C4<0>, C4<0>;
v0x55e5efdf8540_0 .net/2u *"_ivl_92", 1 0, L_0x7fa316bd5690;  1 drivers
v0x55e5efdf8620_0 .net *"_ivl_94", 0 0, L_0x55e5efe115a0;  1 drivers
L_0x7fa316bd56d8 .functor BUFT 1, C4<01>, C4<0>, C4<0>, C4<0>;
v0x55e5efdf86e0_0 .net/2u *"_ivl_96", 1 0, L_0x7fa316bd56d8;  1 drivers
v0x55e5efdf87c0_0 .net *"_ivl_98", 0 0, L_0x55e5efe119c0;  1 drivers
v0x55e5efdf8880_0 .net "alu_in1", 31 0, L_0x55e5efe12fa0;  1 drivers
v0x55e5efdf8940_0 .net "alu_in2", 31 0, L_0x55e5efe13180;  1 drivers
v0x55e5efdf89e0_0 .net "clk", 0 0, o0x7fa317045e88;  0 drivers
v0x55e5efdf8a80_0 .net "d_alu_ctrl", 3 0, v0x55e5efd3b280_0;  1 drivers
v0x55e5efdf8b20_0 .net "d_branch", 0 0, v0x55e5efdeabe0_0;  1 drivers
v0x55e5efdf8c10_0 .net "d_ext", 31 0, v0x55e5efdebc00_0;  1 drivers
v0x55e5efdf8d20_0 .net "d_instr", 31 0, v0x55e5efdedbb0_0;  1 drivers
v0x55e5efdf8de0_0 .net "d_jump", 0 0, v0x55e5efdeaf70_0;  1 drivers
v0x55e5efdf8e80_0 .net "d_pc", 31 0, v0x55e5efdeddf0_0;  1 drivers
v0x55e5efdf8f90_0 .net "d_pc_p4", 31 0, v0x55e5efdedfb0_0;  1 drivers
v0x55e5efdf90a0_0 .net "d_rd", 4 0, L_0x55e5efe0eab0;  1 drivers
v0x55e5efdf9160_0 .net "d_rs1", 4 0, L_0x55e5efe0e8b0;  1 drivers
v0x55e5efdf9200_0 .net "d_rs2", 4 0, L_0x55e5efe0e950;  1 drivers
v0x55e5efdf92c0_0 .net "d_sel_alu_src_a", 0 0, v0x55e5efdeb110_0;  1 drivers
v0x55e5efdf93b0_0 .net "d_sel_alu_src_b", 0 0, v0x55e5efdeb1d0_0;  1 drivers
v0x55e5efdf94a0_0 .net "d_sel_ext", 2 0, v0x55e5efdeb290_0;  1 drivers
v0x55e5efdf95b0_0 .net "d_sel_result", 1 0, v0x55e5efdeb370_0;  1 drivers
v0x55e5efdf9ab0_0 .net "d_uses_rs2", 0 0, v0x55e5efdeb450_0;  1 drivers
v0x55e5efdf9ba0_0 .net "d_we_dm", 0 0, v0x55e5efdeb510_0;  1 drivers
v0x55e5efdf9c90_0 .net "d_we_rf", 0 0, v0x55e5efdeb5d0_0;  1 drivers
v0x55e5efdf9d80_0 .net "dm_rd", 31 0, L_0x55e5efe0e6c0;  1 drivers
v0x55e5efdf9e20_0 .net "dmem_addr", 31 0, L_0x55e5efdc4ea0;  1 drivers
v0x55e5efdf9ee0_0 .net "dmem_clk", 0 0, L_0x55e5efe0e780;  1 drivers
L_0x7fa316bd5138 .functor BUFT 1, C4<1>, C4<0>, C4<0>, C4<0>;
v0x55e5efdf9fa0_0 .net "dmem_enb", 0 0, L_0x7fa316bd5138;  1 drivers
v0x55e5efdfa060_0 .net "dmem_rd", 31 0, o0x7fa3170485b8;  0 drivers
v0x55e5efdfa140_0 .net "dmem_rstn", 0 0, L_0x55e5efe0e840;  1 drivers
v0x55e5efdfa200_0 .net "dmem_wd", 31 0, L_0x55e5efe0e5c0;  1 drivers
v0x55e5efdfa2e0_0 .net "dmem_web", 3 0, L_0x55e5efe0e400;  1 drivers
v0x55e5efdfa3c0_0 .net "e_alu_ctrl", 3 0, v0x55e5efdee8e0_0;  1 drivers
v0x55e5efdfa4d0_0 .net "e_alu_o", 31 0, v0x55e5efdc4fc0_0;  1 drivers
v0x55e5efdfa5e0_0 .net "e_branch", 0 0, v0x55e5efdeea80_0;  1 drivers
v0x55e5efdfa680_0 .net "e_branch_taken", 0 0, L_0x55e5efe10c90;  1 drivers
v0x55e5efdfa720_0 .net "e_dm_wd", 31 0, L_0x55e5efe13b70;  1 drivers
v0x55e5efdfa7c0_0 .net "e_ext", 31 0, v0x55e5efdeedb0_0;  1 drivers
v0x55e5efdfa8b0_0 .net "e_instr", 31 0, v0x55e5efdeef80_0;  1 drivers
v0x55e5efdfa9a0_0 .net "e_is_load", 0 0, L_0x55e5efe0fe10;  1 drivers
v0x55e5efdfaa40_0 .net "e_jump", 0 0, v0x55e5efdef110_0;  1 drivers
v0x55e5efdfab30_0 .net "e_pc", 31 0, v0x55e5efdef2b0_0;  1 drivers
v0x55e5efdfabd0_0 .net "e_pc_p4", 31 0, v0x55e5efdef440_0;  1 drivers
v0x55e5efdfacc0_0 .net "e_rd", 4 0, v0x55e5efdefa70_0;  1 drivers
v0x55e5efdfad80_0 .net "e_rd1", 31 0, v0x55e5efdef6f0_0;  1 drivers
v0x55e5efdfae40_0 .net "e_rd2", 31 0, v0x55e5efdef8b0_0;  1 drivers
v0x55e5efdfaee0_0 .net "e_rs1", 4 0, v0x55e5efdefc30_0;  1 drivers
v0x55e5efdfafd0_0 .net "e_rs2", 4 0, v0x55e5efdefdd0_0;  1 drivers
v0x55e5efdfb0e0_0 .net "e_sel_alu_src_a", 0 0, v0x55e5efdf0040_0;  1 drivers
v0x55e5efdfb180_0 .net "e_sel_alu_src_b", 0 0, v0x55e5efdf01b0_0;  1 drivers
v0x55e5efdfb220_0 .net "e_sel_result", 1 0, v0x55e5efdf0320_0;  1 drivers
v0x55e5efdfb310_0 .net "e_target_pc", 31 0, L_0x55e5efe135a0;  1 drivers
v0x55e5efdfb3d0_0 .net "e_we_dm", 0 0, v0x55e5efdf06a0_0;  1 drivers
v0x55e5efdfb4c0_0 .net "e_we_rf", 0 0, v0x55e5efdf0810_0;  1 drivers
v0x55e5efdfb5b0_0 .net "e_zero", 0 0, L_0x55e5efe13350;  1 drivers
v0x55e5efdfb650_0 .net "flush_plr1", 0 0, v0x55e5efdec8f0_0;  1 drivers
v0x55e5efdfb740_0 .net "flush_plr2", 0 0, v0x55e5efdeca40_0;  1 drivers
v0x55e5efdfb830_0 .net "forward_a", 1 0, v0x55e5efdecb00_0;  1 drivers
v0x55e5efdfb8d0_0 .net "forward_b", 1 0, v0x55e5efdecbe0_0;  1 drivers
v0x55e5efdfb970_0 .net "fwd_a_val", 31 0, L_0x55e5efe12630;  1 drivers
v0x55e5efdfba30_0 .net "fwd_b_val", 31 0, L_0x55e5efe12d40;  1 drivers
v0x55e5efdfbb10_0 .net "imem_addr", 31 0, L_0x55e5efdd7050;  1 drivers
v0x55e5efdfbbf0_0 .net "imem_clk", 0 0, L_0x55e5efdd5d50;  1 drivers
L_0x7fa316bd5060 .functor BUFT 1, C4<1>, C4<0>, C4<0>, C4<0>;
v0x55e5efdfbcb0_0 .net "imem_enb", 0 0, L_0x7fa316bd5060;  1 drivers
v0x55e5efdfbd70_0 .net "imem_rd", 31 0, o0x7fa317048798;  0 drivers
v0x55e5efdfbe50_0 .net "imem_rstn", 0 0, L_0x55e5efdd4110;  1 drivers
L_0x7fa316bd50f0 .functor BUFT 1, C4<00000000000000000000000000000000>, C4<0>, C4<0>, C4<0>;
v0x55e5efdfbf10_0 .net "imem_wd", 31 0, L_0x7fa316bd50f0;  1 drivers
L_0x7fa316bd50a8 .functor BUFT 1, C4<0000>, C4<0>, C4<0>, C4<0>;
v0x55e5efdfbff0_0 .net "imem_web", 3 0, L_0x7fa316bd50a8;  1 drivers
v0x55e5efdfc0d0_0 .net "instr_f", 31 0, L_0x55e5efdb95a0;  1 drivers
v0x55e5efdfc190_0 .net "m_alu_o", 31 0, v0x55e5efdf11e0_0;  1 drivers
v0x55e5efdfc280_0 .net "m_dm_wd", 31 0, v0x55e5efdf1480_0;  1 drivers
v0x55e5efdfc340_0 .net "m_ext", 31 0, v0x55e5efdf1670_0;  1 drivers
v0x55e5efdfc430_0 .net "m_forward", 31 0, L_0x55e5efe117d0;  1 drivers
v0x55e5efdfc510_0 .net "m_instr", 31 0, v0x55e5efdf17f0_0;  1 drivers
v0x55e5efdfc620_0 .net "m_is_load", 0 0, L_0x55e5efe10ea0;  1 drivers
v0x55e5efdfc6c0_0 .net "m_pc_p4", 31 0, v0x55e5efdf19a0_0;  1 drivers
v0x55e5efdfc7b0_0 .net "m_rd", 4 0, v0x55e5efdf1b20_0;  1 drivers
v0x55e5efdfc870_0 .net "m_sel_result", 1 0, v0x55e5efdf1d70_0;  1 drivers
v0x55e5efdfc980_0 .net "m_we_dm", 0 0, v0x55e5efdf1f00_0;  1 drivers
v0x55e5efdfca20_0 .net "m_we_rf", 0 0, v0x55e5efdf2070_0;  1 drivers
v0x55e5efdfcac0_0 .var "pc", 31 0;
v0x55e5efdfcb60_0 .net "pc_next", 31 0, L_0x55e5efe13f00;  1 drivers
v0x55e5efdfcc20_0 .net "pc_p4", 31 0, L_0x55e5efe0e060;  1 drivers
v0x55e5efdfcce0_0 .net "rf_rd1", 31 0, L_0x55e5efe0f610;  1 drivers
v0x55e5efdfcdd0_0 .net "rf_rd2", 31 0, L_0x55e5efe10060;  1 drivers
v0x55e5efdfd6d0_0 .net "rst_n", 0 0, o0x7fa317045fd8;  0 drivers
v0x55e5efdfd770_0 .net "stall", 0 0, v0x55e5efdecfe0_0;  1 drivers
v0x55e5efdfd810_0 .net "w_alu_o", 31 0, v0x55e5efdf28d0_0;  1 drivers
v0x55e5efdfd8b0_0 .net "w_dm_rd", 31 0, v0x55e5efdf2b20_0;  1 drivers
v0x55e5efdfd950_0 .net "w_ext", 31 0, v0x55e5efdf2d10_0;  1 drivers
v0x55e5efdfd9f0_0 .net "w_instr", 31 0, v0x55e5efdf2ec0_0;  1 drivers
v0x55e5efdfda90_0 .net "w_pc_p4", 31 0, v0x55e5efdf3070_0;  1 drivers
v0x55e5efdfdb30_0 .net "w_rd", 4 0, v0x55e5efdf31f0_0;  1 drivers
v0x55e5efdfdbd0_0 .net "w_result", 31 0, L_0x55e5efe11f60;  1 drivers
v0x55e5efdfdc70_0 .net "w_sel_result", 1 0, v0x55e5efdf3420_0;  1 drivers
v0x55e5efdfdd10_0 .net "w_we_rf", 0 0, v0x55e5efdf36e0_0;  1 drivers
L_0x55e5efe0e060 .arith/sum 32, v0x55e5efdfcac0_0, L_0x7fa316bd5018;
L_0x55e5efe0e400 .functor MUXZ 4, L_0x7fa316bd51c8, L_0x7fa316bd5180, v0x55e5efdf1f00_0, C4<>;
L_0x55e5efe0e8b0 .part v0x55e5efdedbb0_0, 15, 5;
L_0x55e5efe0e950 .part v0x55e5efdedbb0_0, 20, 5;
L_0x55e5efe0eab0 .part v0x55e5efdedbb0_0, 7, 5;
L_0x55e5efe10270 .cmp/eq 2, v0x55e5efdf3420_0, L_0x7fa316bd5450;
L_0x55e5efe10500 .cmp/eq 2, v0x55e5efdf3420_0, L_0x7fa316bd5498;
L_0x55e5efe105f0 .cmp/eq 2, v0x55e5efdf3420_0, L_0x7fa316bd54e0;
L_0x55e5efe106e0 .functor MUXZ 32, v0x55e5efdf2d10_0, v0x55e5efdf3070_0, L_0x55e5efe105f0, C4<>;
L_0x55e5efe10870 .functor MUXZ 32, L_0x55e5efe106e0, v0x55e5efdf2b20_0, L_0x55e5efe10500, C4<>;
L_0x55e5efe10a10 .functor MUXZ 32, L_0x55e5efe10870, v0x55e5efdf28d0_0, L_0x55e5efe10270, C4<>;
L_0x55e5efe10ba0 .cmp/eq 2, v0x55e5efdf0320_0, L_0x7fa316bd5528;
L_0x55e5efe10e00 .cmp/eq 2, v0x55e5efdf1d70_0, L_0x7fa316bd5570;
L_0x55e5efe11040 .reduce/nor v0x55e5efdecfe0_0;
L_0x55e5efe11160 .cmp/eq 2, v0x55e5efdf1d70_0, L_0x7fa316bd55b8;
L_0x55e5efe11290 .cmp/eq 2, v0x55e5efdf1d70_0, L_0x7fa316bd5600;
L_0x55e5efe11410 .cmp/eq 2, v0x55e5efdf1d70_0, L_0x7fa316bd5648;
L_0x55e5efe11500 .functor MUXZ 32, L_0x55e5efe0e6c0, v0x55e5efdf1670_0, L_0x55e5efe11410, C4<>;
L_0x55e5efe11690 .functor MUXZ 32, L_0x55e5efe11500, v0x55e5efdf19a0_0, L_0x55e5efe11290, C4<>;
L_0x55e5efe117d0 .functor MUXZ 32, L_0x55e5efe11690, v0x55e5efdf11e0_0, L_0x55e5efe11160, C4<>;
L_0x55e5efe115a0 .cmp/eq 2, v0x55e5efdf3420_0, L_0x7fa316bd5690;
L_0x55e5efe119c0 .cmp/eq 2, v0x55e5efdf3420_0, L_0x7fa316bd56d8;
L_0x55e5efe11b70 .cmp/eq 2, v0x55e5efdf3420_0, L_0x7fa316bd5720;
L_0x55e5efe11c60 .functor MUXZ 32, v0x55e5efdf2d10_0, v0x55e5efdf3070_0, L_0x55e5efe11b70, C4<>;
L_0x55e5efe11e20 .functor MUXZ 32, L_0x55e5efe11c60, v0x55e5efdf2b20_0, L_0x55e5efe119c0, C4<>;
L_0x55e5efe11f60 .functor MUXZ 32, L_0x55e5efe11e20, v0x55e5efdf28d0_0, L_0x55e5efe115a0, C4<>;
L_0x55e5efe12180 .cmp/eq 2, v0x55e5efdecb00_0, L_0x7fa316bd5768;
L_0x55e5efe122c0 .cmp/eq 2, v0x55e5efdecb00_0, L_0x7fa316bd57b0;
L_0x55e5efe124a0 .functor MUXZ 32, v0x55e5efdef6f0_0, L_0x55e5efe11f60, L_0x55e5efe122c0, C4<>;
L_0x55e5efe12630 .functor MUXZ 32, L_0x55e5efe124a0, L_0x55e5efe117d0, L_0x55e5efe12180, C4<>;
L_0x55e5efe128c0 .cmp/eq 2, v0x55e5efdecbe0_0, L_0x7fa316bd57f8;
L_0x55e5efe12a00 .cmp/eq 2, v0x55e5efdecbe0_0, L_0x7fa316bd5840;
L_0x55e5efe12c00 .functor MUXZ 32, v0x55e5efdef8b0_0, L_0x55e5efe11f60, L_0x55e5efe12a00, C4<>;
L_0x55e5efe12d40 .functor MUXZ 32, L_0x55e5efe12c00, L_0x55e5efe117d0, L_0x55e5efe128c0, C4<>;
L_0x55e5efe12fa0 .functor MUXZ 32, L_0x55e5efe12630, v0x55e5efdef2b0_0, v0x55e5efdf0040_0, C4<>;
L_0x55e5efe13180 .functor MUXZ 32, L_0x55e5efe12d40, v0x55e5efdeedb0_0, v0x55e5efdf01b0_0, C4<>;
L_0x55e5efe135a0 .arith/sum 32, v0x55e5efdef2b0_0, v0x55e5efdeedb0_0;
L_0x55e5efe13740 .cmp/ne 5, v0x55e5efdf31f0_0, L_0x7fa316bd58d0;
L_0x55e5efe13a30 .cmp/eq 5, v0x55e5efdf31f0_0, v0x55e5efdefdd0_0;
L_0x55e5efe13b70 .functor MUXZ 32, L_0x55e5efe12d40, L_0x55e5efe11f60, L_0x55e5efe13530, C4<>;
L_0x55e5efe13f00 .functor MUXZ 32, L_0x55e5efe0e060, L_0x55e5efe135a0, L_0x55e5efe13e00, C4<>;
S_0x55e5efda5be0 .scope module, "ALU" "alu" 2 283, 3 3 0, S_0x55e5efda7da0;
 .timescale -9 -12;
    .port_info 0 /INPUT 32 "a";
    .port_info 1 /INPUT 32 "b";
    .port_info 2 /INPUT 4 "alu_ctrl";
    .port_info 3 /OUTPUT 32 "result";
    .port_info 4 /OUTPUT 1 "zero";
P_0x55e5efceecf0 .param/l "ALU_ADD" 1 3 10, C4<0000>;
P_0x55e5efceed30 .param/l "ALU_AND" 1 3 12, C4<0010>;
P_0x55e5efceed70 .param/l "ALU_OR" 1 3 13, C4<0011>;
P_0x55e5efceedb0 .param/l "ALU_SLL" 1 3 15, C4<0101>;
P_0x55e5efceedf0 .param/l "ALU_SLT" 1 3 18, C4<1000>;
P_0x55e5efceee30 .param/l "ALU_SLTU" 1 3 19, C4<1001>;
P_0x55e5efceee70 .param/l "ALU_SRA" 1 3 17, C4<0111>;
P_0x55e5efceeeb0 .param/l "ALU_SRL" 1 3 16, C4<0110>;
P_0x55e5efceeef0 .param/l "ALU_SUB" 1 3 11, C4<0001>;
P_0x55e5efceef30 .param/l "ALU_XOR" 1 3 14, C4<0100>;
L_0x7fa316bd5888 .functor BUFT 1, C4<00000000000000000000000000000000>, C4<0>, C4<0>, C4<0>;
v0x55e5efdd7170_0 .net/2u *"_ivl_0", 31 0, L_0x7fa316bd5888;  1 drivers
v0x55e5efdb96c0_0 .net "a", 31 0, L_0x55e5efe12fa0;  alias, 1 drivers
v0x55e5efdd5e70_0 .net "alu_ctrl", 3 0, v0x55e5efdee8e0_0;  alias, 1 drivers
v0x55e5efdd4230_0 .net "b", 31 0, L_0x55e5efe13180;  alias, 1 drivers
v0x55e5efdc4fc0_0 .var "result", 31 0;
v0x55e5efd721e0_0 .net "zero", 0 0, L_0x55e5efe13350;  alias, 1 drivers
E_0x55e5efd4b950 .event edge, v0x55e5efdd5e70_0, v0x55e5efdb96c0_0, v0x55e5efdd4230_0;
L_0x55e5efe13350 .cmp/eq 32, v0x55e5efdc4fc0_0, L_0x7fa316bd5888;
S_0x55e5efda72c0 .scope module, "DEC" "decoder" 2 135, 4 3 0, S_0x55e5efda7da0;
 .timescale -9 -12;
    .port_info 0 /INPUT 32 "instr";
    .port_info 1 /OUTPUT 1 "we_rf";
    .port_info 2 /OUTPUT 1 "we_dm";
    .port_info 3 /OUTPUT 2 "sel_result";
    .port_info 4 /OUTPUT 4 "alu_ctrl";
    .port_info 5 /OUTPUT 1 "sel_alu_src_a";
    .port_info 6 /OUTPUT 1 "sel_alu_src_b";
    .port_info 7 /OUTPUT 3 "sel_ext";
    .port_info 8 /OUTPUT 1 "branch";
    .port_info 9 /OUTPUT 1 "jump";
    .port_info 10 /OUTPUT 1 "uses_rs2";
P_0x55e5efde9b20 .param/l "ALU_ADD" 1 4 30, C4<0000>;
P_0x55e5efde9b60 .param/l "ALU_AND" 1 4 32, C4<0010>;
P_0x55e5efde9ba0 .param/l "ALU_OR" 1 4 33, C4<0011>;
P_0x55e5efde9be0 .param/l "ALU_SLL" 1 4 35, C4<0101>;
P_0x55e5efde9c20 .param/l "ALU_SLT" 1 4 38, C4<1000>;
P_0x55e5efde9c60 .param/l "ALU_SLTU" 1 4 39, C4<1001>;
P_0x55e5efde9ca0 .param/l "ALU_SRA" 1 4 37, C4<0111>;
P_0x55e5efde9ce0 .param/l "ALU_SRL" 1 4 36, C4<0110>;
P_0x55e5efde9d20 .param/l "ALU_SUB" 1 4 31, C4<0001>;
P_0x55e5efde9d60 .param/l "ALU_XOR" 1 4 34, C4<0100>;
P_0x55e5efde9da0 .param/l "EXT_B" 1 4 26, C4<010>;
P_0x55e5efde9de0 .param/l "EXT_I" 1 4 24, C4<000>;
P_0x55e5efde9e20 .param/l "EXT_J" 1 4 28, C4<100>;
P_0x55e5efde9e60 .param/l "EXT_S" 1 4 25, C4<001>;
P_0x55e5efde9ea0 .param/l "EXT_U" 1 4 27, C4<011>;
P_0x55e5efde9ee0 .param/l "OPC_BEQ" 1 4 20, C4<1100011>;
P_0x55e5efde9f20 .param/l "OPC_I" 1 4 17, C4<0010011>;
P_0x55e5efde9f60 .param/l "OPC_JAL" 1 4 21, C4<1101111>;
P_0x55e5efde9fa0 .param/l "OPC_LUI" 1 4 22, C4<0110111>;
P_0x55e5efde9fe0 .param/l "OPC_LW" 1 4 18, C4<0000011>;
P_0x55e5efdea020 .param/l "OPC_R" 1 4 16, C4<0110011>;
P_0x55e5efdea060 .param/l "OPC_SW" 1 4 19, C4<0100011>;
v0x55e5efd3b280_0 .var "alu_ctrl", 3 0;
v0x55e5efdeabe0_0 .var "branch", 0 0;
v0x55e5efdeaca0_0 .net "funct3", 2 0, L_0x55e5efe0ebf0;  1 drivers
v0x55e5efdead60_0 .net "funct7", 6 0, L_0x55e5efe0ec90;  1 drivers
v0x55e5efdeae40_0 .net "instr", 31 0, v0x55e5efdedbb0_0;  alias, 1 drivers
v0x55e5efdeaf70_0 .var "jump", 0 0;
v0x55e5efdeb030_0 .net "opcode", 6 0, L_0x55e5efe0eb50;  1 drivers
v0x55e5efdeb110_0 .var "sel_alu_src_a", 0 0;
v0x55e5efdeb1d0_0 .var "sel_alu_src_b", 0 0;
v0x55e5efdeb290_0 .var "sel_ext", 2 0;
v0x55e5efdeb370_0 .var "sel_result", 1 0;
v0x55e5efdeb450_0 .var "uses_rs2", 0 0;
v0x55e5efdeb510_0 .var "we_dm", 0 0;
v0x55e5efdeb5d0_0 .var "we_rf", 0 0;
E_0x55e5efd4bba0 .event edge, v0x55e5efdeb030_0, v0x55e5efdeaca0_0, v0x55e5efdead60_0;
L_0x55e5efe0eb50 .part v0x55e5efdedbb0_0, 0, 7;
L_0x55e5efe0ebf0 .part v0x55e5efdedbb0_0, 12, 3;
L_0x55e5efe0ec90 .part v0x55e5efdedbb0_0, 25, 7;
S_0x55e5efda7670 .scope module, "EXT" "sign_ext" 2 150, 5 3 0, S_0x55e5efda7da0;
 .timescale -9 -12;
    .port_info 0 /INPUT 32 "instr";
    .port_info 1 /INPUT 3 "sel_ext";
    .port_info 2 /OUTPUT 32 "imm";
P_0x55e5efdeb7f0 .param/l "EXT_B" 1 5 10, C4<010>;
P_0x55e5efdeb830 .param/l "EXT_I" 1 5 8, C4<000>;
P_0x55e5efdeb870 .param/l "EXT_J" 1 5 12, C4<100>;
P_0x55e5efdeb8b0 .param/l "EXT_S" 1 5 9, C4<001>;
P_0x55e5efdeb8f0 .param/l "EXT_U" 1 5 11, C4<011>;
v0x55e5efdebc00_0 .var "imm", 31 0;
v0x55e5efdebd00_0 .net "instr", 31 0, v0x55e5efdedbb0_0;  alias, 1 drivers
v0x55e5efdebdc0_0 .net "sel_ext", 2 0, v0x55e5efdeb290_0;  alias, 1 drivers
E_0x55e5efd12f90 .event edge, v0x55e5efdeb290_0, v0x55e5efdeae40_0;
S_0x55e5efda7a20 .scope module, "HZD" "hazard_unit" 2 183, 6 3 0, S_0x55e5efda7da0;
 .timescale -9 -12;
    .port_info 0 /INPUT 5 "d_rs1";
    .port_info 1 /INPUT 5 "d_rs2";
    .port_info 2 /INPUT 1 "d_uses_rs2";
    .port_info 3 /INPUT 5 "e_rs1";
    .port_info 4 /INPUT 5 "e_rs2";
    .port_info 5 /INPUT 5 "e_rd";
    .port_info 6 /INPUT 1 "e_is_load";
    .port_info 7 /INPUT 5 "m_rd";
    .port_info 8 /INPUT 1 "m_we_rf";
    .port_info 9 /INPUT 1 "m_is_load";
    .port_info 10 /INPUT 5 "w_rd";
    .port_info 11 /INPUT 1 "w_we_rf";
    .port_info 12 /INPUT 1 "branch_taken";
    .port_info 13 /INPUT 1 "jump";
    .port_info 14 /OUTPUT 2 "forward_a";
    .port_info 15 /OUTPUT 2 "forward_b";
    .port_info 16 /OUTPUT 1 "stall";
    .port_info 17 /OUTPUT 1 "flush_plr1";
    .port_info 18 /OUTPUT 1 "flush_plr2";
v0x55e5efdec1e0_0 .net "branch_taken", 0 0, L_0x55e5efe10c90;  alias, 1 drivers
v0x55e5efdec2c0_0 .net "d_rs1", 4 0, L_0x55e5efe0e8b0;  alias, 1 drivers
v0x55e5efdec3a0_0 .net "d_rs2", 4 0, L_0x55e5efe0e950;  alias, 1 drivers
v0x55e5efdec490_0 .net "d_uses_rs2", 0 0, v0x55e5efdeb450_0;  alias, 1 drivers
v0x55e5efdec560_0 .net "e_is_load", 0 0, L_0x55e5efe0fe10;  alias, 1 drivers
v0x55e5efdec650_0 .net "e_rd", 4 0, v0x55e5efdefa70_0;  alias, 1 drivers
v0x55e5efdec730_0 .net "e_rs1", 4 0, v0x55e5efdefc30_0;  alias, 1 drivers
v0x55e5efdec810_0 .net "e_rs2", 4 0, v0x55e5efdefdd0_0;  alias, 1 drivers
v0x55e5efdec8f0_0 .var "flush_plr1", 0 0;
v0x55e5efdeca40_0 .var "flush_plr2", 0 0;
v0x55e5efdecb00_0 .var "forward_a", 1 0;
v0x55e5efdecbe0_0 .var "forward_b", 1 0;
v0x55e5efdeccc0_0 .net "jump", 0 0, v0x55e5efdef110_0;  alias, 1 drivers
v0x55e5efdecd80_0 .net "m_is_load", 0 0, L_0x55e5efe10ea0;  alias, 1 drivers
v0x55e5efdece40_0 .net "m_rd", 4 0, v0x55e5efdf1b20_0;  alias, 1 drivers
v0x55e5efdecf20_0 .net "m_we_rf", 0 0, v0x55e5efdf2070_0;  alias, 1 drivers
v0x55e5efdecfe0_0 .var "stall", 0 0;
v0x55e5efded1b0_0 .net "w_rd", 4 0, v0x55e5efdf31f0_0;  alias, 1 drivers
v0x55e5efded290_0 .net "w_we_rf", 0 0, v0x55e5efdf36e0_0;  alias, 1 drivers
E_0x55e5efdd6bd0/0 .event edge, v0x55e5efdecf20_0, v0x55e5efdece40_0, v0x55e5efdec730_0, v0x55e5efdec810_0;
E_0x55e5efdd6bd0/1 .event edge, v0x55e5efded290_0, v0x55e5efded1b0_0, v0x55e5efdecb00_0, v0x55e5efdecbe0_0;
E_0x55e5efdd6bd0/2 .event edge, v0x55e5efdec560_0, v0x55e5efdec650_0, v0x55e5efdec2c0_0, v0x55e5efdeb450_0;
E_0x55e5efdd6bd0/3 .event edge, v0x55e5efdec3a0_0, v0x55e5efdec1e0_0, v0x55e5efdeccc0_0;
E_0x55e5efdd6bd0 .event/or E_0x55e5efdd6bd0/0, E_0x55e5efdd6bd0/1, E_0x55e5efdd6bd0/2, E_0x55e5efdd6bd0/3;
S_0x55e5efded650 .scope module, "PLR1" "plr1" 2 206, 7 3 0, S_0x55e5efda7da0;
 .timescale -9 -12;
    .port_info 0 /INPUT 1 "clk";
    .port_info 1 /INPUT 1 "rst_n";
    .port_info 2 /INPUT 1 "en";
    .port_info 3 /INPUT 1 "clr";
    .port_info 4 /INPUT 32 "instr_in";
    .port_info 5 /INPUT 32 "pc_in";
    .port_info 6 /INPUT 32 "pc_p4_in";
    .port_info 7 /OUTPUT 32 "instr_out";
    .port_info 8 /OUTPUT 32 "pc_out";
    .port_info 9 /OUTPUT 32 "pc_p4_out";
v0x55e5efdebef0_0 .net "clk", 0 0, o0x7fa317045e88;  alias, 0 drivers
v0x55e5efded9b0_0 .net "clr", 0 0, v0x55e5efdec8f0_0;  alias, 1 drivers
v0x55e5efdeda70_0 .net "en", 0 0, L_0x55e5efe11040;  1 drivers
v0x55e5efdedb10_0 .net "instr_in", 31 0, L_0x55e5efdb95a0;  alias, 1 drivers
v0x55e5efdedbb0_0 .var "instr_out", 31 0;
v0x55e5efdedd10_0 .net "pc_in", 31 0, v0x55e5efdfcac0_0;  1 drivers
v0x55e5efdeddf0_0 .var "pc_out", 31 0;
v0x55e5efdeded0_0 .net "pc_p4_in", 31 0, L_0x55e5efe0e060;  alias, 1 drivers
v0x55e5efdedfb0_0 .var "pc_p4_out", 31 0;
v0x55e5efdee090_0 .net "rst_n", 0 0, o0x7fa317045fd8;  alias, 0 drivers
E_0x55e5efdd6de0 .event posedge, v0x55e5efdebef0_0;
S_0x55e5efdee2f0 .scope module, "PLR2" "plr2" 2 220, 8 3 0, S_0x55e5efda7da0;
 .timescale -9 -12;
    .port_info 0 /INPUT 1 "clk";
    .port_info 1 /INPUT 1 "rst_n";
    .port_info 2 /INPUT 1 "clr";
    .port_info 3 /INPUT 32 "instr_in";
    .port_info 4 /INPUT 32 "pc_in";
    .port_info 5 /INPUT 32 "pc_p4_in";
    .port_info 6 /INPUT 32 "ext_in";
    .port_info 7 /INPUT 32 "rd1_in";
    .port_info 8 /INPUT 32 "rd2_in";
    .port_info 9 /INPUT 5 "rs1_in";
    .port_info 10 /INPUT 5 "rs2_in";
    .port_info 11 /INPUT 5 "rd_in";
    .port_info 12 /INPUT 1 "we_rf_in";
    .port_info 13 /INPUT 1 "we_dm_in";
    .port_info 14 /INPUT 2 "sel_result_in";
    .port_info 15 /INPUT 4 "alu_ctrl_in";
    .port_info 16 /INPUT 1 "sel_alu_src_a_in";
    .port_info 17 /INPUT 1 "sel_alu_src_b_in";
    .port_info 18 /INPUT 1 "branch_in";
    .port_info 19 /INPUT 1 "jump_in";
    .port_info 20 /OUTPUT 32 "instr_out";
    .port_info 21 /OUTPUT 32 "pc_out";
    .port_info 22 /OUTPUT 32 "pc_p4_out";
    .port_info 23 /OUTPUT 32 "ext_out";
    .port_info 24 /OUTPUT 32 "rd1_out";
    .port_info 25 /OUTPUT 32 "rd2_out";
    .port_info 26 /OUTPUT 5 "rs1_out";
    .port_info 27 /OUTPUT 5 "rs2_out";
    .port_info 28 /OUTPUT 5 "rd_out";
    .port_info 29 /OUTPUT 1 "we_rf_out";
    .port_info 30 /OUTPUT 1 "we_dm_out";
    .port_info 31 /OUTPUT 2 "sel_result_out";
    .port_info 32 /OUTPUT 4 "alu_ctrl_out";
    .port_info 33 /OUTPUT 1 "sel_alu_src_a_out";
    .port_info 34 /OUTPUT 1 "sel_alu_src_b_out";
    .port_info 35 /OUTPUT 1 "branch_out";
    .port_info 36 /OUTPUT 1 "jump_out";
v0x55e5efdee800_0 .net "alu_ctrl_in", 3 0, v0x55e5efd3b280_0;  alias, 1 drivers
v0x55e5efdee8e0_0 .var "alu_ctrl_out", 3 0;
v0x55e5efdee980_0 .net "branch_in", 0 0, v0x55e5efdeabe0_0;  alias, 1 drivers
v0x55e5efdeea80_0 .var "branch_out", 0 0;
v0x55e5efdeeb20_0 .net "clk", 0 0, o0x7fa317045e88;  alias, 0 drivers
v0x55e5efdeec10_0 .net "clr", 0 0, v0x55e5efdeca40_0;  alias, 1 drivers
v0x55e5efdeece0_0 .net "ext_in", 31 0, v0x55e5efdebc00_0;  alias, 1 drivers
v0x55e5efdeedb0_0 .var "ext_out", 31 0;
v0x55e5efdeee50_0 .net "instr_in", 31 0, v0x55e5efdedbb0_0;  alias, 1 drivers
v0x55e5efdeef80_0 .var "instr_out", 31 0;
v0x55e5efdef040_0 .net "jump_in", 0 0, v0x55e5efdeaf70_0;  alias, 1 drivers
v0x55e5efdef110_0 .var "jump_out", 0 0;
v0x55e5efdef1e0_0 .net "pc_in", 31 0, v0x55e5efdeddf0_0;  alias, 1 drivers
v0x55e5efdef2b0_0 .var "pc_out", 31 0;
v0x55e5efdef350_0 .net "pc_p4_in", 31 0, v0x55e5efdedfb0_0;  alias, 1 drivers
v0x55e5efdef440_0 .var "pc_p4_out", 31 0;
v0x55e5efdef500_0 .net "rd1_in", 31 0, L_0x55e5efe0f610;  alias, 1 drivers
v0x55e5efdef6f0_0 .var "rd1_out", 31 0;
v0x55e5efdef7d0_0 .net "rd2_in", 31 0, L_0x55e5efe10060;  alias, 1 drivers
v0x55e5efdef8b0_0 .var "rd2_out", 31 0;
v0x55e5efdef990_0 .net "rd_in", 4 0, L_0x55e5efe0eab0;  alias, 1 drivers
v0x55e5efdefa70_0 .var "rd_out", 4 0;
v0x55e5efdefb60_0 .net "rs1_in", 4 0, L_0x55e5efe0e8b0;  alias, 1 drivers
v0x55e5efdefc30_0 .var "rs1_out", 4 0;
v0x55e5efdefd00_0 .net "rs2_in", 4 0, L_0x55e5efe0e950;  alias, 1 drivers
v0x55e5efdefdd0_0 .var "rs2_out", 4 0;
v0x55e5efdefea0_0 .net "rst_n", 0 0, o0x7fa317045fd8;  alias, 0 drivers
v0x55e5efdeff70_0 .net "sel_alu_src_a_in", 0 0, v0x55e5efdeb110_0;  alias, 1 drivers
v0x55e5efdf0040_0 .var "sel_alu_src_a_out", 0 0;
v0x55e5efdf00e0_0 .net "sel_alu_src_b_in", 0 0, v0x55e5efdeb1d0_0;  alias, 1 drivers
v0x55e5efdf01b0_0 .var "sel_alu_src_b_out", 0 0;
v0x55e5efdf0250_0 .net "sel_result_in", 1 0, v0x55e5efdeb370_0;  alias, 1 drivers
v0x55e5efdf0320_0 .var "sel_result_out", 1 0;
v0x55e5efdf05d0_0 .net "we_dm_in", 0 0, v0x55e5efdeb510_0;  alias, 1 drivers
v0x55e5efdf06a0_0 .var "we_dm_out", 0 0;
v0x55e5efdf0740_0 .net "we_rf_in", 0 0, v0x55e5efdeb5d0_0;  alias, 1 drivers
v0x55e5efdf0810_0 .var "we_rf_out", 0 0;
S_0x55e5efdf0d50 .scope module, "PLR3" "plr3" 2 299, 9 3 0, S_0x55e5efda7da0;
 .timescale -9 -12;
    .port_info 0 /INPUT 1 "clk";
    .port_info 1 /INPUT 1 "rst_n";
    .port_info 2 /INPUT 32 "instr_in";
    .port_info 3 /INPUT 32 "alu_o_in";
    .port_info 4 /INPUT 32 "dm_wd_in";
    .port_info 5 /INPUT 32 "pc_p4_in";
    .port_info 6 /INPUT 32 "ext_in";
    .port_info 7 /INPUT 5 "rd_in";
    .port_info 8 /INPUT 1 "we_rf_in";
    .port_info 9 /INPUT 1 "we_dm_in";
    .port_info 10 /INPUT 2 "sel_result_in";
    .port_info 11 /OUTPUT 32 "instr_out";
    .port_info 12 /OUTPUT 32 "alu_o_out";
    .port_info 13 /OUTPUT 32 "dm_wd_out";
    .port_info 14 /OUTPUT 32 "pc_p4_out";
    .port_info 15 /OUTPUT 32 "ext_out";
    .port_info 16 /OUTPUT 5 "rd_out";
    .port_info 17 /OUTPUT 1 "we_rf_out";
    .port_info 18 /OUTPUT 1 "we_dm_out";
    .port_info 19 /OUTPUT 2 "sel_result_out";
v0x55e5efdf10d0_0 .net "alu_o_in", 31 0, v0x55e5efdc4fc0_0;  alias, 1 drivers
v0x55e5efdf11e0_0 .var "alu_o_out", 31 0;
v0x55e5efdf12a0_0 .net "clk", 0 0, o0x7fa317045e88;  alias, 0 drivers
v0x55e5efdf13c0_0 .net "dm_wd_in", 31 0, L_0x55e5efe13b70;  alias, 1 drivers
v0x55e5efdf1480_0 .var "dm_wd_out", 31 0;
v0x55e5efdf15b0_0 .net "ext_in", 31 0, v0x55e5efdeedb0_0;  alias, 1 drivers
v0x55e5efdf1670_0 .var "ext_out", 31 0;
v0x55e5efdf1730_0 .net "instr_in", 31 0, v0x55e5efdeef80_0;  alias, 1 drivers
v0x55e5efdf17f0_0 .var "instr_out", 31 0;
v0x55e5efdf18b0_0 .net "pc_p4_in", 31 0, v0x55e5efdef440_0;  alias, 1 drivers
v0x55e5efdf19a0_0 .var "pc_p4_out", 31 0;
v0x55e5efdf1a60_0 .net "rd_in", 4 0, v0x55e5efdefa70_0;  alias, 1 drivers
v0x55e5efdf1b20_0 .var "rd_out", 4 0;
v0x55e5efdf1be0_0 .net "rst_n", 0 0, o0x7fa317045fd8;  alias, 0 drivers
v0x55e5efdf1cd0_0 .net "sel_result_in", 1 0, v0x55e5efdf0320_0;  alias, 1 drivers
v0x55e5efdf1d70_0 .var "sel_result_out", 1 0;
v0x55e5efdf1e30_0 .net "we_dm_in", 0 0, v0x55e5efdf06a0_0;  alias, 1 drivers
v0x55e5efdf1f00_0 .var "we_dm_out", 0 0;
v0x55e5efdf1fa0_0 .net "we_rf_in", 0 0, v0x55e5efdf0810_0;  alias, 1 drivers
v0x55e5efdf2070_0 .var "we_rf_out", 0 0;
S_0x55e5efdf2380 .scope module, "PLR4" "plr4" 2 323, 10 3 0, S_0x55e5efda7da0;
 .timescale -9 -12;
    .port_info 0 /INPUT 1 "clk";
    .port_info 1 /INPUT 1 "rst_n";
    .port_info 2 /INPUT 32 "instr_in";
    .port_info 3 /INPUT 32 "alu_o_in";
    .port_info 4 /INPUT 32 "dm_rd_in";
    .port_info 5 /INPUT 32 "pc_p4_in";
    .port_info 6 /INPUT 32 "ext_in";
    .port_info 7 /INPUT 5 "rd_in";
    .port_info 8 /INPUT 1 "we_rf_in";
    .port_info 9 /INPUT 2 "sel_result_in";
    .port_info 10 /OUTPUT 32 "instr_out";
    .port_info 11 /OUTPUT 32 "alu_o_out";
    .port_info 12 /OUTPUT 32 "dm_rd_out";
    .port_info 13 /OUTPUT 32 "pc_p4_out";
    .port_info 14 /OUTPUT 32 "ext_out";
    .port_info 15 /OUTPUT 5 "rd_out";
    .port_info 16 /OUTPUT 1 "we_rf_out";
    .port_info 17 /OUTPUT 2 "sel_result_out";
v0x55e5efdf27c0_0 .net "alu_o_in", 31 0, v0x55e5efdf11e0_0;  alias, 1 drivers
v0x55e5efdf28d0_0 .var "alu_o_out", 31 0;
v0x55e5efdf2990_0 .net "clk", 0 0, o0x7fa317045e88;  alias, 0 drivers
v0x55e5efdf2a60_0 .net "dm_rd_in", 31 0, L_0x55e5efe0e6c0;  alias, 1 drivers
v0x55e5efdf2b20_0 .var "dm_rd_out", 31 0;
v0x55e5efdf2c50_0 .net "ext_in", 31 0, v0x55e5efdf1670_0;  alias, 1 drivers
v0x55e5efdf2d10_0 .var "ext_out", 31 0;
v0x55e5efdf2dd0_0 .net "instr_in", 31 0, v0x55e5efdf17f0_0;  alias, 1 drivers
v0x55e5efdf2ec0_0 .var "instr_out", 31 0;
v0x55e5efdf2f80_0 .net "pc_p4_in", 31 0, v0x55e5efdf19a0_0;  alias, 1 drivers
v0x55e5efdf3070_0 .var "pc_p4_out", 31 0;
v0x55e5efdf3130_0 .net "rd_in", 4 0, v0x55e5efdf1b20_0;  alias, 1 drivers
v0x55e5efdf31f0_0 .var "rd_out", 4 0;
v0x55e5efdf32b0_0 .net "rst_n", 0 0, o0x7fa317045fd8;  alias, 0 drivers
v0x55e5efdf3350_0 .net "sel_result_in", 1 0, v0x55e5efdf1d70_0;  alias, 1 drivers
v0x55e5efdf3420_0 .var "sel_result_out", 1 0;
v0x55e5efdf34e0_0 .net "we_rf_in", 0 0, v0x55e5efdf2070_0;  alias, 1 drivers
v0x55e5efdf36e0_0 .var "we_rf_out", 0 0;
S_0x55e5efdf3a40 .scope module, "RF" "reg_file" 2 158, 11 3 0, S_0x55e5efda7da0;
 .timescale -9 -12;
    .port_info 0 /INPUT 1 "clk";
    .port_info 1 /INPUT 1 "rst_n";
    .port_info 2 /INPUT 1 "we";
    .port_info 3 /INPUT 5 "ra1";
    .port_info 4 /INPUT 5 "ra2";
    .port_info 5 /INPUT 5 "wa";
    .port_info 6 /INPUT 32 "wd";
    .port_info 7 /OUTPUT 32 "rd1";
    .port_info 8 /OUTPUT 32 "rd2";
L_0x55e5efe0eff0 .functor AND 1, v0x55e5efdf36e0_0, L_0x55e5efe0ee90, C4<1>, C4<1>;
L_0x55e5efe0f190 .functor AND 1, L_0x55e5efe0eff0, L_0x55e5efe0f0f0, C4<1>, C4<1>;
L_0x55e5efe0f9d0 .functor AND 1, v0x55e5efdf36e0_0, L_0x55e5efe0f8e0, C4<1>, C4<1>;
L_0x55e5efe0fb90 .functor AND 1, L_0x55e5efe0f9d0, L_0x55e5efe0fa90, C4<1>, C4<1>;
L_0x7fa316bd5210 .functor BUFT 1, C4<00000>, C4<0>, C4<0>, C4<0>;
v0x55e5efdf2560_0 .net/2u *"_ivl_0", 4 0, L_0x7fa316bd5210;  1 drivers
v0x55e5efdf3d60_0 .net *"_ivl_11", 0 0, L_0x55e5efe0eff0;  1 drivers
v0x55e5efdf3e20_0 .net *"_ivl_12", 0 0, L_0x55e5efe0f0f0;  1 drivers
v0x55e5efdf3ef0_0 .net *"_ivl_15", 0 0, L_0x55e5efe0f190;  1 drivers
v0x55e5efdf3fb0_0 .net *"_ivl_16", 31 0, L_0x55e5efe0f280;  1 drivers
v0x55e5efdf40e0_0 .net *"_ivl_18", 6 0, L_0x55e5efe0f350;  1 drivers
v0x55e5efdf41c0_0 .net *"_ivl_2", 0 0, L_0x55e5efe0ed90;  1 drivers
L_0x7fa316bd52e8 .functor BUFT 1, C4<00>, C4<0>, C4<0>, C4<0>;
v0x55e5efdf4280_0 .net *"_ivl_21", 1 0, L_0x7fa316bd52e8;  1 drivers
v0x55e5efdf4360_0 .net *"_ivl_22", 31 0, L_0x55e5efe0f490;  1 drivers
L_0x7fa316bd5330 .functor BUFT 1, C4<00000>, C4<0>, C4<0>, C4<0>;
v0x55e5efdf44d0_0 .net/2u *"_ivl_26", 4 0, L_0x7fa316bd5330;  1 drivers
v0x55e5efdf45b0_0 .net *"_ivl_28", 0 0, L_0x55e5efe0f7a0;  1 drivers
L_0x7fa316bd5378 .functor BUFT 1, C4<00000000000000000000000000000000>, C4<0>, C4<0>, C4<0>;
v0x55e5efdf4670_0 .net/2u *"_ivl_30", 31 0, L_0x7fa316bd5378;  1 drivers
L_0x7fa316bd53c0 .functor BUFT 1, C4<00000>, C4<0>, C4<0>, C4<0>;
v0x55e5efdf4750_0 .net/2u *"_ivl_32", 4 0, L_0x7fa316bd53c0;  1 drivers
v0x55e5efdf4830_0 .net *"_ivl_34", 0 0, L_0x55e5efe0f8e0;  1 drivers
v0x55e5efdf48f0_0 .net *"_ivl_37", 0 0, L_0x55e5efe0f9d0;  1 drivers
v0x55e5efdf49b0_0 .net *"_ivl_38", 0 0, L_0x55e5efe0fa90;  1 drivers
L_0x7fa316bd5258 .functor BUFT 1, C4<00000000000000000000000000000000>, C4<0>, C4<0>, C4<0>;
v0x55e5efdf4a70_0 .net/2u *"_ivl_4", 31 0, L_0x7fa316bd5258;  1 drivers
v0x55e5efdf4c60_0 .net *"_ivl_41", 0 0, L_0x55e5efe0fb90;  1 drivers
v0x55e5efdf4d20_0 .net *"_ivl_42", 31 0, L_0x55e5efe0fc80;  1 drivers
v0x55e5efdf4e00_0 .net *"_ivl_44", 6 0, L_0x55e5efe0fd20;  1 drivers
L_0x7fa316bd5408 .functor BUFT 1, C4<00>, C4<0>, C4<0>, C4<0>;
v0x55e5efdf4ee0_0 .net *"_ivl_47", 1 0, L_0x7fa316bd5408;  1 drivers
v0x55e5efdf4fc0_0 .net *"_ivl_48", 31 0, L_0x55e5efe0fed0;  1 drivers
L_0x7fa316bd52a0 .functor BUFT 1, C4<00000>, C4<0>, C4<0>, C4<0>;
v0x55e5efdf50a0_0 .net/2u *"_ivl_6", 4 0, L_0x7fa316bd52a0;  1 drivers
v0x55e5efdf5180_0 .net *"_ivl_8", 0 0, L_0x55e5efe0ee90;  1 drivers
v0x55e5efdf5240_0 .net "clk", 0 0, o0x7fa317045e88;  alias, 0 drivers
v0x55e5efdf52e0_0 .var/i "i", 31 0;
v0x55e5efdf53c0_0 .net "ra1", 4 0, L_0x55e5efe0e8b0;  alias, 1 drivers
v0x55e5efdf5480_0 .net "ra2", 4 0, L_0x55e5efe0e950;  alias, 1 drivers
v0x55e5efdf5540_0 .net "rd1", 31 0, L_0x55e5efe0f610;  alias, 1 drivers
v0x55e5efdf5600_0 .net "rd2", 31 0, L_0x55e5efe10060;  alias, 1 drivers
v0x55e5efdf56a0 .array "regs", 31 0, 31 0;
v0x55e5efdf5740_0 .net "rst_n", 0 0, o0x7fa317045fd8;  alias, 0 drivers
v0x55e5efdf5870_0 .net "wa", 4 0, v0x55e5efdf31f0_0;  alias, 1 drivers
v0x55e5efdf5b40_0 .net "wd", 31 0, L_0x55e5efe10a10;  1 drivers
v0x55e5efdf5c20_0 .net "we", 0 0, v0x55e5efdf36e0_0;  alias, 1 drivers
L_0x55e5efe0ed90 .cmp/eq 5, L_0x55e5efe0e8b0, L_0x7fa316bd5210;
L_0x55e5efe0ee90 .cmp/ne 5, v0x55e5efdf31f0_0, L_0x7fa316bd52a0;
L_0x55e5efe0f0f0 .cmp/eq 5, L_0x55e5efe0e8b0, v0x55e5efdf31f0_0;
L_0x55e5efe0f280 .array/port v0x55e5efdf56a0, L_0x55e5efe0f350;
L_0x55e5efe0f350 .concat [ 5 2 0 0], L_0x55e5efe0e8b0, L_0x7fa316bd52e8;
L_0x55e5efe0f490 .functor MUXZ 32, L_0x55e5efe0f280, L_0x55e5efe10a10, L_0x55e5efe0f190, C4<>;
L_0x55e5efe0f610 .functor MUXZ 32, L_0x55e5efe0f490, L_0x7fa316bd5258, L_0x55e5efe0ed90, C4<>;
L_0x55e5efe0f7a0 .cmp/eq 5, L_0x55e5efe0e950, L_0x7fa316bd5330;
L_0x55e5efe0f8e0 .cmp/ne 5, v0x55e5efdf31f0_0, L_0x7fa316bd53c0;
L_0x55e5efe0fa90 .cmp/eq 5, L_0x55e5efe0e950, v0x55e5efdf31f0_0;
L_0x55e5efe0fc80 .array/port v0x55e5efdf56a0, L_0x55e5efe0fd20;
L_0x55e5efe0fd20 .concat [ 5 2 0 0], L_0x55e5efe0e950, L_0x7fa316bd5408;
L_0x55e5efe0fed0 .functor MUXZ 32, L_0x55e5efe0fc80, L_0x55e5efe10a10, L_0x55e5efe0fb90, C4<>;
L_0x55e5efe10060 .functor MUXZ 32, L_0x55e5efe0fed0, L_0x7fa316bd5378, L_0x55e5efe0f7a0, C4<>;
    .scope S_0x55e5efda72c0;
T_0 ;
    %wait E_0x55e5efd4bba0;
    %pushi/vec4 0, 0, 1;
    %store/vec4 v0x55e5efdeb5d0_0, 0, 1;
    %pushi/vec4 0, 0, 1;
    %store/vec4 v0x55e5efdeb510_0, 0, 1;
    %pushi/vec4 0, 0, 2;
    %store/vec4 v0x55e5efdeb370_0, 0, 2;
    %pushi/vec4 0, 0, 4;
    %store/vec4 v0x55e5efd3b280_0, 0, 4;
    %pushi/vec4 0, 0, 1;
    %store/vec4 v0x55e5efdeb110_0, 0, 1;
    %pushi/vec4 0, 0, 1;
    %store/vec4 v0x55e5efdeb1d0_0, 0, 1;
    %pushi/vec4 0, 0, 3;
    %store/vec4 v0x55e5efdeb290_0, 0, 3;
    %pushi/vec4 0, 0, 1;
    %store/vec4 v0x55e5efdeabe0_0, 0, 1;
    %pushi/vec4 0, 0, 1;
    %store/vec4 v0x55e5efdeaf70_0, 0, 1;
    %pushi/vec4 0, 0, 1;
    %store/vec4 v0x55e5efdeb450_0, 0, 1;
    %load/vec4 v0x55e5efdeb030_0;
    %dup/vec4;
    %pushi/vec4 51, 0, 7;
    %cmp/u;
    %jmp/1 T_0.0, 6;
    %dup/vec4;
    %pushi/vec4 19, 0, 7;
    %cmp/u;
    %jmp/1 T_0.1, 6;
    %dup/vec4;
    %pushi/vec4 3, 0, 7;
    %cmp/u;
    %jmp/1 T_0.2, 6;
    %dup/vec4;
    %pushi/vec4 35, 0, 7;
    %cmp/u;
    %jmp/1 T_0.3, 6;
    %dup/vec4;
    %pushi/vec4 99, 0, 7;
    %cmp/u;
    %jmp/1 T_0.4, 6;
    %dup/vec4;
    %pushi/vec4 111, 0, 7;
    %cmp/u;
    %jmp/1 T_0.5, 6;
    %dup/vec4;
    %pushi/vec4 55, 0, 7;
    %cmp/u;
    %jmp/1 T_0.6, 6;
    %jmp T_0.8;
T_0.0 ;
    %pushi/vec4 1, 0, 1;
    %store/vec4 v0x55e5efdeb5d0_0, 0, 1;
    %pushi/vec4 1, 0, 1;
    %store/vec4 v0x55e5efdeb450_0, 0, 1;
    %pushi/vec4 0, 0, 1;
    %store/vec4 v0x55e5efdeb1d0_0, 0, 1;
    %load/vec4 v0x55e5efdeaca0_0;
    %dup/vec4;
    %pushi/vec4 0, 0, 3;
    %cmp/u;
    %jmp/1 T_0.9, 6;
    %dup/vec4;
    %pushi/vec4 1, 0, 3;
    %cmp/u;
    %jmp/1 T_0.10, 6;
    %dup/vec4;
    %pushi/vec4 2, 0, 3;
    %cmp/u;
    %jmp/1 T_0.11, 6;
    %dup/vec4;
    %pushi/vec4 3, 0, 3;
    %cmp/u;
    %jmp/1 T_0.12, 6;
    %dup/vec4;
    %pushi/vec4 4, 0, 3;
    %cmp/u;
    %jmp/1 T_0.13, 6;
    %dup/vec4;
    %pushi/vec4 5, 0, 3;
    %cmp/u;
    %jmp/1 T_0.14, 6;
    %dup/vec4;
    %pushi/vec4 6, 0, 3;
    %cmp/u;
    %jmp/1 T_0.15, 6;
    %dup/vec4;
    %pushi/vec4 7, 0, 3;
    %cmp/u;
    %jmp/1 T_0.16, 6;
    %pushi/vec4 0, 0, 4;
    %store/vec4 v0x55e5efd3b280_0, 0, 4;
    %jmp T_0.18;
T_0.9 ;
    %load/vec4 v0x55e5efdead60_0;
    %cmpi/e 32, 0, 7;
    %flag_mov 8, 4;
    %jmp/0 T_0.19, 8;
    %pushi/vec4 1, 0, 4;
    %jmp/1 T_0.20, 8;
T_0.19 ; End of true expr.
    %pushi/vec4 0, 0, 4;
    %jmp/0 T_0.20, 8;
 ; End of false expr.
    %blend;
T_0.20;
    %store/vec4 v0x55e5efd3b280_0, 0, 4;
    %jmp T_0.18;
T_0.10 ;
    %pushi/vec4 5, 0, 4;
    %store/vec4 v0x55e5efd3b280_0, 0, 4;
    %jmp T_0.18;
T_0.11 ;
    %pushi/vec4 8, 0, 4;
    %store/vec4 v0x55e5efd3b280_0, 0, 4;
    %jmp T_0.18;
T_0.12 ;
    %pushi/vec4 9, 0, 4;
    %store/vec4 v0x55e5efd3b280_0, 0, 4;
    %jmp T_0.18;
T_0.13 ;
    %pushi/vec4 4, 0, 4;
    %store/vec4 v0x55e5efd3b280_0, 0, 4;
    %jmp T_0.18;
T_0.14 ;
    %load/vec4 v0x55e5efdead60_0;
    %cmpi/e 32, 0, 7;
    %flag_mov 8, 4;
    %jmp/0 T_0.21, 8;
    %pushi/vec4 7, 0, 4;
    %jmp/1 T_0.22, 8;
T_0.21 ; End of true expr.
    %pushi/vec4 6, 0, 4;
    %jmp/0 T_0.22, 8;
 ; End of false expr.
    %blend;
T_0.22;
    %store/vec4 v0x55e5efd3b280_0, 0, 4;
    %jmp T_0.18;
T_0.15 ;
    %pushi/vec4 3, 0, 4;
    %store/vec4 v0x55e5efd3b280_0, 0, 4;
    %jmp T_0.18;
T_0.16 ;
    %pushi/vec4 2, 0, 4;
    %store/vec4 v0x55e5efd3b280_0, 0, 4;
    %jmp T_0.18;
T_0.18 ;
    %pop/vec4 1;
    %jmp T_0.8;
T_0.1 ;
    %pushi/vec4 1, 0, 1;
    %store/vec4 v0x55e5efdeb5d0_0, 0, 1;
    %pushi/vec4 1, 0, 1;
    %store/vec4 v0x55e5efdeb1d0_0, 0, 1;
    %pushi/vec4 0, 0, 3;
    %store/vec4 v0x55e5efdeb290_0, 0, 3;
    %load/vec4 v0x55e5efdeaca0_0;
    %dup/vec4;
    %pushi/vec4 0, 0, 3;
    %cmp/u;
    %jmp/1 T_0.23, 6;
    %dup/vec4;
    %pushi/vec4 2, 0, 3;
    %cmp/u;
    %jmp/1 T_0.24, 6;
    %dup/vec4;
    %pushi/vec4 3, 0, 3;
    %cmp/u;
    %jmp/1 T_0.25, 6;
    %dup/vec4;
    %pushi/vec4 4, 0, 3;
    %cmp/u;
    %jmp/1 T_0.26, 6;
    %dup/vec4;
    %pushi/vec4 6, 0, 3;
    %cmp/u;
    %jmp/1 T_0.27, 6;
    %dup/vec4;
    %pushi/vec4 7, 0, 3;
    %cmp/u;
    %jmp/1 T_0.28, 6;
    %dup/vec4;
    %pushi/vec4 1, 0, 3;
    %cmp/u;
    %jmp/1 T_0.29, 6;
    %dup/vec4;
    %pushi/vec4 5, 0, 3;
    %cmp/u;
    %jmp/1 T_0.30, 6;
    %pushi/vec4 0, 0, 4;
    %store/vec4 v0x55e5efd3b280_0, 0, 4;
    %jmp T_0.32;
T_0.23 ;
    %pushi/vec4 0, 0, 4;
    %store/vec4 v0x55e5efd3b280_0, 0, 4;
    %jmp T_0.32;
T_0.24 ;
    %pushi/vec4 8, 0, 4;
    %store/vec4 v0x55e5efd3b280_0, 0, 4;
    %jmp T_0.32;
T_0.25 ;
    %pushi/vec4 9, 0, 4;
    %store/vec4 v0x55e5efd3b280_0, 0, 4;
    %jmp T_0.32;
T_0.26 ;
    %pushi/vec4 4, 0, 4;
    %store/vec4 v0x55e5efd3b280_0, 0, 4;
    %jmp T_0.32;
T_0.27 ;
    %pushi/vec4 3, 0, 4;
    %store/vec4 v0x55e5efd3b280_0, 0, 4;
    %jmp T_0.32;
T_0.28 ;
    %pushi/vec4 2, 0, 4;
    %store/vec4 v0x55e5efd3b280_0, 0, 4;
    %jmp T_0.32;
T_0.29 ;
    %pushi/vec4 5, 0, 4;
    %store/vec4 v0x55e5efd3b280_0, 0, 4;
    %jmp T_0.32;
T_0.30 ;
    %load/vec4 v0x55e5efdead60_0;
    %cmpi/e 32, 0, 7;
    %flag_mov 8, 4;
    %jmp/0 T_0.33, 8;
    %pushi/vec4 7, 0, 4;
    %jmp/1 T_0.34, 8;
T_0.33 ; End of true expr.
    %pushi/vec4 6, 0, 4;
    %jmp/0 T_0.34, 8;
 ; End of false expr.
    %blend;
T_0.34;
    %store/vec4 v0x55e5efd3b280_0, 0, 4;
    %jmp T_0.32;
T_0.32 ;
    %pop/vec4 1;
    %jmp T_0.8;
T_0.2 ;
    %pushi/vec4 1, 0, 1;
    %store/vec4 v0x55e5efdeb5d0_0, 0, 1;
    %pushi/vec4 1, 0, 2;
    %store/vec4 v0x55e5efdeb370_0, 0, 2;
    %pushi/vec4 1, 0, 1;
    %store/vec4 v0x55e5efdeb1d0_0, 0, 1;
    %pushi/vec4 0, 0, 3;
    %store/vec4 v0x55e5efdeb290_0, 0, 3;
    %pushi/vec4 0, 0, 4;
    %store/vec4 v0x55e5efd3b280_0, 0, 4;
    %jmp T_0.8;
T_0.3 ;
    %pushi/vec4 1, 0, 1;
    %store/vec4 v0x55e5efdeb510_0, 0, 1;
    %pushi/vec4 1, 0, 1;
    %store/vec4 v0x55e5efdeb450_0, 0, 1;
    %pushi/vec4 1, 0, 1;
    %store/vec4 v0x55e5efdeb1d0_0, 0, 1;
    %pushi/vec4 1, 0, 3;
    %store/vec4 v0x55e5efdeb290_0, 0, 3;
    %pushi/vec4 0, 0, 4;
    %store/vec4 v0x55e5efd3b280_0, 0, 4;
    %jmp T_0.8;
T_0.4 ;
    %pushi/vec4 1, 0, 1;
    %store/vec4 v0x55e5efdeabe0_0, 0, 1;
    %pushi/vec4 1, 0, 1;
    %store/vec4 v0x55e5efdeb450_0, 0, 1;
    %pushi/vec4 2, 0, 3;
    %store/vec4 v0x55e5efdeb290_0, 0, 3;
    %pushi/vec4 1, 0, 4;
    %store/vec4 v0x55e5efd3b280_0, 0, 4;
    %jmp T_0.8;
T_0.5 ;
    %pushi/vec4 1, 0, 1;
    %store/vec4 v0x55e5efdeaf70_0, 0, 1;
    %pushi/vec4 1, 0, 1;
    %store/vec4 v0x55e5efdeb5d0_0, 0, 1;
    %pushi/vec4 2, 0, 2;
    %store/vec4 v0x55e5efdeb370_0, 0, 2;
    %pushi/vec4 1, 0, 1;
    %store/vec4 v0x55e5efdeb110_0, 0, 1;
    %pushi/vec4 1, 0, 1;
    %store/vec4 v0x55e5efdeb1d0_0, 0, 1;
    %pushi/vec4 4, 0, 3;
    %store/vec4 v0x55e5efdeb290_0, 0, 3;
    %pushi/vec4 0, 0, 4;
    %store/vec4 v0x55e5efd3b280_0, 0, 4;
    %jmp T_0.8;
T_0.6 ;
    %pushi/vec4 1, 0, 1;
    %store/vec4 v0x55e5efdeb5d0_0, 0, 1;
    %pushi/vec4 3, 0, 2;
    %store/vec4 v0x55e5efdeb370_0, 0, 2;
    %pushi/vec4 3, 0, 3;
    %store/vec4 v0x55e5efdeb290_0, 0, 3;
    %jmp T_0.8;
T_0.8 ;
    %pop/vec4 1;
    %jmp T_0;
    .thread T_0, $push;
    .scope S_0x55e5efda7670;
T_1 ;
    %wait E_0x55e5efd12f90;
    %load/vec4 v0x55e5efdebdc0_0;
    %dup/vec4;
    %pushi/vec4 0, 0, 3;
    %cmp/u;
    %jmp/1 T_1.0, 6;
    %dup/vec4;
    %pushi/vec4 1, 0, 3;
    %cmp/u;
    %jmp/1 T_1.1, 6;
    %dup/vec4;
    %pushi/vec4 2, 0, 3;
    %cmp/u;
    %jmp/1 T_1.2, 6;
    %dup/vec4;
    %pushi/vec4 3, 0, 3;
    %cmp/u;
    %jmp/1 T_1.3, 6;
    %dup/vec4;
    %pushi/vec4 4, 0, 3;
    %cmp/u;
    %jmp/1 T_1.4, 6;
    %pushi/vec4 0, 0, 32;
    %store/vec4 v0x55e5efdebc00_0, 0, 32;
    %jmp T_1.6;
T_1.0 ;
    %load/vec4 v0x55e5efdebd00_0;
    %parti/s 1, 31, 6;
    %replicate 20;
    %load/vec4 v0x55e5efdebd00_0;
    %parti/s 12, 20, 6;
    %concat/vec4; draw_concat_vec4
    %store/vec4 v0x55e5efdebc00_0, 0, 32;
    %jmp T_1.6;
T_1.1 ;
    %load/vec4 v0x55e5efdebd00_0;
    %parti/s 1, 31, 6;
    %replicate 20;
    %load/vec4 v0x55e5efdebd00_0;
    %parti/s 7, 25, 6;
    %concat/vec4; draw_concat_vec4
    %load/vec4 v0x55e5efdebd00_0;
    %parti/s 5, 7, 4;
    %concat/vec4; draw_concat_vec4
    %store/vec4 v0x55e5efdebc00_0, 0, 32;
    %jmp T_1.6;
T_1.2 ;
    %load/vec4 v0x55e5efdebd00_0;
    %parti/s 1, 31, 6;
    %replicate 19;
    %load/vec4 v0x55e5efdebd00_0;
    %parti/s 1, 31, 6;
    %concat/vec4; draw_concat_vec4
    %load/vec4 v0x55e5efdebd00_0;
    %parti/s 1, 7, 4;
    %concat/vec4; draw_concat_vec4
    %load/vec4 v0x55e5efdebd00_0;
    %parti/s 6, 25, 6;
    %concat/vec4; draw_concat_vec4
    %load/vec4 v0x55e5efdebd00_0;
    %parti/s 4, 8, 5;
    %concat/vec4; draw_concat_vec4
    %concati/vec4 0, 0, 1;
    %store/vec4 v0x55e5efdebc00_0, 0, 32;
    %jmp T_1.6;
T_1.3 ;
    %load/vec4 v0x55e5efdebd00_0;
    %parti/s 20, 12, 5;
    %concati/vec4 0, 0, 12;
    %store/vec4 v0x55e5efdebc00_0, 0, 32;
    %jmp T_1.6;
T_1.4 ;
    %load/vec4 v0x55e5efdebd00_0;
    %parti/s 1, 31, 6;
    %replicate 11;
    %load/vec4 v0x55e5efdebd00_0;
    %parti/s 1, 31, 6;
    %concat/vec4; draw_concat_vec4
    %load/vec4 v0x55e5efdebd00_0;
    %parti/s 8, 12, 5;
    %concat/vec4; draw_concat_vec4
    %load/vec4 v0x55e5efdebd00_0;
    %parti/s 1, 20, 6;
    %concat/vec4; draw_concat_vec4
    %load/vec4 v0x55e5efdebd00_0;
    %parti/s 10, 21, 6;
    %concat/vec4; draw_concat_vec4
    %concati/vec4 0, 0, 1;
    %store/vec4 v0x55e5efdebc00_0, 0, 32;
    %jmp T_1.6;
T_1.6 ;
    %pop/vec4 1;
    %jmp T_1;
    .thread T_1, $push;
    .scope S_0x55e5efdf3a40;
T_2 ;
    %wait E_0x55e5efdd6de0;
    %load/vec4 v0x55e5efdf5740_0;
    %nor/r;
    %flag_set/vec4 8;
    %jmp/0xz  T_2.0, 8;
    %pushi/vec4 0, 0, 32;
    %store/vec4 v0x55e5efdf52e0_0, 0, 32;
T_2.2 ;
    %load/vec4 v0x55e5efdf52e0_0;
    %cmpi/s 32, 0, 32;
    %jmp/0xz T_2.3, 5;
    %pushi/vec4 0, 0, 32;
    %ix/getv/s 3, v0x55e5efdf52e0_0;
    %ix/load 4, 0, 0; Constant delay
    %assign/vec4/a/d v0x55e5efdf56a0, 0, 4;
    %load/vec4 v0x55e5efdf52e0_0;
    %addi 1, 0, 32;
    %store/vec4 v0x55e5efdf52e0_0, 0, 32;
    %jmp T_2.2;
T_2.3 ;
    %jmp T_2.1;
T_2.0 ;
    %load/vec4 v0x55e5efdf5c20_0;
    %load/vec4 v0x55e5efdf5870_0;
    %pushi/vec4 0, 0, 5;
    %cmp/ne;
    %flag_get/vec4 4;
    %and;
    %flag_set/vec4 8;
    %jmp/0xz  T_2.4, 8;
    %load/vec4 v0x55e5efdf5b40_0;
    %load/vec4 v0x55e5efdf5870_0;
    %pad/u 7;
    %ix/vec4 3;
    %ix/load 4, 0, 0; Constant delay
    %assign/vec4/a/d v0x55e5efdf56a0, 0, 4;
T_2.4 ;
T_2.1 ;
    %jmp T_2;
    .thread T_2;
    .scope S_0x55e5efda7a20;
T_3 ;
    %wait E_0x55e5efdd6bd0;
    %pushi/vec4 0, 0, 2;
    %store/vec4 v0x55e5efdecb00_0, 0, 2;
    %pushi/vec4 0, 0, 2;
    %store/vec4 v0x55e5efdecbe0_0, 0, 2;
    %pushi/vec4 0, 0, 1;
    %store/vec4 v0x55e5efdecfe0_0, 0, 1;
    %pushi/vec4 0, 0, 1;
    %store/vec4 v0x55e5efdec8f0_0, 0, 1;
    %pushi/vec4 0, 0, 1;
    %store/vec4 v0x55e5efdeca40_0, 0, 1;
    %load/vec4 v0x55e5efdecf20_0;
    %load/vec4 v0x55e5efdece40_0;
    %pushi/vec4 0, 0, 5;
    %cmp/ne;
    %flag_get/vec4 4;
    %and;
    %load/vec4 v0x55e5efdece40_0;
    %load/vec4 v0x55e5efdec730_0;
    %cmp/e;
    %flag_get/vec4 4;
    %and;
    %flag_set/vec4 8;
    %jmp/0xz  T_3.0, 8;
    %pushi/vec4 2, 0, 2;
    %store/vec4 v0x55e5efdecb00_0, 0, 2;
T_3.0 ;
    %load/vec4 v0x55e5efdecf20_0;
    %load/vec4 v0x55e5efdece40_0;
    %pushi/vec4 0, 0, 5;
    %cmp/ne;
    %flag_get/vec4 4;
    %and;
    %load/vec4 v0x55e5efdece40_0;
    %load/vec4 v0x55e5efdec810_0;
    %cmp/e;
    %flag_get/vec4 4;
    %and;
    %flag_set/vec4 8;
    %jmp/0xz  T_3.2, 8;
    %pushi/vec4 2, 0, 2;
    %store/vec4 v0x55e5efdecbe0_0, 0, 2;
T_3.2 ;
    %load/vec4 v0x55e5efded290_0;
    %load/vec4 v0x55e5efded1b0_0;
    %pushi/vec4 0, 0, 5;
    %cmp/ne;
    %flag_get/vec4 4;
    %and;
    %load/vec4 v0x55e5efded1b0_0;
    %load/vec4 v0x55e5efdec730_0;
    %cmp/e;
    %flag_get/vec4 4;
    %and;
    %load/vec4 v0x55e5efdecb00_0;
    %pushi/vec4 0, 0, 2;
    %cmp/e;
    %flag_get/vec4 4;
    %and;
    %flag_set/vec4 8;
    %jmp/0xz  T_3.4, 8;
    %pushi/vec4 1, 0, 2;
    %store/vec4 v0x55e5efdecb00_0, 0, 2;
T_3.4 ;
    %load/vec4 v0x55e5efded290_0;
    %load/vec4 v0x55e5efded1b0_0;
    %pushi/vec4 0, 0, 5;
    %cmp/ne;
    %flag_get/vec4 4;
    %and;
    %load/vec4 v0x55e5efded1b0_0;
    %load/vec4 v0x55e5efdec810_0;
    %cmp/e;
    %flag_get/vec4 4;
    %and;
    %load/vec4 v0x55e5efdecbe0_0;
    %pushi/vec4 0, 0, 2;
    %cmp/e;
    %flag_get/vec4 4;
    %and;
    %flag_set/vec4 8;
    %jmp/0xz  T_3.6, 8;
    %pushi/vec4 1, 0, 2;
    %store/vec4 v0x55e5efdecbe0_0, 0, 2;
T_3.6 ;
    %load/vec4 v0x55e5efdec560_0;
    %load/vec4 v0x55e5efdec650_0;
    %pushi/vec4 0, 0, 5;
    %cmp/ne;
    %flag_get/vec4 4;
    %and;
    %load/vec4 v0x55e5efdec650_0;
    %load/vec4 v0x55e5efdec2c0_0;
    %cmp/e;
    %flag_get/vec4 4;
    %load/vec4 v0x55e5efdec490_0;
    %load/vec4 v0x55e5efdec650_0;
    %load/vec4 v0x55e5efdec3a0_0;
    %cmp/e;
    %flag_get/vec4 4;
    %and;
    %or;
    %and;
    %flag_set/vec4 8;
    %jmp/0xz  T_3.8, 8;
    %pushi/vec4 1, 0, 1;
    %store/vec4 v0x55e5efdecfe0_0, 0, 1;
    %pushi/vec4 0, 0, 1;
    %store/vec4 v0x55e5efdeca40_0, 0, 1;
T_3.8 ;
    %load/vec4 v0x55e5efdec1e0_0;
    %flag_set/vec4 8;
    %load/vec4 v0x55e5efdeccc0_0;
    %flag_set/vec4 9;
    %flag_or 9, 8;
    %jmp/0xz  T_3.10, 9;
    %pushi/vec4 1, 0, 1;
    %store/vec4 v0x55e5efdec8f0_0, 0, 1;
    %pushi/vec4 1, 0, 1;
    %store/vec4 v0x55e5efdeca40_0, 0, 1;
T_3.10 ;
    %jmp T_3;
    .thread T_3, $push;
    .scope S_0x55e5efded650;
T_4 ;
    %wait E_0x55e5efdd6de0;
    %load/vec4 v0x55e5efdee090_0;
    %nor/r;
    %flag_set/vec4 8;
    %jmp/0xz  T_4.0, 8;
    %pushi/vec4 0, 0, 32;
    %assign/vec4 v0x55e5efdedbb0_0, 0;
    %pushi/vec4 0, 0, 32;
    %assign/vec4 v0x55e5efdeddf0_0, 0;
    %pushi/vec4 0, 0, 32;
    %assign/vec4 v0x55e5efdedfb0_0, 0;
    %jmp T_4.1;
T_4.0 ;
    %load/vec4 v0x55e5efded9b0_0;
    %flag_set/vec4 8;
    %jmp/0xz  T_4.2, 8;
    %pushi/vec4 0, 0, 32;
    %assign/vec4 v0x55e5efdedbb0_0, 0;
    %pushi/vec4 0, 0, 32;
    %assign/vec4 v0x55e5efdeddf0_0, 0;
    %pushi/vec4 0, 0, 32;
    %assign/vec4 v0x55e5efdedfb0_0, 0;
    %jmp T_4.3;
T_4.2 ;
    %load/vec4 v0x55e5efdeda70_0;
    %flag_set/vec4 8;
    %jmp/0xz  T_4.4, 8;
    %load/vec4 v0x55e5efdedb10_0;
    %assign/vec4 v0x55e5efdedbb0_0, 0;
    %load/vec4 v0x55e5efdedd10_0;
    %assign/vec4 v0x55e5efdeddf0_0, 0;
    %load/vec4 v0x55e5efdeded0_0;
    %assign/vec4 v0x55e5efdedfb0_0, 0;
T_4.4 ;
T_4.3 ;
T_4.1 ;
    %jmp T_4;
    .thread T_4;
    .scope S_0x55e5efdee2f0;
T_5 ;
    %wait E_0x55e5efdd6de0;
    %load/vec4 v0x55e5efdefea0_0;
    %nor/r;
    %flag_set/vec4 8;
    %jmp/0xz  T_5.0, 8;
    %pushi/vec4 0, 0, 32;
    %assign/vec4 v0x55e5efdeef80_0, 0;
    %pushi/vec4 0, 0, 32;
    %assign/vec4 v0x55e5efdef2b0_0, 0;
    %pushi/vec4 0, 0, 32;
    %assign/vec4 v0x55e5efdef440_0, 0;
    %pushi/vec4 0, 0, 32;
    %assign/vec4 v0x55e5efdeedb0_0, 0;
    %pushi/vec4 0, 0, 32;
    %assign/vec4 v0x55e5efdef6f0_0, 0;
    %pushi/vec4 0, 0, 32;
    %assign/vec4 v0x55e5efdef8b0_0, 0;
    %pushi/vec4 0, 0, 5;
    %assign/vec4 v0x55e5efdefc30_0, 0;
    %pushi/vec4 0, 0, 5;
    %assign/vec4 v0x55e5efdefdd0_0, 0;
    %pushi/vec4 0, 0, 5;
    %assign/vec4 v0x55e5efdefa70_0, 0;
    %pushi/vec4 0, 0, 1;
    %assign/vec4 v0x55e5efdf0810_0, 0;
    %pushi/vec4 0, 0, 1;
    %assign/vec4 v0x55e5efdf06a0_0, 0;
    %pushi/vec4 0, 0, 2;
    %assign/vec4 v0x55e5efdf0320_0, 0;
    %pushi/vec4 0, 0, 4;
    %assign/vec4 v0x55e5efdee8e0_0, 0;
    %pushi/vec4 0, 0, 1;
    %assign/vec4 v0x55e5efdf0040_0, 0;
    %pushi/vec4 0, 0, 1;
    %assign/vec4 v0x55e5efdf01b0_0, 0;
    %pushi/vec4 0, 0, 1;
    %assign/vec4 v0x55e5efdeea80_0, 0;
    %pushi/vec4 0, 0, 1;
    %assign/vec4 v0x55e5efdef110_0, 0;
    %jmp T_5.1;
T_5.0 ;
    %load/vec4 v0x55e5efdeec10_0;
    %flag_set/vec4 8;
    %jmp/0xz  T_5.2, 8;
    %pushi/vec4 0, 0, 32;
    %assign/vec4 v0x55e5efdeef80_0, 0;
    %pushi/vec4 0, 0, 32;
    %assign/vec4 v0x55e5efdef2b0_0, 0;
    %pushi/vec4 0, 0, 32;
    %assign/vec4 v0x55e5efdef440_0, 0;
    %pushi/vec4 0, 0, 32;
    %assign/vec4 v0x55e5efdeedb0_0, 0;
    %pushi/vec4 0, 0, 32;
    %assign/vec4 v0x55e5efdef6f0_0, 0;
    %pushi/vec4 0, 0, 32;
    %assign/vec4 v0x55e5efdef8b0_0, 0;
    %pushi/vec4 0, 0, 5;
    %assign/vec4 v0x55e5efdefc30_0, 0;
    %pushi/vec4 0, 0, 5;
    %assign/vec4 v0x55e5efdefdd0_0, 0;
    %pushi/vec4 0, 0, 5;
    %assign/vec4 v0x55e5efdefa70_0, 0;
    %pushi/vec4 0, 0, 1;
    %assign/vec4 v0x55e5efdf0810_0, 0;
    %pushi/vec4 0, 0, 1;
    %assign/vec4 v0x55e5efdf06a0_0, 0;
    %pushi/vec4 0, 0, 2;
    %assign/vec4 v0x55e5efdf0320_0, 0;
    %pushi/vec4 0, 0, 4;
    %assign/vec4 v0x55e5efdee8e0_0, 0;
    %pushi/vec4 0, 0, 1;
    %assign/vec4 v0x55e5efdf0040_0, 0;
    %pushi/vec4 0, 0, 1;
    %assign/vec4 v0x55e5efdf01b0_0, 0;
    %pushi/vec4 0, 0, 1;
    %assign/vec4 v0x55e5efdeea80_0, 0;
    %pushi/vec4 0, 0, 1;
    %assign/vec4 v0x55e5efdef110_0, 0;
    %jmp T_5.3;
T_5.2 ;
    %load/vec4 v0x55e5efdeee50_0;
    %assign/vec4 v0x55e5efdeef80_0, 0;
    %load/vec4 v0x55e5efdef1e0_0;
    %assign/vec4 v0x55e5efdef2b0_0, 0;
    %load/vec4 v0x55e5efdef350_0;
    %assign/vec4 v0x55e5efdef440_0, 0;
    %load/vec4 v0x55e5efdeece0_0;
    %assign/vec4 v0x55e5efdeedb0_0, 0;
    %load/vec4 v0x55e5efdef500_0;
    %assign/vec4 v0x55e5efdef6f0_0, 0;
    %load/vec4 v0x55e5efdef7d0_0;
    %assign/vec4 v0x55e5efdef8b0_0, 0;
    %load/vec4 v0x55e5efdefb60_0;
    %assign/vec4 v0x55e5efdefc30_0, 0;
    %load/vec4 v0x55e5efdefd00_0;
    %assign/vec4 v0x55e5efdefdd0_0, 0;
    %load/vec4 v0x55e5efdef990_0;
    %assign/vec4 v0x55e5efdefa70_0, 0;
    %load/vec4 v0x55e5efdf0740_0;
    %assign/vec4 v0x55e5efdf0810_0, 0;
    %load/vec4 v0x55e5efdf05d0_0;
    %assign/vec4 v0x55e5efdf06a0_0, 0;
    %load/vec4 v0x55e5efdf0250_0;
    %assign/vec4 v0x55e5efdf0320_0, 0;
    %load/vec4 v0x55e5efdee800_0;
    %assign/vec4 v0x55e5efdee8e0_0, 0;
    %load/vec4 v0x55e5efdeff70_0;
    %assign/vec4 v0x55e5efdf0040_0, 0;
    %load/vec4 v0x55e5efdf00e0_0;
    %assign/vec4 v0x55e5efdf01b0_0, 0;
    %load/vec4 v0x55e5efdee980_0;
    %assign/vec4 v0x55e5efdeea80_0, 0;
    %load/vec4 v0x55e5efdef040_0;
    %assign/vec4 v0x55e5efdef110_0, 0;
T_5.3 ;
T_5.1 ;
    %jmp T_5;
    .thread T_5;
    .scope S_0x55e5efda5be0;
T_6 ;
    %wait E_0x55e5efd4b950;
    %load/vec4 v0x55e5efdd5e70_0;
    %dup/vec4;
    %pushi/vec4 0, 0, 4;
    %cmp/u;
    %jmp/1 T_6.0, 6;
    %dup/vec4;
    %pushi/vec4 1, 0, 4;
    %cmp/u;
    %jmp/1 T_6.1, 6;
    %dup/vec4;
    %pushi/vec4 2, 0, 4;
    %cmp/u;
    %jmp/1 T_6.2, 6;
    %dup/vec4;
    %pushi/vec4 3, 0, 4;
    %cmp/u;
    %jmp/1 T_6.3, 6;
    %dup/vec4;
    %pushi/vec4 4, 0, 4;
    %cmp/u;
    %jmp/1 T_6.4, 6;
    %dup/vec4;
    %pushi/vec4 5, 0, 4;
    %cmp/u;
    %jmp/1 T_6.5, 6;
    %dup/vec4;
    %pushi/vec4 6, 0, 4;
    %cmp/u;
    %jmp/1 T_6.6, 6;
    %dup/vec4;
    %pushi/vec4 7, 0, 4;
    %cmp/u;
    %jmp/1 T_6.7, 6;
    %dup/vec4;
    %pushi/vec4 8, 0, 4;
    %cmp/u;
    %jmp/1 T_6.8, 6;
    %dup/vec4;
    %pushi/vec4 9, 0, 4;
    %cmp/u;
    %jmp/1 T_6.9, 6;
    %pushi/vec4 0, 0, 32;
    %store/vec4 v0x55e5efdc4fc0_0, 0, 32;
    %jmp T_6.11;
T_6.0 ;
    %load/vec4 v0x55e5efdb96c0_0;
    %load/vec4 v0x55e5efdd4230_0;
    %add;
    %store/vec4 v0x55e5efdc4fc0_0, 0, 32;
    %jmp T_6.11;
T_6.1 ;
    %load/vec4 v0x55e5efdb96c0_0;
    %load/vec4 v0x55e5efdd4230_0;
    %sub;
    %store/vec4 v0x55e5efdc4fc0_0, 0, 32;
    %jmp T_6.11;
T_6.2 ;
    %load/vec4 v0x55e5efdb96c0_0;
    %load/vec4 v0x55e5efdd4230_0;
    %and;
    %store/vec4 v0x55e5efdc4fc0_0, 0, 32;
    %jmp T_6.11;
T_6.3 ;
    %load/vec4 v0x55e5efdb96c0_0;
    %load/vec4 v0x55e5efdd4230_0;
    %or;
    %store/vec4 v0x55e5efdc4fc0_0, 0, 32;
    %jmp T_6.11;
T_6.4 ;
    %load/vec4 v0x55e5efdb96c0_0;
    %load/vec4 v0x55e5efdd4230_0;
    %xor;
    %store/vec4 v0x55e5efdc4fc0_0, 0, 32;
    %jmp T_6.11;
T_6.5 ;
    %load/vec4 v0x55e5efdb96c0_0;
    %load/vec4 v0x55e5efdd4230_0;
    %parti/s 5, 0, 2;
    %ix/vec4 4;
    %shiftl 4;
    %store/vec4 v0x55e5efdc4fc0_0, 0, 32;
    %jmp T_6.11;
T_6.6 ;
    %load/vec4 v0x55e5efdb96c0_0;
    %load/vec4 v0x55e5efdd4230_0;
    %parti/s 5, 0, 2;
    %ix/vec4 4;
    %shiftr 4;
    %store/vec4 v0x55e5efdc4fc0_0, 0, 32;
    %jmp T_6.11;
T_6.7 ;
    %load/vec4 v0x55e5efdb96c0_0;
    %load/vec4 v0x55e5efdd4230_0;
    %parti/s 5, 0, 2;
    %ix/vec4 4;
    %shiftr/s 4;
    %store/vec4 v0x55e5efdc4fc0_0, 0, 32;
    %jmp T_6.11;
T_6.8 ;
    %load/vec4 v0x55e5efdb96c0_0;
    %load/vec4 v0x55e5efdd4230_0;
    %cmp/s;
    %flag_mov 8, 5;
    %jmp/0 T_6.12, 8;
    %pushi/vec4 1, 0, 32;
    %jmp/1 T_6.13, 8;
T_6.12 ; End of true expr.
    %pushi/vec4 0, 0, 32;
    %jmp/0 T_6.13, 8;
 ; End of false expr.
    %blend;
T_6.13;
    %store/vec4 v0x55e5efdc4fc0_0, 0, 32;
    %jmp T_6.11;
T_6.9 ;
    %load/vec4 v0x55e5efdb96c0_0;
    %load/vec4 v0x55e5efdd4230_0;
    %cmp/u;
    %flag_mov 8, 5;
    %jmp/0 T_6.14, 8;
    %pushi/vec4 1, 0, 32;
    %jmp/1 T_6.15, 8;
T_6.14 ; End of true expr.
    %pushi/vec4 0, 0, 32;
    %jmp/0 T_6.15, 8;
 ; End of false expr.
    %blend;
T_6.15;
    %store/vec4 v0x55e5efdc4fc0_0, 0, 32;
    %jmp T_6.11;
T_6.11 ;
    %pop/vec4 1;
    %jmp T_6;
    .thread T_6, $push;
    .scope S_0x55e5efdf0d50;
T_7 ;
    %wait E_0x55e5efdd6de0;
    %load/vec4 v0x55e5efdf1be0_0;
    %nor/r;
    %flag_set/vec4 8;
    %jmp/0xz  T_7.0, 8;
    %pushi/vec4 0, 0, 32;
    %assign/vec4 v0x55e5efdf17f0_0, 0;
    %pushi/vec4 0, 0, 32;
    %assign/vec4 v0x55e5efdf11e0_0, 0;
    %pushi/vec4 0, 0, 32;
    %assign/vec4 v0x55e5efdf1480_0, 0;
    %pushi/vec4 0, 0, 32;
    %assign/vec4 v0x55e5efdf19a0_0, 0;
    %pushi/vec4 0, 0, 32;
    %assign/vec4 v0x55e5efdf1670_0, 0;
    %pushi/vec4 0, 0, 5;
    %assign/vec4 v0x55e5efdf1b20_0, 0;
    %pushi/vec4 0, 0, 1;
    %assign/vec4 v0x55e5efdf2070_0, 0;
    %pushi/vec4 0, 0, 1;
    %assign/vec4 v0x55e5efdf1f00_0, 0;
    %pushi/vec4 0, 0, 2;
    %assign/vec4 v0x55e5efdf1d70_0, 0;
    %jmp T_7.1;
T_7.0 ;
    %load/vec4 v0x55e5efdf1730_0;
    %assign/vec4 v0x55e5efdf17f0_0, 0;
    %load/vec4 v0x55e5efdf10d0_0;
    %assign/vec4 v0x55e5efdf11e0_0, 0;
    %load/vec4 v0x55e5efdf13c0_0;
    %assign/vec4 v0x55e5efdf1480_0, 0;
    %load/vec4 v0x55e5efdf18b0_0;
    %assign/vec4 v0x55e5efdf19a0_0, 0;
    %load/vec4 v0x55e5efdf15b0_0;
    %assign/vec4 v0x55e5efdf1670_0, 0;
    %load/vec4 v0x55e5efdf1a60_0;
    %assign/vec4 v0x55e5efdf1b20_0, 0;
    %load/vec4 v0x55e5efdf1fa0_0;
    %assign/vec4 v0x55e5efdf2070_0, 0;
    %load/vec4 v0x55e5efdf1e30_0;
    %assign/vec4 v0x55e5efdf1f00_0, 0;
    %load/vec4 v0x55e5efdf1cd0_0;
    %assign/vec4 v0x55e5efdf1d70_0, 0;
T_7.1 ;
    %jmp T_7;
    .thread T_7;
    .scope S_0x55e5efdf2380;
T_8 ;
    %wait E_0x55e5efdd6de0;
    %load/vec4 v0x55e5efdf32b0_0;
    %nor/r;
    %flag_set/vec4 8;
    %jmp/0xz  T_8.0, 8;
    %pushi/vec4 0, 0, 32;
    %assign/vec4 v0x55e5efdf2ec0_0, 0;
    %pushi/vec4 0, 0, 32;
    %assign/vec4 v0x55e5efdf28d0_0, 0;
    %pushi/vec4 0, 0, 32;
    %assign/vec4 v0x55e5efdf2b20_0, 0;
    %pushi/vec4 0, 0, 32;
    %assign/vec4 v0x55e5efdf3070_0, 0;
    %pushi/vec4 0, 0, 32;
    %assign/vec4 v0x55e5efdf2d10_0, 0;
    %pushi/vec4 0, 0, 5;
    %assign/vec4 v0x55e5efdf31f0_0, 0;
    %pushi/vec4 0, 0, 1;
    %assign/vec4 v0x55e5efdf36e0_0, 0;
    %pushi/vec4 0, 0, 2;
    %assign/vec4 v0x55e5efdf3420_0, 0;
    %jmp T_8.1;
T_8.0 ;
    %load/vec4 v0x55e5efdf2dd0_0;
    %assign/vec4 v0x55e5efdf2ec0_0, 0;
    %load/vec4 v0x55e5efdf27c0_0;
    %assign/vec4 v0x55e5efdf28d0_0, 0;
    %load/vec4 v0x55e5efdf2a60_0;
    %assign/vec4 v0x55e5efdf2b20_0, 0;
    %load/vec4 v0x55e5efdf2f80_0;
    %assign/vec4 v0x55e5efdf3070_0, 0;
    %load/vec4 v0x55e5efdf2c50_0;
    %assign/vec4 v0x55e5efdf2d10_0, 0;
    %load/vec4 v0x55e5efdf3130_0;
    %assign/vec4 v0x55e5efdf31f0_0, 0;
    %load/vec4 v0x55e5efdf34e0_0;
    %assign/vec4 v0x55e5efdf36e0_0, 0;
    %load/vec4 v0x55e5efdf3350_0;
    %assign/vec4 v0x55e5efdf3420_0, 0;
T_8.1 ;
    %jmp T_8;
    .thread T_8;
    .scope S_0x55e5efda7da0;
T_9 ;
    %wait E_0x55e5efdd6de0;
    %load/vec4 v0x55e5efdfd6d0_0;
    %nor/r;
    %flag_set/vec4 8;
    %jmp/0xz  T_9.0, 8;
    %pushi/vec4 0, 0, 32;
    %assign/vec4 v0x55e5efdfcac0_0, 0;
    %jmp T_9.1;
T_9.0 ;
    %load/vec4 v0x55e5efdfd770_0;
    %nor/r;
    %flag_set/vec4 8;
    %jmp/0xz  T_9.2, 8;
    %load/vec4 v0x55e5efdfcb60_0;
    %assign/vec4 v0x55e5efdfcac0_0, 0;
T_9.2 ;
T_9.1 ;
    %jmp T_9;
    .thread T_9;
# The file index is used to find the file name in the following table.
:file_names 12;
    "N/A";
    "<interactive>";
    "/home/mistryu/Documents/TUM/DHL/vivado/Final_project/Hardware_design/IPs/RISC-V_core_pipelined/src/rv_pl.v";
    "./alu.v";
    "./decoder.v";
    "./sign_ext.v";
    "./hazard_unit.v";
    "./plr1.v";
    "./plr2.v";
    "./plr3.v";
    "./plr4.v";
    "./reg_file.v";
